Archive member included to satisfy reference by file (symbol)

C:\Users\yukta\AppData\Local\Temp\arduino-sketch-2804EADBC04C3C518E01F5BDEFDB659E/..\arduino-core-cache\core_58a14c0cca738d40f9904778e75cae82.a(SerialUSB.cpp.o)
                              C:\Users\yukta\AppData\Local\Temp\arduino-sketch-2804EADBC04C3C518E01F5BDEFDB659E\sketch\pico print.ino.cpp.o (_ZN9SerialUSB5beginEm)
C:\Users\yukta\AppData\Local\Temp\arduino-sketch-2804EADBC04C3C518E01F5BDEFDB659E/..\arduino-core-cache\core_58a14c0cca738d40f9904778e75cae82.a(Print.cpp.o)
                              C:\Users\yukta\AppData\Local\Temp\arduino-sketch-2804EADBC04C3C518E01F5BDEFDB659E\sketch\pico print.ino.cpp.o (_ZN7arduino5Print7printlnEPKc)
C:\Users\yukta\AppData\Local\Temp\arduino-sketch-2804EADBC04C3C518E01F5BDEFDB659E/..\arduino-core-cache\core_58a14c0cca738d40f9904778e75cae82.a(main.cpp.o)
                              c:/users/yukta/appdata/local/arduino15/packages/rp2040/tools/pqt-gcc/1.4.0-c-0196c06/bin/../lib/gcc/arm-none-eabi/10.3.0/../../../../arm-none-eabi/lib/thumb/crt0.o (main)
C:\Users\yukta\AppData\Local\Temp\arduino-sketch-2804EADBC04C3C518E01F5BDEFDB659E/..\arduino-core-cache\core_58a14c0cca738d40f9904778e75cae82.a(wiring_private.cpp.o)
                              C:\Users\yukta\AppData\Local\Temp\arduino-sketch-2804EADBC04C3C518E01F5BDEFDB659E/..\arduino-core-cache\core_58a14c0cca738d40f9904778e75cae82.a(main.cpp.o) (interrupts)
C:\Users\yukta\AppData\Local\Temp\arduino-sketch-2804EADBC04C3C518E01F5BDEFDB659E/..\arduino-core-cache\core_58a14c0cca738d40f9904778e75cae82.a(RP2040USB.cpp.o)
                              C:\Users\yukta\AppData\Local\Temp\arduino-sketch-2804EADBC04C3C518E01F5BDEFDB659E/..\arduino-core-cache\core_58a14c0cca738d40f9904778e75cae82.a(main.cpp.o) (_Z10__USBStartv)
C:\Users\yukta\AppData\Local\Temp\arduino-sketch-2804EADBC04C3C518E01F5BDEFDB659E/..\arduino-core-cache\core_58a14c0cca738d40f9904778e75cae82.a(delay.cpp.o)
                              C:\Users\yukta\AppData\Local\Temp\arduino-sketch-2804EADBC04C3C518E01F5BDEFDB659E/..\arduino-core-cache\core_58a14c0cca738d40f9904778e75cae82.a(main.cpp.o) (delay)
C:\Users\yukta\AppData\Local\Arduino15\packages\rp2040\hardware\rp2040\2.4.0/lib/libpico.a(sync.c.obj)
                              C:\Users\yukta\AppData\Local\Temp\arduino-sketch-2804EADBC04C3C518E01F5BDEFDB659E/..\arduino-core-cache\core_58a14c0cca738d40f9904778e75cae82.a(main.cpp.o) (next_striped_spin_lock_num)
C:\Users\yukta\AppData\Local\Arduino15\packages\rp2040\hardware\rp2040\2.4.0/lib/libpico.a(gpio.c.obj)
                              C:\Users\yukta\AppData\Local\Temp\arduino-sketch-2804EADBC04C3C518E01F5BDEFDB659E/..\arduino-core-cache\core_58a14c0cca738d40f9904778e75cae82.a(wiring_private.cpp.o) (gpio_set_irq_enabled)
C:\Users\yukta\AppData\Local\Arduino15\packages\rp2040\hardware\rp2040\2.4.0/lib/libpico.a(irq.c.obj)
                              C:\Users\yukta\AppData\Local\Temp\arduino-sketch-2804EADBC04C3C518E01F5BDEFDB659E/..\arduino-core-cache\core_58a14c0cca738d40f9904778e75cae82.a(main.cpp.o) (irq_set_enabled)
C:\Users\yukta\AppData\Local\Arduino15\packages\rp2040\hardware\rp2040\2.4.0/lib/libpico.a(irq_handler_chain.S.obj)
                              C:\Users\yukta\AppData\Local\Arduino15\packages\rp2040\hardware\rp2040\2.4.0/lib/libpico.a(irq.c.obj) (irq_handler_chain_slots)
C:\Users\yukta\AppData\Local\Arduino15\packages\rp2040\hardware\rp2040\2.4.0/lib/libpico.a(time.c.obj)
                              C:\Users\yukta\AppData\Local\Temp\arduino-sketch-2804EADBC04C3C518E01F5BDEFDB659E/..\arduino-core-cache\core_58a14c0cca738d40f9904778e75cae82.a(RP2040USB.cpp.o) (alarm_pool_get_default)
C:\Users\yukta\AppData\Local\Arduino15\packages\rp2040\hardware\rp2040\2.4.0/lib/libpico.a(timer.c.obj)
                              C:\Users\yukta\AppData\Local\Arduino15\packages\rp2040\hardware\rp2040\2.4.0/lib/libpico.a(time.c.obj) (hardware_alarm_claim)
C:\Users\yukta\AppData\Local\Arduino15\packages\rp2040\hardware\rp2040\2.4.0/lib/libpico.a(pheap.c.obj)
                              C:\Users\yukta\AppData\Local\Arduino15\packages\rp2040\hardware\rp2040\2.4.0/lib/libpico.a(time.c.obj) (ph_post_alloc_init)
C:\Users\yukta\AppData\Local\Arduino15\packages\rp2040\hardware\rp2040\2.4.0/lib/libpico.a(queue.c.obj)
                              C:\Users\yukta\AppData\Local\Temp\arduino-sketch-2804EADBC04C3C518E01F5BDEFDB659E/..\arduino-core-cache\core_58a14c0cca738d40f9904778e75cae82.a(main.cpp.o) (queue_init_with_spinlock)
C:\Users\yukta\AppData\Local\Arduino15\packages\rp2040\hardware\rp2040\2.4.0/lib/libpico.a(mutex.c.obj)
                              C:\Users\yukta\AppData\Local\Temp\arduino-sketch-2804EADBC04C3C518E01F5BDEFDB659E/..\arduino-core-cache\core_58a14c0cca738d40f9904778e75cae82.a(main.cpp.o) (mutex_init)
C:\Users\yukta\AppData\Local\Arduino15\packages\rp2040\hardware\rp2040\2.4.0/lib/libpico.a(exception.c.obj)
[...]
Memory Configuration

Name             Origin             Length             Attributes
FLASH            0x10000000         0x001ff000         xr
RAM              0x20000000         0x00040000         xrw
SCRATCH_X        0x20040000         0x00001000         xrw
SCRATCH_Y        0x20041000         0x00001000         xrw
*default*        0x00000000         0xffffffff

Linker script and memory map

LOAD c:/users/yukta/appdata/local/arduino15/packages/rp2040/tools/pqt-gcc/1.4.0-c-0196c06/bin/../lib/gcc/arm-none-eabi/10.3.0/thumb/crti.o
LOAD c:/users/yukta/appdata/local/arduino15/packages/rp2040/tools/pqt-gcc/1.4.0-c-0196c06/bin/../lib/gcc/arm-none-eabi/10.3.0/thumb/crtbegin.o
LOAD c:/users/yukta/appdata/local/arduino15/packages/rp2040/tools/pqt-gcc/1.4.0-c-0196c06/bin/../lib/gcc/arm-none-eabi/10.3.0/../../../../arm-none-eabi/lib/thumb/crt0.o
                [!provide]                PROVIDE (_EEPROM_start = 0x101ff000)
                [!provide]                PROVIDE (_FS_start = 0x101ff000)
                [!provide]                PROVIDE (_FS_end = 0x101ff000)

.flash_begin    0x10000000        0x0
                0x10000000                __flash_binary_start = .

.boot2          0x10000000      0x100
                0x10000000                __boot2_start__ = .
 *(.boot2)
 .boot2         0x10000000      0x100 C:\Users\yukta\AppData\Local\Temp\arduino-sketch-2804EADBC04C3C518E01F5BDEFDB659E/boot2.o
                0x10000100                __boot2_end__ = .
                0x00000001                ASSERT (((__boot2_end__ - __boot2_start__) == 0x100), ERROR: Pico second stage bootloader must be 256 bytes in size)

.ota            0x10000100     0x26ac
 *(.OTA)
 .OTA           0x10000100     0x26ac C:\Users\yukta\AppData\Local\Arduino15\packages\rp2040\hardware\rp2040\2.4.0/lib/ota.o
                0x10000100                _binary_ota_bin_start
                0x100027ac                _binary_ota_bin_end

.partition      0x100027ac      0x854
                0x10002ff0                . = (__flash_binary_start + 0x2ff0)
 *fill*         0x100027ac      0x844 
                0x10002ff0        0x4 LONG 0x101ff000
                0x10002ff4        0x4 LONG 0x101ff000
                0x10002ff8        0x4 LONG 0x101ff000
                0x10002ffc        0x4 LONG 0x1ff000

.text           0x10003000     0xbc60
                0x10003000                __logical_binary_start = .
 *(.vectors)
 .vectors       0x10003000       0xd4 C:\Users\yukta\AppData\Local\Arduino15\packages\rp2040\hardware\rp2040\2.4.0/lib/libpico.a(crt0.S.obj)
                0x10003000                __VECTOR_TABLE
                0x10003000                __vectors
                0x100030c0                isr_invalid
                0x100030c0                __default_isrs_start
                0x100030c2                isr_nmi
                0x100030c4                isr_hardfault
                0x100030c6                isr_svcall
                0x100030c8                isr_pendsv
                0x100030ca                isr_systick
                0x100030cc                isr_irq23
                0x100030cc                isr_irq18
                0x100030cc                isr_irq11
                0x100030cc                isr_irq28
                0x100030cc                isr_irq19
                0x100030cc                isr_irq0
                0x100030cc                isr_irq6
                0x100030cc                isr_irq5
                0x100030cc                isr_irq12
                0x100030cc                isr_irq22
                0x100030cc                isr_irq31
                0x100030cc                isr_irq17
                0x100030cc                isr_irq27
                0x100030cc                isr_irq30
                0x100030cc                isr_irq2
                0x100030cc                isr_irq10
                0x100030cc                isr_irq8
                0x100030cc                isr_irq24
                0x100030cc                isr_irq1
                0x100030cc                isr_irq7
                0x100030cc                isr_irq21
                0x100030cc                isr_irq20
                0x100030cc                isr_irq15
                0x100030cc                isr_irq25
                0x100030cc                isr_irq13
                0x100030cc                __unhandled_user_irq
                0x100030cc                isr_irq4
                0x100030cc                isr_irq16
                0x100030cc                isr_irq29
                0x100030cc                isr_irq26
                0x100030cc                __default_isrs_end
                0x100030cc                isr_irq3
                0x100030cc                isr_irq14
                0x100030cc                isr_irq9
                0x100030d2                unhandled_user_irq_num_in_r0
 *(.binary_info_header)
 .binary_info_header
                0x100030d4       0x14 C:\Users\yukta\AppData\Local\Arduino15\packages\rp2040\hardware\rp2040\2.4.0/lib/libpico.a(crt0.S.obj)
                0x100030e8                __binary_info_header_end = .
 *(.reset)
 .reset         0x100030e8       0xa8 C:\Users\yukta\AppData\Local\Arduino15\packages\rp2040\hardware\rp2040\2.4.0/lib/libpico.a(crt0.S.obj)
                0x100030e8                _entry_point
                0x10003166                __get_current_exception
 *(.init)
 .init          0x10003190        0x4 c:/users/yukta/appdata/local/arduino15/packages/rp2040/tools/pqt-gcc/1.4.0-c-0196c06/bin/../lib/gcc/arm-none-eabi/10.3.0/thumb/crti.o
                0x10003190                _init
 *(EXCLUDE_FILE(*libm.a: *libc.a:*lib_a-mem*.o *libgcc.a:) .text*)
 .text          0x10003194       0x98 c:/users/yukta/appdata/local/arduino15/packages/rp2040/tools/pqt-gcc/1.4.0-c-0196c06/bin/../lib/gcc/arm-none-eabi/10.3.0/thumb/crtbegin.o
 .text.loop     0x1000322c       0x1c C:\Users\yukta\AppData\Local\Temp\arduino-sketch-2804EADBC04C3C518E01F5BDEFDB659E\sketch\pico print.ino.cpp.o
                0x1000322c                loop
 .text.setup    0x10003248       0x14 C:\Users\yukta\AppData\Local\Temp\arduino-sketch-2804EADBC04C3C518E01F5BDEFDB659E\sketch\pico print.ino.cpp.o
                0x10003248                setup
 .text._ZN9SerialUSB5beginEmt
                0x1000325c        0xa C:\Users\yukta\AppData\Local\Temp\arduino-sketch-2804EADBC04C3C518E01F5BDEFDB659E/..\arduino-core-cache\core_58a14c0cca738d40f9904778e75cae82.a(SerialUSB.cpp.o)
                0x1000325c                _ZN9SerialUSB5beginEmt
 .text._ZN9SerialUSB5beginEm
                0x10003266        0xc C:\Users\yukta\AppData\Local\Temp\arduino-sketch-2804EADBC04C3C518E01F5BDEFDB659E/..\arduino-core-cache\core_58a14c0cca738d40f9904778e75cae82.a(SerialUSB.cpp.o)
                0x10003266                _ZN9SerialUSB5beginEm
 .text._ZN9SerialUSB3endEv
                0x10003272        0x2 C:\Users\yukta\AppData\Local\Temp\arduino-sketch-2804EADBC04C3C518E01F5BDEFDB659E/..\arduino-core-cache\core_58a14c0cca738d40f9904778e75cae82.a(SerialUSB.cpp.o)
                0x10003272                _ZN9SerialUSB3endEv
 .text._ZN9SerialUSB5writeEh
                0x10003274       0x14 C:\Users\yukta\AppData\Local\Temp\arduino-sketch-2804EADBC04C3C518E01F5BDEFDB659E/..\arduino-core-cache\core_58a14c0cca738d40f9904778e75cae82.a(SerialUSB.cpp.o)
                0x10003274                _ZN9SerialUSB5writeEh
 .text._ZL16CheckSerialResetv
                0x10003288       0x34 C:\Users\yukta\AppData\Local\Temp\arduino-sketch-2804EADBC04C3C518E01F5BDEFDB659E/..\arduino-core-cache\core_58a14c0cca738d40f9904778e75cae82.a(SerialUSB.cpp.o)
 .text._ZN9CoreMutexC2EP5mutex
                0x100032bc       0x30 C:\Users\yukta\AppData\Local\Temp\arduino-sketch-2804EADBC04C3C518E01F5BDEFDB659E/..\arduino-core-cache\core_58a14c0cca738d40f9904778e75cae82.a(SerialUSB.cpp.o)
                0x100032bc                _ZN9CoreMutexC1EP5mutex
                0x100032bc                _ZN9CoreMutexC2EP5mutex
 .text._ZN9CoreMutexD2Ev
                0x100032ec       0x14 C:\Users\yukta\AppData\Local\Temp\arduino-sketch-2804EADBC04C3C518E01F5BDEFDB659E/..\arduino-core-cache\core_58a14c0cca738d40f9904778e75cae82.a(SerialUSB.cpp.o)
                0x100032ec                _ZN9CoreMutexD1Ev
                0x100032ec                _ZN9CoreMutexD2Ev
 .text._ZN9SerialUSB4peekEv
                0x10003300       0x44 C:\Users\yukta\AppData\Local\Temp\arduino-sketch-2804EADBC04C3C518E01F5BDEFDB659E/..\arduino-core-cache\core_58a14c0cca738d40f9904778e75cae82.a(SerialUSB.cpp.o)
                0x10003300                _ZN9SerialUSB4peekEv
 .text._ZN9SerialUSB4readEv
                0x10003344       0x5c C:\Users\yukta\AppData\Local\Temp\arduino-sketch-2804EADBC04C3C518E01F5BDEFDB659E/..\arduino-core-cache\core_58a14c0cca738d40f9904778e75cae82.a(SerialUSB.cpp.o)
                0x10003344                _ZN9SerialUSB4readEv
 .text._ZN9SerialUSB9availableEv
                0x100033a0       0x34 C:\Users\yukta\AppData\Local\Temp\arduino-sketch-2804EADBC04C3C518E01F5BDEFDB659E/..\arduino-core-cache\core_58a14c0cca738d40f9904778e75cae82.a(SerialUSB.cpp.o)
                0x100033a0                _ZN9SerialUSB9availableEv
 .text._ZN9SerialUSB17availableForWriteEv
                0x100033d4       0x34 C:\Users\yukta\AppData\Local\Temp\arduino-sketch-2804EADBC04C3C518E01F5BDEFDB659E/..\arduino-core-cache\core_58a14c0cca738d40f9904778e75cae82.a(SerialUSB.cpp.o)
                0x100033d4                _ZN9SerialUSB17availableForWriteEv
 .text._ZN9SerialUSB5flushEv
                0x10003408       0x30 C:\Users\yukta\AppData\Local\Temp\arduino-sketch-2804EADBC04C3C518E01F5BDEFDB659E/..\arduino-core-cache\core_58a14c0cca738d40f9904778e75cae82.a(SerialUSB.cpp.o)
                0x10003408                _ZN9SerialUSB5flushEv
 .text._ZN9SerialUSB5writeEPKhj
                0x10003438       0xd8 C:\Users\yukta\AppData\Local\Temp\arduino-sketch-2804EADBC04C3C518E01F5BDEFDB659E/..\arduino-core-cache\core_58a14c0cca738d40f9904778e75cae82.a(SerialUSB.cpp.o)
                0x10003438                _ZN9SerialUSB5writeEPKhj
 .text._ZN9SerialUSBcvbEv
                0x10003510       0x34 C:\Users\yukta\AppData\Local\Temp\arduino-sketch-2804EADBC04C3C518E01F5BDEFDB659E/..\arduino-core-cache\core_58a14c0cca738d40f9904778e75cae82.a(SerialUSB.cpp.o)
                0x10003510                _ZN9SerialUSBcvbEv
 .text._Z18__USBInstallSerialv
                0x10003544        0x2 C:\Users\yukta\AppData\Local\Temp\arduino-sketch-2804EADBC04C3C518E01F5BDEFDB659E/..\arduino-core-cache\core_58a14c0cca738d40f9904778e75cae82.a(SerialUSB.cpp.o)
                0x10003544                _Z18__USBInstallSerialv
 *fill*         0x10003546        0x2 
 .text.tud_cdc_line_state_cb
                0x10003548       0x10 C:\Users\yukta\AppData\Local\Temp\arduino-sketch-2804EADBC04C3C518E01F5BDEFDB659E/..\arduino-core-cache\core_58a14c0cca738d40f9904778e75cae82.a(SerialUSB.cpp.o)
                0x10003548                tud_cdc_line_state_cb
 .text.tud_cdc_line_coding_cb
                0x10003558       0x24 C:\Users\yukta\AppData\Local\Temp\arduino-sketch-2804EADBC04C3C518E01F5BDEFDB659E/..\arduino-core-cache\core_58a14c0cca738d40f9904778e75cae82.a(SerialUSB.cpp.o)
                0x10003558                tud_cdc_line_coding_cb
 .text._ZN7arduino14serialEventRunEv
                0x1000357c       0x20 C:\Users\yukta\AppData\Local\Temp\arduino-sketch-2804EADBC04C3C518E01F5BDEFDB659E/..\arduino-core-cache\core_58a14c0cca738d40f9904778e75cae82.a(SerialUSB.cpp.o)
                0x1000357c                _ZN7arduino14serialEventRunEv
 .text.startup._GLOBAL__sub_I__Z18__USBInstallSerialv
                0x1000359c       0x20 C:\Users\yukta\AppData\Local\Temp\arduino-sketch-2804EADBC04C3C518E01F5BDEFDB659E/..\arduino-core-cache\core_58a14c0cca738d40f9904778e75cae82.a(SerialUSB.cpp.o)
 .text._ZN7arduino5Print5writeEPKc
                0x100035bc       0x1c C:\Users\yukta\AppData\Local\Temp\arduino-sketch-2804EADBC04C3C518E01F5BDEFDB659E/..\arduino-core-cache\core_58a14c0cca738d40f9904778e75cae82.a(Print.cpp.o)
                0x100035bc                _ZN7arduino5Print5writeEPKc
 .text._ZN7arduino5Print7printlnEv
                0x100035d8       0x10 C:\Users\yukta\AppData\Local\Temp\arduino-sketch-2804EADBC04C3C518E01F5BDEFDB659E/..\arduino-core-cache\core_58a14c0cca738d40f9904778e75cae82.a(Print.cpp.o)
                0x100035d8                _ZN7arduino5Print7printlnEv
 .text._ZN7arduino5Print7printlnEPKNS_19__FlashStringHelperE
                0x100035e8       0x14 C:\Users\yukta\AppData\Local\Temp\arduino-sketch-2804EADBC04C3C518E01F5BDEFDB659E/..\arduino-core-cache\core_58a14c0cca738d40f9904778e75cae82.a(Print.cpp.o)
                0x100035e8                _ZN7arduino5Print7printlnEPKNS_19__FlashStringHelperE
 .text._ZN7arduino5Print7printlnEPKc
                0x100035fc        0x8 C:\Users\yukta\AppData\Local\Temp\arduino-sketch-2804EADBC04C3C518E01F5BDEFDB659E/..\arduino-core-cache\core_58a14c0cca738d40f9904778e75cae82.a(Print.cpp.o)
                0x100035fc                _ZN7arduino5Print7printlnEPKc
 .text._ZN6RP204015_SystickHandlerEv
                0x10003604       0x1c C:\Users\yukta\AppData\Local\Temp\arduino-sketch-2804EADBC04C3C518E01F5BDEFDB659E/..\arduino-core-cache\core_58a14c0cca738d40f9904778e75cae82.a(main.cpp.o)
                0x10003604                _ZN6RP204015_SystickHandlerEv
 .text._ZN6_MFIFO12registerCoreEv.part.0
                0x10003620       0x24 C:\Users\yukta\AppData\Local\Temp\arduino-sketch-2804EADBC04C3C518E01F5BDEFDB659E/..\arduino-core-cache\core_58a14c0cca738d40f9904778e75cae82.a(main.cpp.o)
 .text.main1    0x10003644       0x30 C:\Users\yukta\AppData\Local\Temp\arduino-sketch-2804EADBC04C3C518E01F5BDEFDB659E/..\arduino-core-cache\core_58a14c0cca738d40f9904778e75cae82.a(main.cpp.o)
                0x10003644                main1
 .text._ZN6_MFIFO5beginEi.part.0.constprop.0
                0x10003674       0x3c C:\Users\yukta\AppData\Local\Temp\arduino-sketch-2804EADBC04C3C518E01F5BDEFDB659E/..\arduino-core-cache\core_58a14c0cca738d40f9904778e75cae82.a(main.cpp.o)
 .text._ZN6RP20405beginEv
                0x100036b0      0x154 C:\Users\yukta\AppData\Local\Temp\arduino-sketch-2804EADBC04C3C518E01F5BDEFDB659E/..\arduino-core-cache\core_58a14c0cca738d40f9904778e75cae82.a(main.cpp.o)
                0x100036b0                _ZN6RP20405beginEv
 .text.initVariant
                0x10003804        0x2 C:\Users\yukta\AppData\Local\Temp\arduino-sketch-2804EADBC04C3C518E01F5BDEFDB659E/..\arduino-core-cache\core_58a14c0cca738d40f9904778e75cae82.a(main.cpp.o)
                0x10003804                initVariant
 *fill*         0x10003806        0x2 
 .text._Z6__loopv
                0x10003808       0x30 C:\Users\yukta\AppData\Local\Temp\arduino-sketch-2804EADBC04C3C518E01F5BDEFDB659E/..\arduino-core-cache\core_58a14c0cca738d40f9904778e75cae82.a(main.cpp.o)
                0x10003808                _Z6__loopv
 .text.__wrap___getreent
                0x10003838       0x1c C:\Users\yukta\AppData\Local\Temp\arduino-sketch-2804EADBC04C3C518E01F5BDEFDB659E/..\arduino-core-cache\core_58a14c0cca738d40f9904778e75cae82.a(main.cpp.o)
                0x10003838                __wrap___getreent
 .text.startup._GLOBAL__sub_I_rp2040
                0x10003854       0x14 C:\Users\yukta\AppData\Local\Temp\arduino-sketch-2804EADBC04C3C518E01F5BDEFDB659E/..\arduino-core-cache\core_58a14c0cca738d40f9904778e75cae82.a(main.cpp.o)
 .text.startup.main
                0x10003868      0x13c C:\Users\yukta\AppData\Local\Temp\arduino-sketch-2804EADBC04C3C518E01F5BDEFDB659E/..\arduino-core-cache\core_58a14c0cca738d40f9904778e75cae82.a(main.cpp.o)
                0x10003868                main
 .text._ZNSt5dequeImSaImEE4backEv
                0x100039a4       0x18 C:\Users\yukta\AppData\Local\Temp\arduino-sketch-2804EADBC04C3C518E01F5BDEFDB659E/..\arduino-core-cache\core_58a14c0cca738d40f9904778e75cae82.a(wiring_private.cpp.o)
                0x100039a4                _ZNSt5dequeImSaImEE4backEv
 .text.interrupts
                0x100039bc       0x58 C:\Users\yukta\AppData\Local\Temp\arduino-sketch-2804EADBC04C3C518E01F5BDEFDB659E/..\arduino-core-cache\core_58a14c0cca738d40f9904778e75cae82.a(wiring_private.cpp.o)
                0x100039bc                interrupts
 .text.noInterrupts
                0x10003a14      0x164 C:\Users\yukta\AppData\Local\Temp\arduino-sketch-2804EADBC04C3C518E01F5BDEFDB659E/..\arduino-core-cache\core_58a14c0cca738d40f9904778e75cae82.a(wiring_private.cpp.o)
                0x10003a14                noInterrupts
 .text.startup._GLOBAL__sub_I_interrupts
                0x10003b78       0x74 C:\Users\yukta\AppData\Local\Temp\arduino-sketch-2804EADBC04C3C518E01F5BDEFDB659E/..\arduino-core-cache\core_58a14c0cca738d40f9904778e75cae82.a(wiring_private.cpp.o)
 .text._ZL10timer_tasklPv
                0x10003bec       0x18 C:\Users\yukta\AppData\Local\Temp\arduino-sketch-2804EADBC04C3C518E01F5BDEFDB659E/..\arduino-core-cache\core_58a14c0cca738d40f9904778e75cae82.a(RP2040USB.cpp.o)
 .text._ZL7usb_irqv
                0x10003c04       0x20 C:\Users\yukta\AppData\Local\Temp\arduino-sketch-2804EADBC04C3C518E01F5BDEFDB659E/..\arduino-core-cache\core_58a14c0cca738d40f9904778e75cae82.a(RP2040USB.cpp.o)
 .text._ZL20update_us_since_bootP15absolute_time_ty.part.0
                0x10003c24       0x1c C:\Users\yukta\AppData\Local\Temp\arduino-sketch-2804EADBC04C3C518E01F5BDEFDB659E/..\arduino-core-cache\core_58a14c0cca738d40f9904778e75cae82.a(RP2040USB.cpp.o)
 .text.tud_descriptor_device_cb
                0x10003c40       0xa8 C:\Users\yukta\AppData\Local\Temp\arduino-sketch-2804EADBC04C3C518E01F5BDEFDB659E/..\arduino-core-cache\core_58a14c0cca738d40f9904778e75cae82.a(RP2040USB.cpp.o)
                0x10003c40                tud_descriptor_device_cb
 .text._Z20__SetupDescHIDReportv
                0x10003ce8      0x254 C:\Users\yukta\AppData\Local\Temp\arduino-sketch-2804EADBC04C3C518E01F5BDEFDB659E/..\arduino-core-cache\core_58a14c0cca738d40f9904778e75cae82.a(RP2040USB.cpp.o)
                0x10003ce8                _Z20__SetupDescHIDReportv
 .text.tud_hid_descriptor_report_cb
                0x10003f3c        0xc C:\Users\yukta\AppData\Local\Temp\arduino-sketch-2804EADBC04C3C518E01F5BDEFDB659E/..\arduino-core-cache\core_58a14c0cca738d40f9904778e75cae82.a(RP2040USB.cpp.o)
                0x10003f3c                tud_hid_descriptor_report_cb
 .text.tud_descriptor_configuration_cb
                0x10003f48        0xc C:\Users\yukta\AppData\Local\Temp\arduino-sketch-2804EADBC04C3C518E01F5BDEFDB659E/..\arduino-core-cache\core_58a14c0cca738d40f9904778e75cae82.a(RP2040USB.cpp.o)
                0x10003f48                tud_descriptor_configuration_cb
 .text._Z20__SetupUSBDescriptorv
                0x10003f54      0x32c C:\Users\yukta\AppData\Local\Temp\arduino-sketch-2804EADBC04C3C518E01F5BDEFDB659E/..\arduino-core-cache\core_58a14c0cca738d40f9904778e75cae82.a(RP2040USB.cpp.o)
                0x10003f54                _Z20__SetupUSBDescriptorv
 .text.tud_descriptor_string_cb
                0x10004280       0x68 C:\Users\yukta\AppData\Local\Temp\arduino-sketch-2804EADBC04C3C518E01F5BDEFDB659E/..\arduino-core-cache\core_58a14c0cca738d40f9904778e75cae82.a(RP2040USB.cpp.o)
                0x10004280                tud_descriptor_string_cb
 .text._Z10__USBStartv
                0x100042e8       0x7c C:\Users\yukta\AppData\Local\Temp\arduino-sketch-2804EADBC04C3C518E01F5BDEFDB659E/..\arduino-core-cache\core_58a14c0cca738d40f9904778e75cae82.a(RP2040USB.cpp.o)
                0x100042e8                _Z10__USBStartv
 .text.tud_hid_get_report_cb
                0x10004364        0x4 C:\Users\yukta\AppData\Local\Temp\arduino-sketch-2804EADBC04C3C518E01F5BDEFDB659E/..\arduino-core-cache\core_58a14c0cca738d40f9904778e75cae82.a(RP2040USB.cpp.o)
                0x10004364                tud_hid_get_report_cb
 .text.tud_hid_set_report_cb
                0x10004368        0x2 C:\Users\yukta\AppData\Local\Temp\arduino-sketch-2804EADBC04C3C518E01F5BDEFDB659E/..\arduino-core-cache\core_58a14c0cca738d40f9904778e75cae82.a(RP2040USB.cpp.o)
                0x10004368                tud_hid_set_report_cb
 .text.delay    0x1000436a        0xc C:\Users\yukta\AppData\Local\Temp\arduino-sketch-2804EADBC04C3C518E01F5BDEFDB659E/..\arduino-core-cache\core_58a14c0cca738d40f9904778e75cae82.a(delay.cpp.o)
                0x1000436a                delay
 *fill*         0x10004376        0x2 
 .text.spin_locks_reset
                0x10004378       0x1c C:\Users\yukta\AppData\Local\Arduino15\packages\rp2040\hardware\rp2040\2.4.0/lib/libpico.a(sync.c.obj)
                0x10004378                spin_locks_reset
 .text.next_striped_spin_lock_num
                0x10004394       0x18 C:\Users\yukta\AppData\Local\Arduino15\packages\rp2040\hardware\rp2040\2.4.0/lib/libpico.a(sync.c.obj)
                0x10004394                next_striped_spin_lock_num
 .text.spin_lock_claim_unused
                0x100043ac       0x1c C:\Users\yukta\AppData\Local\Arduino15\packages\rp2040\hardware\rp2040\2.4.0/lib/libpico.a(sync.c.obj)
                0x100043ac                spin_lock_claim_unused
 .text.set_raw_irq_handler_and_unlock
                0x100043c8       0x28 C:\Users\yukta\AppData\Local\Arduino15\packages\rp2040\hardware\rp2040\2.4.0/lib/libpico.a(irq.c.obj)
 .text.irq_is_enabled
                0x100043f0       0x18 C:\Users\yukta\AppData\Local\Arduino15\packages\rp2040\hardware\rp2040\2.4.0/lib/libpico.a(irq.c.obj)
                0x100043f0                irq_is_enabled
 .text.irq_set_mask_enabled
                0x10004408       0x20 C:\Users\yukta\AppData\Local\Arduino15\packages\rp2040\hardware\rp2040\2.4.0/lib/libpico.a(irq.c.obj)
                0x10004408                irq_set_mask_enabled
 .text.irq_set_enabled
                0x10004428        0xe C:\Users\yukta\AppData\Local\Arduino15\packages\rp2040\hardware\rp2040\2.4.0/lib/libpico.a(irq.c.obj)
                0x10004428                irq_set_enabled
 *fill*         0x10004436        0x2 
 .text.irq_set_pending
                0x10004438       0x10 C:\Users\yukta\AppData\Local\Arduino15\packages\rp2040\hardware\rp2040\2.4.0/lib/libpico.a(irq.c.obj)
                0x10004438                irq_set_pending
 .text.irq_get_vtable_handler
                0x10004448       0x10 C:\Users\yukta\AppData\Local\Arduino15\packages\rp2040\hardware\rp2040\2.4.0/lib/libpico.a(irq.c.obj)
                0x10004448                irq_get_vtable_handler
 .text.irq_set_exclusive_handler
                0x10004458       0x40 C:\Users\yukta\AppData\Local\Arduino15\packages\rp2040\hardware\rp2040\2.4.0/lib/libpico.a(irq.c.obj)
                0x10004458                irq_set_exclusive_handler
 .text.irq_remove_handler
                0x10004498      0x160 C:\Users\yukta\AppData\Local\Arduino15\packages\rp2040\hardware\rp2040\2.4.0/lib/libpico.a(irq.c.obj)
                0x10004498                irq_remove_handler
 .text.irq_add_tail_to_free_list
                0x100045f8       0xa8 C:\Users\yukta\AppData\Local\Arduino15\packages\rp2040\hardware\rp2040\2.4.0/lib/libpico.a(irq.c.obj)
                0x100045f8                irq_add_tail_to_free_list
 .text.irq_init_priorities
                0x100046a0       0x24 C:\Users\yukta\AppData\Local\Arduino15\packages\rp2040\hardware\rp2040\2.4.0/lib/libpico.a(irq.c.obj)
                0x100046a0                irq_init_priorities
 .text.user_irq_claim_unused
                0x100046c4       0x2c C:\Users\yukta\AppData\Local\Arduino15\packages\rp2040\hardware\rp2040\2.4.0/lib/libpico.a(irq.c.obj)
                0x100046c4                user_irq_claim_unused
 .text.time_reached
                0x100046f0       0x28 C:\Users\yukta\AppData\Local\Arduino15\packages\rp2040\hardware\rp2040\2.4.0/lib/libpico.a(time.c.obj)
 .text.timer_pool_entry_comparator
                0x10004718       0x30 C:\Users\yukta\AppData\Local\Arduino15\packages\rp2040\hardware\rp2040\2.4.0/lib/libpico.a(time.c.obj)
                0x10004718                timer_pool_entry_comparator
 .text.alarm_pool_post_alloc_init
                0x10004748       0x3c C:\Users\yukta\AppData\Local\Arduino15\packages\rp2040\hardware\rp2040\2.4.0/lib/libpico.a(time.c.obj)
 .text.sleep_until_callback
                0x10004784       0x30 C:\Users\yukta\AppData\Local\Arduino15\packages\rp2040\hardware\rp2040\2.4.0/lib/libpico.a(time.c.obj)
 .text.ph_add_child_node.isra.0
                0x100047b4       0x22 C:\Users\yukta\AppData\Local\Arduino15\packages\rp2040\hardware\rp2040\2.4.0/lib/libpico.a(time.c.obj)
 *fill*         0x100047d6        0x2 
 .text.add_alarm_under_lock
                0x100047d8       0xc8 C:\Users\yukta\AppData\Local\Arduino15\packages\rp2040\hardware\rp2040\2.4.0/lib/libpico.a(time.c.obj)
 .text.alarm_pool_alarm_callback
                0x100048a0      0x188 C:\Users\yukta\AppData\Local\Arduino15\packages\rp2040\hardware\rp2040\2.4.0/lib/libpico.a(time.c.obj)
 .text.alarm_pool_init_default
                0x10004a28       0x34 C:\Users\yukta\AppData\Local\Arduino15\packages\rp2040\hardware\rp2040\2.4.0/lib/libpico.a(time.c.obj)
                0x10004a28                alarm_pool_init_default
 .text.alarm_pool_get_default
                0x10004a5c        0x8 C:\Users\yukta\AppData\Local\Arduino15\packages\rp2040\hardware\rp2040\2.4.0/lib/libpico.a(time.c.obj)
                0x10004a5c                alarm_pool_get_default
 .text.alarm_pool_add_alarm_at
                0x10004a64       0xda C:\Users\yukta\AppData\Local\Arduino15\packages\rp2040\hardware\rp2040\2.4.0/lib/libpico.a(time.c.obj)
                0x10004a64                alarm_pool_add_alarm_at
 .text.alarm_pool_cancel_alarm
                0x10004b3e       0x66 C:\Users\yukta\AppData\Local\Arduino15\packages\rp2040\hardware\rp2040\2.4.0/lib/libpico.a(time.c.obj)
                0x10004b3e                alarm_pool_cancel_alarm
 .text.sleep_until
                0x10004ba4       0x98 C:\Users\yukta\AppData\Local\Arduino15\packages\rp2040\hardware\rp2040\2.4.0/lib/libpico.a(time.c.obj)
                0x10004ba4                sleep_until
 .text.sleep_us
                0x10004c3c       0x2c C:\Users\yukta\AppData\Local\Arduino15\packages\rp2040\hardware\rp2040\2.4.0/lib/libpico.a(time.c.obj)
                0x10004c3c                sleep_us
 .text.sleep_ms
                0x10004c68       0x14 C:\Users\yukta\AppData\Local\Arduino15\packages\rp2040\hardware\rp2040\2.4.0/lib/libpico.a(time.c.obj)
                0x10004c68                sleep_ms
 .text.best_effort_wfe_or_timeout
                0x10004c7c       0x40 C:\Users\yukta\AppData\Local\Arduino15\packages\rp2040\hardware\rp2040\2.4.0/lib/libpico.a(time.c.obj)
                0x10004c7c                best_effort_wfe_or_timeout
 .text.hardware_alarm_irq_handler
                0x10004cbc       0x90 C:\Users\yukta\AppData\Local\Arduino15\packages\rp2040\hardware\rp2040\2.4.0/lib/libpico.a(timer.c.obj)
 .text.hardware_alarm_claim
                0x10004d4c       0x18 C:\Users\yukta\AppData\Local\Arduino15\packages\rp2040\hardware\rp2040\2.4.0/lib/libpico.a(timer.c.obj)
                0x10004d4c                hardware_alarm_claim
 .text.time_us_64
                0x10004d64       0x14 C:\Users\yukta\AppData\Local\Arduino15\packages\rp2040\hardware\rp2040\2.4.0/lib/libpico.a(timer.c.obj)
                0x10004d64                time_us_64
 .text.busy_wait_until
                0x10004d78       0x1c C:\Users\yukta\AppData\Local\Arduino15\packages\rp2040\hardware\rp2040\2.4.0/lib/libpico.a(timer.c.obj)
                0x10004d78                busy_wait_until
 .text.hardware_alarm_set_callback
                0x10004d94       0x94 C:\Users\yukta\AppData\Local\Arduino15\packages\rp2040\hardware\rp2040\2.4.0/lib/libpico.a(timer.c.obj)
                0x10004d94                hardware_alarm_set_callback
 .text.hardware_alarm_set_target
                0x10004e28       0xbc C:\Users\yukta\AppData\Local\Arduino15\packages\rp2040\hardware\rp2040\2.4.0/lib/libpico.a(timer.c.obj)
                0x10004e28                hardware_alarm_set_target
 .text.hardware_alarm_cancel
                0x10004ee4       0x40 C:\Users\yukta\AppData\Local\Arduino15\packages\rp2040\hardware\rp2040\2.4.0/lib/libpico.a(timer.c.obj)
                0x10004ee4                hardware_alarm_cancel
 .text.ph_add_child_node.isra.0
                0x10004f24       0x22 C:\Users\yukta\AppData\Local\Arduino15\packages\rp2040\hardware\rp2040\2.4.0/lib/libpico.a(pheap.c.obj)
 .text.ph_merge_nodes
                0x10004f46       0x36 C:\Users\yukta\AppData\Local\Arduino15\packages\rp2040\hardware\rp2040\2.4.0/lib/libpico.a(pheap.c.obj)
 .text.ph_clear
                0x10004f7c       0x34 C:\Users\yukta\AppData\Local\Arduino15\packages\rp2040\hardware\rp2040\2.4.0/lib/libpico.a(pheap.c.obj)
                0x10004f7c                ph_clear
 .text.ph_post_alloc_init
                0x10004fb0        0xe C:\Users\yukta\AppData\Local\Arduino15\packages\rp2040\hardware\rp2040\2.4.0/lib/libpico.a(pheap.c.obj)
                0x10004fb0                ph_post_alloc_init
 .text.ph_merge_two_pass
                0x10004fbe       0x48 C:\Users\yukta\AppData\Local\Arduino15\packages\rp2040\hardware\rp2040\2.4.0/lib/libpico.a(pheap.c.obj)
                0x10004fbe                ph_merge_two_pass
 .text.ph_remove_any_head
                0x10005006       0x4a C:\Users\yukta\AppData\Local\Arduino15\packages\rp2040\hardware\rp2040\2.4.0/lib/libpico.a(pheap.c.obj)
 .text.ph_remove_head
                0x10005050       0x14 C:\Users\yukta\AppData\Local\Arduino15\packages\rp2040\hardware\rp2040\2.4.0/lib/libpico.a(pheap.c.obj)
                0x10005050                ph_remove_head
 .text.ph_remove_and_free_node
                0x10005064       0x6e C:\Users\yukta\AppData\Local\Arduino15\packages\rp2040\hardware\rp2040\2.4.0/lib/libpico.a(pheap.c.obj)
                0x10005064                ph_remove_and_free_node
 .text.queue_init_with_spinlock
                0x100050d2       0x22 C:\Users\yukta\AppData\Local\Arduino15\packages\rp2040\hardware\rp2040\2.4.0/lib/libpico.a(queue.c.obj)
                0x100050d2                queue_init_with_spinlock
 .text.mutex_init
                0x100050f4       0x1a C:\Users\yukta\AppData\Local\Arduino15\packages\rp2040\hardware\rp2040\2.4.0/lib/libpico.a(mutex.c.obj)
                0x100050f4                mutex_init
 .text.recursive_mutex_init
                0x1000510e       0x1a C:\Users\yukta\AppData\Local\Arduino15\packages\rp2040\hardware\rp2040\2.4.0/lib/libpico.a(mutex.c.obj)
                0x1000510e                recursive_mutex_init
 .text.exception_get_vtable_handler
                0x10005128       0x10 C:\Users\yukta\AppData\Local\Arduino15\packages\rp2040\hardware\rp2040\2.4.0/lib/libpico.a(exception.c.obj)
                0x10005128                exception_get_vtable_handler
 .text.exception_set_exclusive_handler
                0x10005138       0x48 C:\Users\yukta\AppData\Local\Arduino15\packages\rp2040\hardware\rp2040\2.4.0/lib/libpico.a(exception.c.obj)
                0x10005138                exception_set_exclusive_handler
 .text.rom_func_lookup
                0x10005180       0x10 C:\Users\yukta\AppData\Local\Arduino15\packages\rp2040\hardware\rp2040\2.4.0/lib/libpico.a(bootrom.c.obj)
                0x10005180                rom_func_lookup
 .text.rom_data_lookup
                0x10005190       0x10 C:\Users\yukta\AppData\Local\Arduino15\packages\rp2040\hardware\rp2040\2.4.0/lib/libpico.a(bootrom.c.obj)
                0x10005190                rom_data_lookup
 .text.rom_funcs_lookup
                0x100051a0       0x26 C:\Users\yukta\AppData\Local\Arduino15\packages\rp2040\hardware\rp2040\2.4.0/lib/libpico.a(bootrom.c.obj)
                0x100051a0                rom_funcs_lookup
 *fill*         0x100051c6        0x2 
 .text._pio_find_offset_for_program.isra.0
                0x100051c8       0x48 C:\Users\yukta\AppData\Local\Arduino15\packages\rp2040\hardware\rp2040\2.4.0/lib/libpico.a(pio.c.obj)
 .text._pio_add_program_at_offset
                0x10005210       0x80 C:\Users\yukta\AppData\Local\Arduino15\packages\rp2040\hardware\rp2040\2.4.0/lib/libpico.a(pio.c.obj)
 .text.pio_claim_unused_sm
                0x10005290       0x34 C:\Users\yukta\AppData\Local\Arduino15\packages\rp2040\hardware\rp2040\2.4.0/lib/libpico.a(pio.c.obj)
                0x10005290                pio_claim_unused_sm
 .text.pio_can_add_program
                0x100052c4       0x2a C:\Users\yukta\AppData\Local\Arduino15\packages\rp2040\hardware\rp2040\2.4.0/lib/libpico.a(pio.c.obj)
                0x100052c4                pio_can_add_program
 *fill*         0x100052ee        0x2 
 .text.pio_add_program
                0x100052f0       0x3c C:\Users\yukta\AppData\Local\Arduino15\packages\rp2040\hardware\rp2040\2.4.0/lib/libpico.a(pio.c.obj)
                0x100052f0                pio_add_program
 .text.pio_sm_init
                0x1000532c       0x88 C:\Users\yukta\AppData\Local\Arduino15\packages\rp2040\hardware\rp2040\2.4.0/lib/libpico.a(pio.c.obj)
                0x1000532c                pio_sm_init
 .text          0x100053b4       0x10 C:\Users\yukta\AppData\Local\Arduino15\packages\rp2040\hardware\rp2040\2.4.0/lib/libpico.a(bit_ops_aeabi.S.obj)
 .text.startup._retrieve_unique_id_on_boot
                0x100053c4       0x10 C:\Users\yukta\AppData\Local\Arduino15\packages\rp2040\hardware\rp2040\2.4.0/lib/libpico.a(unique_id.c.obj)
 .text.pico_get_unique_board_id_string
                0x100053d4       0x44 C:\Users\yukta\AppData\Local\Arduino15\packages\rp2040\hardware\rp2040\2.4.0/lib/libpico.a(unique_id.c.obj)
                0x100053d4                pico_get_unique_board_id_string
 .text.set_sys_clock_pll
                0x10005418       0x78 C:\Users\yukta\AppData\Local\Arduino15\packages\rp2040\hardware\rp2040\2.4.0/lib/libpico.a(stdlib.c.obj)
                0x10005418                set_sys_clock_pll
 .text.check_sys_clock_khz
                0x10005490       0x8c C:\Users\yukta\AppData\Local\Arduino15\packages\rp2040\hardware\rp2040\2.4.0/lib/libpico.a(stdlib.c.obj)
                0x10005490                check_sys_clock_khz
 .text.runtime_init
                0x1000551c       0xcc C:\Users\yukta\AppData\Local\Arduino15\packages\rp2040\hardware\rp2040\2.4.0/lib/libpico.a(runtime.c.obj)
                0x1000551c                runtime_init
 .text._exit    0x100055e8        0x4 C:\Users\yukta\AppData\Local\Arduino15\packages\rp2040\hardware\rp2040\2.4.0/lib/libpico.a(runtime.c.obj)
                0x100055e8                _exit
 .text._sbrk    0x100055ec       0x30 C:\Users\yukta\AppData\Local\Arduino15\packages\rp2040\hardware\rp2040\2.4.0/lib/libpico.a(runtime.c.obj)
                0x100055ec                _sbrk
 .text.exit     0x1000561c        0x4 C:\Users\yukta\AppData\Local\Arduino15\packages\rp2040\hardware\rp2040\2.4.0/lib/libpico.a(runtime.c.obj)
                0x1000561c                exit
 .text.__assert_func
                0x10005620       0x30 C:\Users\yukta\AppData\Local\Arduino15\packages\rp2040\hardware\rp2040\2.4.0/lib/libpico.a(runtime.c.obj)
                0x10005620                __assert_func
 .text.panic    0x10005650       0x2c C:\Users\yukta\AppData\Local\Arduino15\packages\rp2040\hardware\rp2040\2.4.0/lib/libpico.a(runtime.c.obj)
                0x10005650                panic
 .text.hard_assertion_failure
                0x1000567c        0xc C:\Users\yukta\AppData\Local\Arduino15\packages\rp2040\hardware\rp2040\2.4.0/lib/libpico.a(runtime.c.obj)
                0x1000567c                hard_assertion_failure
 .text.__wrap___aeabi_idiv
                0x10005688       0x50 C:\Users\yukta\AppData\Local\Arduino15\packages\rp2040\hardware\rp2040\2.4.0/lib/libpico.a(divider.S.obj)
                0x10005688                __wrap___aeabi_idivmod
                0x10005688                divmod_s32s32
                0x10005688                div_s32s32
                0x10005688                __wrap___aeabi_idiv
                0x10005690                divmod_s32s32_unsafe
                0x100056bc                divmod_s32s32_savestate
 .text.__wrap___aeabi_uidiv
                0x100056d8       0x4c C:\Users\yukta\AppData\Local\Arduino15\packages\rp2040\hardware\rp2040\2.4.0/lib/libpico.a(divider.S.obj)
                0x100056d8                __wrap___aeabi_uidiv
                0x100056d8                __wrap___aeabi_uidivmod
                0x100056d8                div_u32u32
                0x100056d8                divmod_u32u32
                0x100056e0                divmod_u32u32_unsafe
                0x10005708                divmod_u32u32_savestate
 .text.__wrap___aeabi_ldiv
                0x10005724      0x434 C:\Users\yukta\AppData\Local\Arduino15\packages\rp2040\hardware\rp2040\2.4.0/lib/libpico.a(divider.S.obj)
                0x10005724                div_s64s64
                0x10005724                divmod_s64s64
                0x10005724                __wrap___aeabi_ldivmod
                0x1000575c                divmod_u64u64
                0x1000575c                div_u64u64
                0x1000575c                __wrap___aeabi_uldivmod
                0x1000576c                divmod_u64u64_savestate
                0x10005794                divmod_s64s64_unsafe
                0x1000581c                divmod_u64u64_unsafe
 .text.__wrap___aeabi_darithmetic
                0x10005b58       0x80 C:\Users\yukta\AppData\Local\Arduino15\packages\rp2040\hardware\rp2040\2.4.0/lib/libpico.a(double_aeabi.S.obj)
                0x10005b58                __wrap___aeabi_drsub
                0x10005b5e                __wrap___aeabi_dsub
                0x10005b70                __wrap___aeabi_dadd
                0x10005b82                __wrap___aeabi_ddiv
                0x10005bbe                __wrap___aeabi_dmul
 .text.__wrap___aeabi_cdcmple
                0x10005bd8       0x6c C:\Users\yukta\AppData\Local\Arduino15\packages\rp2040\hardware\rp2040\2.4.0/lib/libpico.a(double_aeabi.S.obj)
                0x10005bd8                __wrap___aeabi_cdrcmple
                0x10005be8                __wrap___aeabi_cdcmpeq
                0x10005be8                __wrap___aeabi_cdcmple
 .text.__wrap___aeabi_dcmpeq
                0x10005c44       0x10 C:\Users\yukta\AppData\Local\Arduino15\packages\rp2040\hardware\rp2040\2.4.0/lib/libpico.a(double_aeabi.S.obj)
                0x10005c44                __wrap___aeabi_dcmpeq
 .text.__wrap___aeabi_dcmplt
                0x10005c54        0xc C:\Users\yukta\AppData\Local\Arduino15\packages\rp2040\hardware\rp2040\2.4.0/lib/libpico.a(double_aeabi.S.obj)
                0x10005c54                __wrap___aeabi_dcmplt
 .text.__wrap___aeabi_dcmple
                0x10005c60       0x10 C:\Users\yukta\AppData\Local\Arduino15\packages\rp2040\hardware\rp2040\2.4.0/lib/libpico.a(double_aeabi.S.obj)
                0x10005c60                __wrap___aeabi_dcmple
 .text.__wrap___aeabi_dcmpge
                0x10005c70       0x10 C:\Users\yukta\AppData\Local\Arduino15\packages\rp2040\hardware\rp2040\2.4.0/lib/libpico.a(double_aeabi.S.obj)
                0x10005c70                __wrap___aeabi_dcmpge
 .text.__wrap___aeabi_dcmpgt
                0x10005c80        0xa C:\Users\yukta\AppData\Local\Arduino15\packages\rp2040\hardware\rp2040\2.4.0/lib/libpico.a(double_aeabi.S.obj)
                0x10005c80                __wrap___aeabi_dcmpgt
 .text.__wrap___aeabi_dcmpun
                0x10005c8a       0x1c C:\Users\yukta\AppData\Local\Arduino15\packages\rp2040\hardware\rp2040\2.4.0/lib/libpico.a(double_aeabi.S.obj)
                0x10005c8a                __wrap___aeabi_dcmpun
 *fill*         0x10005ca6        0x2 
 .text.__wrap___aeabi_i2d
                0x10005ca8       0x38 C:\Users\yukta\AppData\Local\Arduino15\packages\rp2040\hardware\rp2040\2.4.0/lib/libpico.a(double_aeabi.S.obj)
                0x10005ca8                __wrap___aeabi_ui2d
                0x10005cb0                __wrap___aeabi_i2d
 .text.__wrap___aeabi_d2iz
                0x10005ce0       0x48 C:\Users\yukta\AppData\Local\Arduino15\packages\rp2040\hardware\rp2040\2.4.0/lib/libpico.a(double_aeabi.S.obj)
                0x10005ce0                double2int_z
                0x10005ce0                __wrap___aeabi_d2iz
 .text.__wrap___aeabi_d2uiz
                0x10005d28       0x18 C:\Users\yukta\AppData\Local\Arduino15\packages\rp2040\hardware\rp2040\2.4.0/lib/libpico.a(double_aeabi.S.obj)
                0x10005d28                __wrap___aeabi_d2uiz
                0x10005d28                double2uint
 .text.__wrap___aeabi_l2d
                0x10005d40       0x18 C:\Users\yukta\AppData\Local\Arduino15\packages\rp2040\hardware\rp2040\2.4.0/lib/libpico.a(double_aeabi.S.obj)
                0x10005d40                __wrap___aeabi_l2d
 .text.__wrap___aeabi_d2lz
                0x10005d58       0x26 C:\Users\yukta\AppData\Local\Arduino15\packages\rp2040\hardware\rp2040\2.4.0/lib/libpico.a(double_aeabi.S.obj)
                0x10005d58                double2int64_z
                0x10005d58                __wrap___aeabi_d2lz
 *fill*         0x10005d7e        0x2 
 .text.double2int64
                0x10005d80       0x18 C:\Users\yukta\AppData\Local\Arduino15\packages\rp2040\hardware\rp2040\2.4.0/lib/libpico.a(double_aeabi.S.obj)
                0x10005d80                double2int64
 .text.double2ufix64
                0x10005d98       0x18 C:\Users\yukta\AppData\Local\Arduino15\packages\rp2040\hardware\rp2040\2.4.0/lib/libpico.a(double_aeabi.S.obj)
                0x10005d98                double2ufix64
 .text.__wrap___aeabi_d2f
                0x10005db0       0x18 C:\Users\yukta\AppData\Local\Arduino15\packages\rp2040\hardware\rp2040\2.4.0/lib/libpico.a(double_aeabi.S.obj)
                0x10005db0                __wrap___aeabi_d2f
 .text.__aeabi_double_init
                0x10005dc8       0x58 C:\Users\yukta\AppData\Local\Arduino15\packages\rp2040\hardware\rp2040\2.4.0/lib/libpico.a(double_init_rom.c.obj)
                0x10005dc8                __aeabi_double_init
 .text.double_table_shim_on_use_helper
                0x10005e20       0x2c C:\Users\yukta\AppData\Local\Arduino15\packages\rp2040\hardware\rp2040\2.4.0/lib/libpico.a(double_v1_rom_shim.S.obj)
                0x10005e20                double_table_shim_on_use_helper
 .text.__wrap___aeabi_dsub
                0x10005e4c       0x10 C:\Users\yukta\AppData\Local\Arduino15\packages\rp2040\hardware\rp2040\2.4.0/lib/libpico.a(double_v1_rom_shim.S.obj)
                0x10005e4c                drsub_shim
                0x10005e52                dsub_shim
 .text.dadd_shim
                0x10005e5c      0x15c C:\Users\yukta\AppData\Local\Arduino15\packages\rp2040\hardware\rp2040\2.4.0/lib/libpico.a(double_v1_rom_shim.S.obj)
                0x10005e5c                dadd_shim
 .text.dmul_shim
                0x10005fb8      0x15c C:\Users\yukta\AppData\Local\Arduino15\packages\rp2040\hardware\rp2040\2.4.0/lib/libpico.a(double_v1_rom_shim.S.obj)
                0x10005fb8                dmul_shim
 .text.ddiv_shim
                0x10006114      0x1b0 C:\Users\yukta\AppData\Local\Arduino15\packages\rp2040\hardware\rp2040\2.4.0/lib/libpico.a(double_v1_rom_shim.S.obj)
                0x10006114                ddiv_shim
 .text.double2uint_shim
                0x100062c4        0xe C:\Users\yukta\AppData\Local\Arduino15\packages\rp2040\hardware\rp2040\2.4.0/lib/libpico.a(double_v1_rom_shim.S.obj)
                0x100062c4                double2uint_shim
                0x100062c6                double2ufix_shim
 .text.double2int64_shim
                0x100062d2       0x1a C:\Users\yukta\AppData\Local\Arduino15\packages\rp2040\hardware\rp2040\2.4.0/lib/libpico.a(double_v1_rom_shim.S.obj)
                0x100062d2                double2int64_shim
                0x100062d4                double2fix64_shim
 .text.double2uint64_shim
                0x100062ec       0x70 C:\Users\yukta\AppData\Local\Arduino15\packages\rp2040\hardware\rp2040\2.4.0/lib/libpico.a(double_v1_rom_shim.S.obj)
                0x100062ec                double2uint64_shim
                0x100062ee                double2ufix64_shim
                0x1000630e                d2fix_a
 .text.double2float_shim
                0x1000635c       0x5c C:\Users\yukta\AppData\Local\Arduino15\packages\rp2040\hardware\rp2040\2.4.0/lib/libpico.a(double_v1_rom_shim.S.obj)
                0x1000635c                double2float_shim
 .text.x2double_shims
                0x100063b8       0x90 C:\Users\yukta\AppData\Local\Arduino15\packages\rp2040\hardware\rp2040\2.4.0/lib/libpico.a(double_v1_rom_shim.S.obj)
                0x100063b8                uint2double_shim
                0x100063ba                ufix2double_shim
                0x100063c0                int2double_shim
                0x100063c2                fix2double_shim
                0x100063c8                uint642double_shim
                0x100063ca                ufix642double_shim
                0x100063d0                int642double_shim
                0x100063d2                fix642double_shim
 .text.dunpacks
                0x10006448       0x3c C:\Users\yukta\AppData\Local\Arduino15\packages\rp2040\hardware\rp2040\2.4.0/lib/libpico.a(double_v1_rom_shim.S.obj)
                0x10006448                dunpacks
 .text.__aeabi_lmul
                0x10006484       0x32 C:\Users\yukta\AppData\Local\Arduino15\packages\rp2040\hardware\rp2040\2.4.0/lib/libpico.a(pico_int64_ops_aeabi.S.obj)
                0x10006484                __wrap___aeabi_lmul
 *fill*         0x100064b6        0x2 
 .text          0x100064b8       0x10 C:\Users\yukta\AppData\Local\Arduino15\packages\rp2040\hardware\rp2040\2.4.0/lib/libpico.a(mem_ops_aeabi.S.obj)
                0x100064b8                __aeabi_mem_init
 .text.memset   0x100064c8        0xc C:\Users\yukta\AppData\Local\Arduino15\packages\rp2040\hardware\rp2040\2.4.0/lib/libpico.a(mem_ops_aeabi.S.obj)
                0x100064c8                __wrap_memset
 .text.memcpy   0x100064d4        0xc C:\Users\yukta\AppData\Local\Arduino15\packages\rp2040\hardware\rp2040\2.4.0/lib/libpico.a(mem_ops_aeabi.S.obj)
                0x100064d4                __wrap_memcpy
                0x100064d4                __wrap___aeabi_memcpy
 .text._Znwj    0x100064e0        0x8 C:\Users\yukta\AppData\Local\Arduino15\packages\rp2040\hardware\rp2040\2.4.0/lib/libpico.a(new_delete.cpp.obj)
                0x100064e0                _Znwj
 .text._ZdlPvj  0x100064e8        0x8 C:\Users\yukta\AppData\Local\Arduino15\packages\rp2040\hardware\rp2040\2.4.0/lib/libpico.a(new_delete.cpp.obj)
                0x100064e8                _ZdlPvj
 .text.multicore_fifo_pop_blocking_inline
                0x100064f0       0x14 C:\Users\yukta\AppData\Local\Arduino15\packages\rp2040\hardware\rp2040\2.4.0/lib/libpico.a(multicore.c.obj)
 .text.core1_trampoline
                0x10006504        0x2 C:\Users\yukta\AppData\Local\Arduino15\packages\rp2040\hardware\rp2040\2.4.0/lib/libpico.a(multicore.c.obj)
 .text.core1_wrapper
                0x10006506        0xc C:\Users\yukta\AppData\Local\Arduino15\packages\rp2040\hardware\rp2040\2.4.0/lib/libpico.a(multicore.c.obj)
                0x10006506                core1_wrapper
 .text.multicore_fifo_push_blocking_inline
                0x10006512       0x12 C:\Users\yukta\AppData\Local\Arduino15\packages\rp2040\hardware\rp2040\2.4.0/lib/libpico.a(multicore.c.obj)
 .text.multicore_fifo_pop_blocking
                0x10006524        0x8 C:\Users\yukta\AppData\Local\Arduino15\packages\rp2040\hardware\rp2040\2.4.0/lib/libpico.a(multicore.c.obj)
                0x10006524                multicore_fifo_pop_blocking
 .text.multicore_launch_core1_raw
                0x1000652c       0x6a C:\Users\yukta\AppData\Local\Arduino15\packages\rp2040\hardware\rp2040\2.4.0/lib/libpico.a(multicore.c.obj)
                0x1000652c                multicore_launch_core1_raw
 *fill*         0x10006596        0x2 
 .text.multicore_launch_core1_with_stack
                0x10006598       0x34 C:\Users\yukta\AppData\Local\Arduino15\packages\rp2040\hardware\rp2040\2.4.0/lib/libpico.a(multicore.c.obj)
                0x10006598                multicore_launch_core1_with_stack
 .text.multicore_launch_core1
                0x100065cc       0x20 C:\Users\yukta\AppData\Local\Arduino15\packages\rp2040\hardware\rp2040\2.4.0/lib/libpico.a(multicore.c.obj)
                0x100065cc                multicore_launch_core1
 .text.get_driver
                0x100065ec       0x40 C:\Users\yukta\AppData\Local\Arduino15\packages\rp2040\hardware\rp2040\2.4.0/lib/libpico.a(usbd.c.obj)
 .text.configuration_reset
                0x1000662c       0x4c C:\Users\yukta\AppData\Local\Arduino15\packages\rp2040\hardware\rp2040\2.4.0/lib/libpico.a(usbd.c.obj)
 .text.invoke_class_control
                0x10006678       0x1a C:\Users\yukta\AppData\Local\Arduino15\packages\rp2040\hardware\rp2040\2.4.0/lib/libpico.a(usbd.c.obj)
 .text.osal_queue_send.constprop.0.isra.0
                0x10006692       0x30 C:\Users\yukta\AppData\Local\Arduino15\packages\rp2040\hardware\rp2040\2.4.0/lib/libpico.a(usbd.c.obj)
 *fill*         0x100066c2        0x2 
 .text.tud_mounted
                0x100066c4       0x10 C:\Users\yukta\AppData\Local\Arduino15\packages\rp2040\hardware\rp2040\2.4.0/lib/libpico.a(usbd.c.obj)
                0x100066c4                tud_mounted
 .text.tud_suspended
                0x100066d4       0x10 C:\Users\yukta\AppData\Local\Arduino15\packages\rp2040\hardware\rp2040\2.4.0/lib/libpico.a(usbd.c.obj)
                0x100066d4                tud_suspended
 .text.tud_inited
                0x100066e4        0xc C:\Users\yukta\AppData\Local\Arduino15\packages\rp2040\hardware\rp2040\2.4.0/lib/libpico.a(usbd.c.obj)
                0x100066e4                tud_inited
 .text.tud_init
                0x100066f0       0x98 C:\Users\yukta\AppData\Local\Arduino15\packages\rp2040\hardware\rp2040\2.4.0/lib/libpico.a(usbd.c.obj)
                0x100066f0                tud_init
 .text.dcd_event_handler
                0x10006788       0x7c C:\Users\yukta\AppData\Local\Arduino15\packages\rp2040\hardware\rp2040\2.4.0/lib/libpico.a(usbd.c.obj)
                0x10006788                dcd_event_handler
 .text.dcd_event_bus_signal
                0x10006804       0x22 C:\Users\yukta\AppData\Local\Arduino15\packages\rp2040\hardware\rp2040\2.4.0/lib/libpico.a(usbd.c.obj)
                0x10006804                dcd_event_bus_signal
 .text.dcd_event_bus_reset
                0x10006826       0x2a C:\Users\yukta\AppData\Local\Arduino15\packages\rp2040\hardware\rp2040\2.4.0/lib/libpico.a(usbd.c.obj)
                0x10006826                dcd_event_bus_reset
 .text.dcd_event_setup_received
                0x10006850       0x26 C:\Users\yukta\AppData\Local\Arduino15\packages\rp2040\hardware\rp2040\2.4.0/lib/libpico.a(usbd.c.obj)
                0x10006850                dcd_event_setup_received
 .text.dcd_event_xfer_complete
                0x10006876       0x38 C:\Users\yukta\AppData\Local\Arduino15\packages\rp2040\hardware\rp2040\2.4.0/lib/libpico.a(usbd.c.obj)
                0x10006876                dcd_event_xfer_complete
 *fill*         0x100068ae        0x2 
 .text.usbd_edpt_open
                0x100068b0       0x30 C:\Users\yukta\AppData\Local\Arduino15\packages\rp2040\hardware\rp2040\2.4.0/lib/libpico.a(usbd.c.obj)
                0x100068b0                usbd_edpt_open
 .text.usbd_open_edpt_pair
                0x100068e0       0x4e C:\Users\yukta\AppData\Local\Arduino15\packages\rp2040\hardware\rp2040\2.4.0/lib/libpico.a(usbd.c.obj)
                0x100068e0                usbd_open_edpt_pair
 *fill*         0x1000692e        0x2 
 .text.usbd_edpt_claim
                0x10006930       0x68 C:\Users\yukta\AppData\Local\Arduino15\packages\rp2040\hardware\rp2040\2.4.0/lib/libpico.a(usbd.c.obj)
                0x10006930                usbd_edpt_claim
 .text.usbd_edpt_release
                0x10006998       0x4c C:\Users\yukta\AppData\Local\Arduino15\packages\rp2040\hardware\rp2040\2.4.0/lib/libpico.a(usbd.c.obj)
                0x10006998                usbd_edpt_release
 .text.usbd_edpt_xfer
                0x100069e4       0x44 C:\Users\yukta\AppData\Local\Arduino15\packages\rp2040\hardware\rp2040\2.4.0/lib/libpico.a(usbd.c.obj)
                0x100069e4                usbd_edpt_xfer
 .text.usbd_edpt_stall
                0x10006a28       0x34 C:\Users\yukta\AppData\Local\Arduino15\packages\rp2040\hardware\rp2040\2.4.0/lib/libpico.a(usbd.c.obj)
                0x10006a28                usbd_edpt_stall
 .text.usbd_edpt_clear_stall
                0x10006a5c       0x34 C:\Users\yukta\AppData\Local\Arduino15\packages\rp2040\hardware\rp2040\2.4.0/lib/libpico.a(usbd.c.obj)
                0x10006a5c                usbd_edpt_clear_stall
 .text.usbd_edpt_stalled
                0x10006a90       0x1c C:\Users\yukta\AppData\Local\Arduino15\packages\rp2040\hardware\rp2040\2.4.0/lib/libpico.a(usbd.c.obj)
                0x10006a90                usbd_edpt_stalled
 .text.tud_task
                0x10006aac      0x558 C:\Users\yukta\AppData\Local\Arduino15\packages\rp2040\hardware\rp2040\2.4.0/lib/libpico.a(usbd.c.obj)
                0x10006aac                tud_task
 .text._data_stage_xact
                0x10007004       0x58 C:\Users\yukta\AppData\Local\Arduino15\packages\rp2040\hardware\rp2040\2.4.0/lib/libpico.a(usbd_control.c.obj)
 .text._status_stage_xact.isra.0
                0x1000705c       0x14 C:\Users\yukta\AppData\Local\Arduino15\packages\rp2040\hardware\rp2040\2.4.0/lib/libpico.a(usbd_control.c.obj)
 .text.tud_control_status
                0x10007070       0x24 C:\Users\yukta\AppData\Local\Arduino15\packages\rp2040\hardware\rp2040\2.4.0/lib/libpico.a(usbd_control.c.obj)
                0x10007070                tud_control_status
 .text.tud_control_xfer
                0x10007094       0x54 C:\Users\yukta\AppData\Local\Arduino15\packages\rp2040\hardware\rp2040\2.4.0/lib/libpico.a(usbd_control.c.obj)
                0x10007094                tud_control_xfer
 .text.usbd_control_reset
                0x100070e8       0x14 C:\Users\yukta\AppData\Local\Arduino15\packages\rp2040\hardware\rp2040\2.4.0/lib/libpico.a(usbd_control.c.obj)
                0x100070e8                usbd_control_reset
 .text.usbd_control_set_complete_callback
                0x100070fc        0xc C:\Users\yukta\AppData\Local\Arduino15\packages\rp2040\hardware\rp2040\2.4.0/lib/libpico.a(usbd_control.c.obj)
                0x100070fc                usbd_control_set_complete_callback
 .text.usbd_control_set_request
                0x10007108       0x1c C:\Users\yukta\AppData\Local\Arduino15\packages\rp2040\hardware\rp2040\2.4.0/lib/libpico.a(usbd_control.c.obj)
                0x10007108                usbd_control_set_request
 .text.usbd_control_xfer_cb
                0x10007124       0xa4 C:\Users\yukta\AppData\Local\Arduino15\packages\rp2040\hardware\rp2040\2.4.0/lib/libpico.a(usbd_control.c.obj)
                0x10007124                usbd_control_xfer_cb
 .text._prep_out_transaction
                0x100071c8       0x42 C:\Users\yukta\AppData\Local\Arduino15\packages\rp2040\hardware\rp2040\2.4.0/lib/libpico.a(cdc_device.c.obj)
 *fill*         0x1000720a        0x2 
 .text.tud_cdc_n_connected
                0x1000720c       0x30 C:\Users\yukta\AppData\Local\Arduino15\packages\rp2040\hardware\rp2040\2.4.0/lib/libpico.a(cdc_device.c.obj)
                0x1000720c                tud_cdc_n_connected
 .text.tud_cdc_n_available
                0x1000723c       0x18 C:\Users\yukta\AppData\Local\Arduino15\packages\rp2040\hardware\rp2040\2.4.0/lib/libpico.a(cdc_device.c.obj)
                0x1000723c                tud_cdc_n_available
 .text.tud_cdc_n_read
                0x10007254       0x28 C:\Users\yukta\AppData\Local\Arduino15\packages\rp2040\hardware\rp2040\2.4.0/lib/libpico.a(cdc_device.c.obj)
                0x10007254                tud_cdc_n_read
 .text.tud_cdc_n_peek
                0x1000727c       0x18 C:\Users\yukta\AppData\Local\Arduino15\packages\rp2040\hardware\rp2040\2.4.0/lib/libpico.a(cdc_device.c.obj)
                0x1000727c                tud_cdc_n_peek
 .text.tud_cdc_n_write_flush
                0x10007294       0x78 C:\Users\yukta\AppData\Local\Arduino15\packages\rp2040\hardware\rp2040\2.4.0/lib/libpico.a(cdc_device.c.obj)
                0x10007294                tud_cdc_n_write_flush
 .text.tud_cdc_n_write
                0x1000730c       0x34 C:\Users\yukta\AppData\Local\Arduino15\packages\rp2040\hardware\rp2040\2.4.0/lib/libpico.a(cdc_device.c.obj)
                0x1000730c                tud_cdc_n_write
 .text.tud_cdc_n_write_available
                0x10007340       0x18 C:\Users\yukta\AppData\Local\Arduino15\packages\rp2040\hardware\rp2040\2.4.0/lib/libpico.a(cdc_device.c.obj)
                0x10007340                tud_cdc_n_write_available
 .text.cdcd_init
                0x10007358       0x7c C:\Users\yukta\AppData\Local\Arduino15\packages\rp2040\hardware\rp2040\2.4.0/lib/libpico.a(cdc_device.c.obj)
                0x10007358                cdcd_init
 .text.cdcd_reset
                0x100073d4       0x30 C:\Users\yukta\AppData\Local\Arduino15\packages\rp2040\hardware\rp2040\2.4.0/lib/libpico.a(cdc_device.c.obj)
                0x100073d4                cdcd_reset
 .text.cdcd_open
                0x10007404       0xa4 C:\Users\yukta\AppData\Local\Arduino15\packages\rp2040\hardware\rp2040\2.4.0/lib/libpico.a(cdc_device.c.obj)
                0x10007404                cdcd_open
 .text.cdcd_control_xfer_cb
                0x100074a8       0xd8 C:\Users\yukta\AppData\Local\Arduino15\packages\rp2040\hardware\rp2040\2.4.0/lib/libpico.a(cdc_device.c.obj)
                0x100074a8                cdcd_control_xfer_cb
 .text.cdcd_xfer_cb
                0x10007580       0xe4 C:\Users\yukta\AppData\Local\Arduino15\packages\rp2040\hardware\rp2040\2.4.0/lib/libpico.a(cdc_device.c.obj)
                0x10007580                cdcd_xfer_cb
 .text.hidd_reset
                0x10007664       0x14 C:\Users\yukta\AppData\Local\Arduino15\packages\rp2040\hardware\rp2040\2.4.0/lib/libpico.a(hid_device.c.obj)
                0x10007664                hidd_reset
 .text.hidd_init
                0x10007678        0xa C:\Users\yukta\AppData\Local\Arduino15\packages\rp2040\hardware\rp2040\2.4.0/lib/libpico.a(hid_device.c.obj)
                0x10007678                hidd_init
 *fill*         0x10007682        0x2 
 .text.hidd_open
                0x10007684       0xb4 C:\Users\yukta\AppData\Local\Arduino15\packages\rp2040\hardware\rp2040\2.4.0/lib/libpico.a(hid_device.c.obj)
                0x10007684                hidd_open
 .text.hidd_control_xfer_cb
                0x10007738      0x1e4 C:\Users\yukta\AppData\Local\Arduino15\packages\rp2040\hardware\rp2040\2.4.0/lib/libpico.a(hid_device.c.obj)
                0x10007738                hidd_control_xfer_cb
 .text.hidd_xfer_cb
                0x1000791c       0x80 C:\Users\yukta\AppData\Local\Arduino15\packages\rp2040\hardware\rp2040\2.4.0/lib/libpico.a(hid_device.c.obj)
                0x1000791c                hidd_xfer_cb
 .text.tusb_init
                0x1000799c        0xa C:\Users\yukta\AppData\Local\Arduino15\packages\rp2040\hardware\rp2040\2.4.0/lib/libpico.a(tusb.c.obj)
                0x1000799c                tusb_init
 .text.tusb_inited
                0x100079a6        0x8 C:\Users\yukta\AppData\Local\Arduino15\packages\rp2040\hardware\rp2040\2.4.0/lib/libpico.a(tusb.c.obj)
                0x100079a6                tusb_inited
 *fill*         0x100079ae        0x2 
 .text.tu_edpt_validate
                0x100079b0       0x60 C:\Users\yukta\AppData\Local\Arduino15\packages\rp2040\hardware\rp2040\2.4.0/lib/libpico.a(tusb.c.obj)
                0x100079b0                tu_edpt_validate
 .text.tu_edpt_bind_driver
                0x10007a10       0x2a C:\Users\yukta\AppData\Local\Arduino15\packages\rp2040\hardware\rp2040\2.4.0/lib/libpico.a(tusb.c.obj)
                0x10007a10                tu_edpt_bind_driver
 .text.advance_pointer
                0x10007a3a       0x18 C:\Users\yukta\AppData\Local\Arduino15\packages\rp2040\hardware\rp2040\2.4.0/lib/libpico.a(tusb_fifo.c.obj)
 .text._tu_fifo_correct_read_pointer
                0x10007a52       0x1e C:\Users\yukta\AppData\Local\Arduino15\packages\rp2040\hardware\rp2040\2.4.0/lib/libpico.a(tusb_fifo.c.obj)
 .text._ff_unlock
                0x10007a70        0xc C:\Users\yukta\AppData\Local\Arduino15\packages\rp2040\hardware\rp2040\2.4.0/lib/libpico.a(tusb_fifo.c.obj)
 .text._ff_pull_const_addr
                0x10007a7c       0x58 C:\Users\yukta\AppData\Local\Arduino15\packages\rp2040\hardware\rp2040\2.4.0/lib/libpico.a(tusb_fifo.c.obj)
 .text._tu_fifo_peek_n
                0x10007ad4      0x12a C:\Users\yukta\AppData\Local\Arduino15\packages\rp2040\hardware\rp2040\2.4.0/lib/libpico.a(tusb_fifo.c.obj)
 *fill*         0x10007bfe        0x2 
 .text._ff_push_const_addr
                0x10007c00       0x48 C:\Users\yukta\AppData\Local\Arduino15\packages\rp2040\hardware\rp2040\2.4.0/lib/libpico.a(tusb_fifo.c.obj)
 .text._tu_fifo_peek
                0x10007c48       0x48 C:\Users\yukta\AppData\Local\Arduino15\packages\rp2040\hardware\rp2040\2.4.0/lib/libpico.a(tusb_fifo.c.obj)
 .text._ff_lock
                0x10007c90       0x10 C:\Users\yukta\AppData\Local\Arduino15\packages\rp2040\hardware\rp2040\2.4.0/lib/libpico.a(tusb_fifo.c.obj)
 .text._tu_fifo_read_n
                0x10007ca0       0x3e C:\Users\yukta\AppData\Local\Arduino15\packages\rp2040\hardware\rp2040\2.4.0/lib/libpico.a(tusb_fifo.c.obj)
 .text._tu_fifo_write_n.part.0
                0x10007cde      0x14a C:\Users\yukta\AppData\Local\Arduino15\packages\rp2040\hardware\rp2040\2.4.0/lib/libpico.a(tusb_fifo.c.obj)
 .text.tu_fifo_config
                0x10007e28       0x52 C:\Users\yukta\AppData\Local\Arduino15\packages\rp2040\hardware\rp2040\2.4.0/lib/libpico.a(tusb_fifo.c.obj)
                0x10007e28                tu_fifo_config
 .text.tu_fifo_count
                0x10007e7a       0x20 C:\Users\yukta\AppData\Local\Arduino15\packages\rp2040\hardware\rp2040\2.4.0/lib/libpico.a(tusb_fifo.c.obj)
                0x10007e7a                tu_fifo_count
 .text.tu_fifo_empty
                0x10007e9a       0x10 C:\Users\yukta\AppData\Local\Arduino15\packages\rp2040\hardware\rp2040\2.4.0/lib/libpico.a(tusb_fifo.c.obj)
                0x10007e9a                tu_fifo_empty
 .text.tu_fifo_remaining
                0x10007eaa       0x1c C:\Users\yukta\AppData\Local\Arduino15\packages\rp2040\hardware\rp2040\2.4.0/lib/libpico.a(tusb_fifo.c.obj)
                0x10007eaa                tu_fifo_remaining
 .text.tu_fifo_read
                0x10007ec6       0x36 C:\Users\yukta\AppData\Local\Arduino15\packages\rp2040\hardware\rp2040\2.4.0/lib/libpico.a(tusb_fifo.c.obj)
                0x10007ec6                tu_fifo_read
 .text.tu_fifo_read_n
                0x10007efc        0xa C:\Users\yukta\AppData\Local\Arduino15\packages\rp2040\hardware\rp2040\2.4.0/lib/libpico.a(tusb_fifo.c.obj)
                0x10007efc                tu_fifo_read_n
 .text.tu_fifo_peek
                0x10007f06       0x28 C:\Users\yukta\AppData\Local\Arduino15\packages\rp2040\hardware\rp2040\2.4.0/lib/libpico.a(tusb_fifo.c.obj)
                0x10007f06                tu_fifo_peek
 .text.tu_fifo_write
                0x10007f2e       0x60 C:\Users\yukta\AppData\Local\Arduino15\packages\rp2040\hardware\rp2040\2.4.0/lib/libpico.a(tusb_fifo.c.obj)
                0x10007f2e                tu_fifo_write
 .text.tu_fifo_write_n
                0x10007f8e       0x12 C:\Users\yukta\AppData\Local\Arduino15\packages\rp2040\hardware\rp2040\2.4.0/lib/libpico.a(tusb_fifo.c.obj)
                0x10007f8e                tu_fifo_write_n
 .text.tu_fifo_clear
                0x10007fa0       0x34 C:\Users\yukta\AppData\Local\Arduino15\packages\rp2040\hardware\rp2040\2.4.0/lib/libpico.a(tusb_fifo.c.obj)
                0x10007fa0                tu_fifo_clear
 .text.tu_fifo_set_overwritable
                0x10007fd4       0x24 C:\Users\yukta\AppData\Local\Arduino15\packages\rp2040\hardware\rp2040\2.4.0/lib/libpico.a(tusb_fifo.c.obj)
                0x10007fd4                tu_fifo_set_overwritable
 .text.hw_claim_lock
                0x10007ff8       0x18 C:\Users\yukta\AppData\Local\Arduino15\packages\rp2040\hardware\rp2040\2.4.0/lib/libpico.a(claim.c.obj)
                0x10007ff8                hw_claim_lock
 .text.hw_claim_unlock
                0x10008010       0x14 C:\Users\yukta\AppData\Local\Arduino15\packages\rp2040\hardware\rp2040\2.4.0/lib/libpico.a(claim.c.obj)
                0x10008010                hw_claim_unlock
 .text.hw_is_claimed
                0x10008024       0x16 C:\Users\yukta\AppData\Local\Arduino15\packages\rp2040\hardware\rp2040\2.4.0/lib/libpico.a(claim.c.obj)
                0x10008024                hw_is_claimed
 .text.hw_claim_or_assert
                0x1000803a       0x3a C:\Users\yukta\AppData\Local\Arduino15\packages\rp2040\hardware\rp2040\2.4.0/lib/libpico.a(claim.c.obj)
                0x1000803a                hw_claim_or_assert
 .text.hw_claim_unused_from_range
                0x10008074       0x54 C:\Users\yukta\AppData\Local\Arduino15\packages\rp2040\hardware\rp2040\2.4.0/lib/libpico.a(claim.c.obj)
                0x10008074                hw_claim_unused_from_range
 .text.running_on_fpga
                0x100080c8       0x10 C:\Users\yukta\AppData\Local\Arduino15\packages\rp2040\hardware\rp2040\2.4.0/lib/libpico.a(platform.c.obj)
                0x100080c8                running_on_fpga
 .text.clock_configure
                0x100080d8       0xd4 C:\Users\yukta\AppData\Local\Arduino15\packages\rp2040\hardware\rp2040\2.4.0/lib/libpico.a(clocks.c.obj)
                0x100080d8                clock_configure
 .text.clocks_init
                0x100081ac       0xf4 C:\Users\yukta\AppData\Local\Arduino15\packages\rp2040\hardware\rp2040\2.4.0/lib/libpico.a(clocks.c.obj)
                0x100081ac                clocks_init
 .text.clock_get_hz
                0x100082a0        0xc C:\Users\yukta\AppData\Local\Arduino15\packages\rp2040\hardware\rp2040\2.4.0/lib/libpico.a(clocks.c.obj)
                0x100082a0                clock_get_hz
 .text.lock_init
                0x100082ac       0x10 C:\Users\yukta\AppData\Local\Arduino15\packages\rp2040\hardware\rp2040\2.4.0/lib/libpico.a(lock_core.c.obj)
                0x100082ac                lock_init
 .text.critical_section_init_with_lock_num
                0x100082bc       0x14 C:\Users\yukta\AppData\Local\Arduino15\packages\rp2040\hardware\rp2040\2.4.0/lib/libpico.a(critical_section.c.obj)
                0x100082bc                critical_section_init_with_lock_num
 .text.critical_section_init
                0x100082d0       0x14 C:\Users\yukta\AppData\Local\Arduino15\packages\rp2040\hardware\rp2040\2.4.0/lib/libpico.a(critical_section.c.obj)
                0x100082d0                critical_section_init
 .text.pll_init
                0x100082e4       0x9c C:\Users\yukta\AppData\Local\Arduino15\packages\rp2040\hardware\rp2040\2.4.0/lib/libpico.a(pll.c.obj)
                0x100082e4                pll_init
 .text.watchdog_start_tick
                0x10008380       0x10 C:\Users\yukta\AppData\Local\Arduino15\packages\rp2040\hardware\rp2040\2.4.0/lib/libpico.a(watchdog.c.obj)
                0x10008380                watchdog_start_tick
 .text.xosc_init
                0x10008390       0x28 C:\Users\yukta\AppData\Local\Arduino15\packages\rp2040\hardware\rp2040\2.4.0/lib/libpico.a(xosc.c.obj)
                0x10008390                xosc_init
 .text.flash_get_unique_id
                0x100083b8       0x42 C:\Users\yukta\AppData\Local\Arduino15\packages\rp2040\hardware\rp2040\2.4.0/lib/libpico.a(flash.c.obj)
                0x100083b8                flash_get_unique_id
 *fill*         0x100083fa        0x2 
 .text.hw_endpoint_init
                0x100083fc       0xc8 C:\Users\yukta\AppData\Local\Arduino15\packages\rp2040\hardware\rp2040\2.4.0/lib/libpico.a(dcd_rp2040.c.obj)
 .text.reset_non_control_endpoints
                0x100084c4       0x3c C:\Users\yukta\AppData\Local\Arduino15\packages\rp2040\hardware\rp2040\2.4.0/lib/libpico.a(dcd_rp2040.c.obj)
 .text.dcd_rp2040_irq
                0x10008500      0x128 C:\Users\yukta\AppData\Local\Arduino15\packages\rp2040\hardware\rp2040\2.4.0/lib/libpico.a(dcd_rp2040.c.obj)
 .text.dcd_int_enable
                0x10008628        0xc C:\Users\yukta\AppData\Local\Arduino15\packages\rp2040\hardware\rp2040\2.4.0/lib/libpico.a(dcd_rp2040.c.obj)
                0x10008628                dcd_int_enable
 .text.dcd_set_address
                0x10008634       0x14 C:\Users\yukta\AppData\Local\Arduino15\packages\rp2040\hardware\rp2040\2.4.0/lib/libpico.a(dcd_rp2040.c.obj)
                0x10008634                dcd_set_address
 .text.dcd_connect
                0x10008648       0x10 C:\Users\yukta\AppData\Local\Arduino15\packages\rp2040\hardware\rp2040\2.4.0/lib/libpico.a(dcd_rp2040.c.obj)
                0x10008648                dcd_connect
 .text.dcd_init
                0x10008658       0x64 C:\Users\yukta\AppData\Local\Arduino15\packages\rp2040\hardware\rp2040\2.4.0/lib/libpico.a(dcd_rp2040.c.obj)
                0x10008658                dcd_init
 .text.dcd_edpt0_status_complete
                0x100086bc       0x18 C:\Users\yukta\AppData\Local\Arduino15\packages\rp2040\hardware\rp2040\2.4.0/lib/libpico.a(dcd_rp2040.c.obj)
                0x100086bc                dcd_edpt0_status_complete
 .text.dcd_edpt_open
                0x100086d4       0x20 C:\Users\yukta\AppData\Local\Arduino15\packages\rp2040\hardware\rp2040\2.4.0/lib/libpico.a(dcd_rp2040.c.obj)
                0x100086d4                dcd_edpt_open
 .text.dcd_edpt_close_all
                0x100086f4        0x8 C:\Users\yukta\AppData\Local\Arduino15\packages\rp2040\hardware\rp2040\2.4.0/lib/libpico.a(dcd_rp2040.c.obj)
                0x100086f4                dcd_edpt_close_all
 .text.dcd_edpt_xfer
                0x100086fc       0x24 C:\Users\yukta\AppData\Local\Arduino15\packages\rp2040\hardware\rp2040\2.4.0/lib/libpico.a(dcd_rp2040.c.obj)
                0x100086fc                dcd_edpt_xfer
 .text.dcd_edpt_stall
                0x10008720       0x34 C:\Users\yukta\AppData\Local\Arduino15\packages\rp2040\hardware\rp2040\2.4.0/lib/libpico.a(dcd_rp2040.c.obj)
                0x10008720                dcd_edpt_stall
 .text.dcd_edpt_clear_stall
                0x10008754       0x2c C:\Users\yukta\AppData\Local\Arduino15\packages\rp2040\hardware\rp2040\2.4.0/lib/libpico.a(dcd_rp2040.c.obj)
                0x10008754                dcd_edpt_clear_stall
 .text.prepare_ep_buffer
                0x10008780       0x66 C:\Users\yukta\AppData\Local\Arduino15\packages\rp2040\hardware\rp2040\2.4.0/lib/libpico.a(rp2040_usb.c.obj)
 .text.sync_ep_buffer
                0x100087e6       0x48 C:\Users\yukta\AppData\Local\Arduino15\packages\rp2040\hardware\rp2040\2.4.0/lib/libpico.a(rp2040_usb.c.obj)
 *fill*         0x1000882e        0x2 
 .text.rp2040_usb_init
                0x10008830       0x4c C:\Users\yukta\AppData\Local\Arduino15\packages\rp2040\hardware\rp2040\2.4.0/lib/libpico.a(rp2040_usb.c.obj)
                0x10008830                rp2040_usb_init
 .text.hw_endpoint_reset_transfer
                0x1000887c        0xc C:\Users\yukta\AppData\Local\Arduino15\packages\rp2040\hardware\rp2040\2.4.0/lib/libpico.a(rp2040_usb.c.obj)
                0x1000887c                hw_endpoint_reset_transfer
 .text._hw_endpoint_buffer_control_update32
                0x10008888       0x58 C:\Users\yukta\AppData\Local\Arduino15\packages\rp2040\hardware\rp2040\2.4.0/lib/libpico.a(rp2040_usb.c.obj)
                0x10008888                _hw_endpoint_buffer_control_update32
 .text._hw_endpoint_start_next_buffer
                0x100088e0       0x6c C:\Users\yukta\AppData\Local\Arduino15\packages\rp2040\hardware\rp2040\2.4.0/lib/libpico.a(rp2040_usb.c.obj)
 .text.hw_endpoint_xfer_start
                0x1000894c       0x14 C:\Users\yukta\AppData\Local\Arduino15\packages\rp2040\hardware\rp2040\2.4.0/lib/libpico.a(rp2040_usb.c.obj)
                0x1000894c                hw_endpoint_xfer_start
 .text.hw_endpoint_xfer_continue
                0x10008960       0x54 C:\Users\yukta\AppData\Local\Arduino15\packages\rp2040\hardware\rp2040\2.4.0/lib/libpico.a(rp2040_usb.c.obj)
                0x10008960                hw_endpoint_xfer_continue
 .text.unlikely._ZSt17__throw_bad_allocv
                0x100089b4        0x6 c:/users/yukta/appdata/local/arduino15/packages/rp2040/tools/pqt-gcc/1.4.0-c-0196c06/bin/../lib/gcc/arm-none-eabi/10.3.0/../../../../arm-none-eabi/lib/thumb\libstdc++.a(functexcept.o)
                0x100089b4                _ZSt17__throw_bad_allocv
 .text.unlikely._ZSt20__throw_length_errorPKc
                0x100089ba        0x6 c:/users/yukta/appdata/local/arduino15/packages/rp2040/tools/pqt-gcc/1.4.0-c-0196c06/bin/../lib/gcc/arm-none-eabi/10.3.0/../../../../arm-none-eabi/lib/thumb\libstdc++.a(functexcept.o)
                0x100089ba                _ZSt20__throw_length_errorPKc
 .text          0x100089c0        0xe c:/users/yukta/appdata/local/arduino15/packages/rp2040/tools/pqt-gcc/1.4.0-c-0196c06/bin/../lib/gcc/arm-none-eabi/10.3.0/../../../../arm-none-eabi/lib/thumb\libc.a(lib_a-abort.o)
                0x100089c0                abort
 .text          0x100089ce       0x14 c:/users/yukta/appdata/local/arduino15/packages/rp2040/tools/pqt-gcc/1.4.0-c-0196c06/bin/../lib/gcc/arm-none-eabi/10.3.0/../../../../arm-none-eabi/lib/thumb\libc.a(lib_a-calloc.o)
                0x100089ce                calloc
 .text          0x100089e2       0x9c c:/users/yukta/appdata/local/arduino15/packages/rp2040/tools/pqt-gcc/1.4.0-c-0196c06/bin/../lib/gcc/arm-none-eabi/10.3.0/../../../../arm-none-eabi/lib/thumb\libc.a(lib_a-callocr.o)
                0x100089e2                _calloc_r
 .text          0x10008a7e        0x8 c:/users/yukta/appdata/local/arduino15/packages/rp2040/tools/pqt-gcc/1.4.0-c-0196c06/bin/../lib/gcc/arm-none-eabi/10.3.0/../../../../arm-none-eabi/lib/thumb\libc.a(lib_a-errno.o)
                0x10008a7e                __errno
 *fill*         0x10008a86        0x2 
 .text          0x10008a88      0x238 c:/users/yukta/appdata/local/arduino15/packages/rp2040/tools/pqt-gcc/1.4.0-c-0196c06/bin/../lib/gcc/arm-none-eabi/10.3.0/../../../../arm-none-eabi/lib/thumb\libc.a(lib_a-findfp.o)
                0x10008ad0                _cleanup_r
                0x10008b10                __sfmoreglue
                0x10008b3c                _cleanup
                0x10008b4c                __sfp_lock_acquire
                0x10008b5c                __sfp_lock_release
                0x10008b6c                __sinit_lock_acquire
                0x10008b7c                __sinit_lock_release
                0x10008b8c                __sinit
                0x10008c00                __sfp
                0x10008c90                __fp_lock_all
                0x10008ca8                __fp_unlock_all
 .text          0x10008cc0       0x76 c:/users/yukta/appdata/local/arduino15/packages/rp2040/tools/pqt-gcc/1.4.0-c-0196c06/bin/../lib/gcc/arm-none-eabi/10.3.0/../../../../arm-none-eabi/lib/thumb\libc.a(lib_a-fwalk.o)
                0x10008cc0                _fwalk
                0x10008cf6                _fwalk_reent
 .text          0x10008d36       0x20 c:/users/yukta/appdata/local/arduino15/packages/rp2040/tools/pqt-gcc/1.4.0-c-0196c06/bin/../lib/gcc/arm-none-eabi/10.3.0/../../../../arm-none-eabi/lib/thumb\libc.a(lib_a-malloc.o)
                0x10008d36                malloc
                0x10008d46                free
 *fill*         0x10008d56        0x2 
 .text          0x10008d58      0x420 c:/users/yukta/appdata/local/arduino15/packages/rp2040/tools/pqt-gcc/1.4.0-c-0196c06/bin/../lib/gcc/arm-none-eabi/10.3.0/../../../../arm-none-eabi/lib/thumb\libc.a(lib_a-mallocr.o)
                0x10008d58                _malloc_r
 .text          0x10009178       0x20 c:/users/yukta/appdata/local/arduino15/packages/rp2040/tools/pqt-gcc/1.4.0-c-0196c06/bin/../lib/gcc/arm-none-eabi/10.3.0/../../../../arm-none-eabi/lib/thumb\libc.a(lib_a-mlock.o)
                0x10009178                __malloc_lock
                0x10009188                __malloc_unlock
 .text          0x10009198      0x5f0 c:/users/yukta/appdata/local/arduino15/packages/rp2040/tools/pqt-gcc/1.4.0-c-0196c06/bin/../lib/gcc/arm-none-eabi/10.3.0/../../../../arm-none-eabi/lib/thumb\libc.a(lib_a-nano-vfprintf_float.o)
                0x10009198                __cvt
                0x1000925e                __exponent
                0x100092ec                _printf_float
 .text          0x10009788      0x410 c:/users/yukta/appdata/local/arduino15/packages/rp2040/tools/pqt-gcc/1.4.0-c-0196c06/bin/../lib/gcc/arm-none-eabi/10.3.0/../../../../arm-none-eabi/lib/thumb\libc.a(lib_a-nano-vfprintf_i.o)
                0x10009788                _printf_common
                0x10009866                _printf_i
 .text          0x10009b98      0x410 c:/users/yukta/appdata/local/arduino15/packages/rp2040/tools/pqt-gcc/1.4.0-c-0196c06/bin/../lib/gcc/arm-none-eabi/10.3.0/../../../../arm-none-eabi/lib/thumb\libc.a(lib_a-nano-vfscanf_float.o)
                0x10009b98                _scanf_float
 .text          0x10009fa8       0x54 c:/users/yukta/appdata/local/arduino15/packages/rp2040/tools/pqt-gcc/1.4.0-c-0196c06/bin/../lib/gcc/arm-none-eabi/10.3.0/../../../../arm-none-eabi/lib/thumb\libc.a(lib_a-printf.o)
                0x10009fa8                _printf_r
                0x10009fa8                _iprintf_r
                0x10009fd0                iprintf
                0x10009fd0                printf
 .text          0x10009ffc       0xe0 c:/users/yukta/appdata/local/arduino15/packages/rp2040/tools/pqt-gcc/1.4.0-c-0196c06/bin/../lib/gcc/arm-none-eabi/10.3.0/../../../../arm-none-eabi/lib/thumb\libc.a(lib_a-puts.o)
                0x10009ffc                _puts_r
                0x1000a0cc                puts
 .text          0x1000a0dc       0x24 c:/users/yukta/appdata/local/arduino15/packages/rp2040/tools/pqt-gcc/1.4.0-c-0196c06/bin/../lib/gcc/arm-none-eabi/10.3.0/../../../../arm-none-eabi/lib/thumb\libc.a(lib_a-sbrkr.o)
                0x1000a0dc                _sbrk_r
 .text          0x1000a100        0x8 c:/users/yukta/appdata/local/arduino15/packages/rp2040/tools/pqt-gcc/1.4.0-c-0196c06/bin/../lib/gcc/arm-none-eabi/10.3.0/../../../../arm-none-eabi/lib/thumb\libc.a(lib_a-sf_nan.o)
                0x1000a100                nanf
 .text          0x1000a108      0x136 c:/users/yukta/appdata/local/arduino15/packages/rp2040/tools/pqt-gcc/1.4.0-c-0196c06/bin/../lib/gcc/arm-none-eabi/10.3.0/../../../../arm-none-eabi/lib/thumb\libc.a(lib_a-signal.o)
                0x1000a108                _init_signal_r
                0x1000a132                _signal_r
                0x1000a164                _raise_r
                0x1000a1b8                __sigtramp_r
                0x1000a1fe                raise
                0x1000a20e                signal
                0x1000a222                _init_signal
                0x1000a22e                __sigtramp
 *fill*         0x1000a23e        0x2 
 .text          0x1000a240       0x2c c:/users/yukta/appdata/local/arduino15/packages/rp2040/tools/pqt-gcc/1.4.0-c-0196c06/bin/../lib/gcc/arm-none-eabi/10.3.0/../../../../arm-none-eabi/lib/thumb\libc.a(lib_a-signalr.o)
                0x1000a240                _kill_r
                0x1000a264                _getpid_r
 .text          0x1000a26c       0x78 c:/users/yukta/appdata/local/arduino15/packages/rp2040/tools/pqt-gcc/1.4.0-c-0196c06/bin/../lib/gcc/arm-none-eabi/10.3.0/../../../../arm-none-eabi/lib/thumb\libc.a(lib_a-sprintf.o)
                0x1000a26c                _sprintf_r
                0x1000a26c                _siprintf_r
                0x1000a2a4                siprintf
                0x1000a2a4                sprintf
 .text          0x1000a2e4       0x9c c:/users/yukta/appdata/local/arduino15/packages/rp2040/tools/pqt-gcc/1.4.0-c-0196c06/bin/../lib/gcc/arm-none-eabi/10.3.0/../../../../arm-none-eabi/lib/thumb\libc.a(lib_a-stdio.o)
                0x1000a2e4                __sread
                0x1000a30c                __seofread
                0x1000a310                __swrite
                0x1000a348                __sseek
                0x1000a374                __sclose
 .text          0x1000a380        0xe c:/users/yukta/appdata/local/arduino15/packages/rp2040/tools/pqt-gcc/1.4.0-c-0196c06/bin/../lib/gcc/arm-none-eabi/10.3.0/../../../../arm-none-eabi/lib/thumb\libc.a(lib_a-strlen.o)
                0x1000a380                strlen
 *fill*         0x1000a38e        0x2 
 .text          0x1000a390      0xdfc c:/users/yukta/appdata/local/arduino15/packages/rp2040/tools/pqt-gcc/1.4.0-c-0196c06/bin/../lib/gcc/arm-none-eabi/10.3.0/../../../../arm-none-eabi/lib/thumb\libc.a(lib_a-strtod.o)
                0x1000a3c0                _strtod_l
                0x1000aff0                _strtod_r
                0x1000b000                strtod_l
                0x1000b018                strtod
                0x1000b034                strtof_l
                0x1000b0e0                strtof
 .text          0x1000b18c      0x154 c:/users/yukta/appdata/local/arduino15/packages/rp2040/tools/pqt-gcc/1.4.0-c-0196c06/bin/../lib/gcc/arm-none-eabi/10.3.0/../../../../arm-none-eabi/lib/thumb\libc.a(lib_a-strtol.o)
                0x1000b2a8                _strtol_r
                0x1000b2b0                strtol_l
                0x1000b2c8                strtol
 .text          0x1000b2e0       0x4a c:/users/yukta/appdata/local/arduino15/packages/rp2040/tools/pqt-gcc/1.4.0-c-0196c06/bin/../lib/gcc/arm-none-eabi/10.3.0/../../../../arm-none-eabi/lib/thumb\libc.a(lib_a-vprintf.o)
                0x1000b2e0                vprintf
                0x1000b2e0                viprintf
                0x1000b306                _vprintf_r
                0x1000b306                _viprintf_r
 *fill*         0x1000b32a        0x2 
 .text          0x1000b32c       0x28 c:/users/yukta/appdata/local/arduino15/packages/rp2040/tools/pqt-gcc/1.4.0-c-0196c06/bin/../lib/gcc/arm-none-eabi/10.3.0/../../../../arm-none-eabi/lib/thumb\libc.a(lib_a-writer.o)
                0x1000b32c                _write_r
 .text          0x1000b354       0x24 c:/users/yukta/appdata/local/arduino15/packages/rp2040/tools/pqt-gcc/1.4.0-c-0196c06/bin/../lib/gcc/arm-none-eabi/10.3.0/../../../../arm-none-eabi/lib/thumb\libc.a(lib_a-closer.o)
                0x1000b354                _close_r
 .text          0x1000b378      0xd4c c:/users/yukta/appdata/local/arduino15/packages/rp2040/tools/pqt-gcc/1.4.0-c-0196c06/bin/../lib/gcc/arm-none-eabi/10.3.0/../../../../arm-none-eabi/lib/thumb\libc.a(lib_a-dtoa.o)
                0x1000b48e                _dtoa_r
 .text          0x1000c0c4      0x100 c:/users/yukta/appdata/local/arduino15/packages/rp2040/tools/pqt-gcc/1.4.0-c-0196c06/bin/../lib/gcc/arm-none-eabi/10.3.0/../../../../arm-none-eabi/lib/thumb\libc.a(lib_a-fclose.o)
                0x1000c0c4                _fclose_r
                0x1000c1b4                fclose
 .text          0x1000c1c4      0x1dc c:/users/yukta/appdata/local/arduino15/packages/rp2040/tools/pqt-gcc/1.4.0-c-0196c06/bin/../lib/gcc/arm-none-eabi/10.3.0/../../../../arm-none-eabi/lib/thumb\libc.a(lib_a-fflush.o)
                0x1000c1c4                __sflush_r
                0x1000c2f4                _fflush_r
                0x1000c378                fflush
 .text          0x1000c3a0      0x200 c:/users/yukta/appdata/local/arduino15/packages/rp2040/tools/pqt-gcc/1.4.0-c-0196c06/bin/../lib/gcc/arm-none-eabi/10.3.0/../../../../arm-none-eabi/lib/thumb\libc.a(lib_a-freer.o)
                0x1000c3a0                _malloc_trim_r
                0x1000c43c                _free_r
 .text          0x1000c5a0      0x2d0 c:/users/yukta/appdata/local/arduino15/packages/rp2040/tools/pqt-gcc/1.4.0-c-0196c06/bin/../lib/gcc/arm-none-eabi/10.3.0/../../../../arm-none-eabi/lib/thumb\libc.a(lib_a-fvwrite.o)
                0x1000c5a0                __sfvwrite_r
 .text          0x1000c870      0x54c c:/users/yukta/appdata/local/arduino15/packages/rp2040/tools/pqt-gcc/1.4.0-c-0196c06/bin/../lib/gcc/arm-none-eabi/10.3.0/../../../../arm-none-eabi/lib/thumb\libc.a(lib_a-gdtoa-gethex.o)
                0x1000c918                __hexdig_fun
                0x1000c942                __gethex
 .text          0x1000cdbc      0x19c c:/users/yukta/appdata/local/arduino15/packages/rp2040/tools/pqt-gcc/1.4.0-c-0196c06/bin/../lib/gcc/arm-none-eabi/10.3.0/../../../../arm-none-eabi/lib/thumb\libc.a(lib_a-gdtoa-hexnan.o)
                0x1000cde0                __match
                0x1000ce08                __hexnan
 .text          0x1000cf58       0x64 c:/users/yukta/appdata/local/arduino15/packages/rp2040/tools/pqt-gcc/1.4.0-c-0196c06/bin/../lib/gcc/arm-none-eabi/10.3.0/../../../../arm-none-eabi/lib/thumb\libc.a(lib_a-locale.o)
                0x1000cf58                _setlocale_r
                0x1000cf98                __locale_mb_cur_max
                0x1000cfa8                setlocale
 .text          0x1000cfbc       0x14 c:/users/yukta/appdata/local/arduino15/packages/rp2040/tools/pqt-gcc/1.4.0-c-0196c06/bin/../lib/gcc/arm-none-eabi/10.3.0/../../../../arm-none-eabi/lib/thumb\libc.a(lib_a-localeconv.o)
                0x1000cfbc                __localeconv_l
                0x1000cfc0                _localeconv_r
                0x1000cfc8                localeconv
 .text          0x1000cfd0       0x28 c:/users/yukta/appdata/local/arduino15/packages/rp2040/tools/pqt-gcc/1.4.0-c-0196c06/bin/../lib/gcc/arm-none-eabi/10.3.0/../../../../arm-none-eabi/lib/thumb\libc.a(lib_a-lseekr.o)
                0x1000cfd0                _lseek_r
 .text          0x1000cff8       0x38 c:/users/yukta/appdata/local/arduino15/packages/rp2040/tools/pqt-gcc/1.4.0-c-0196c06/bin/../lib/gcc/arm-none-eabi/10.3.0/../../../../arm-none-eabi/lib/thumb\libc.a(lib_a-mbtowc_r.o)
                0x1000cff8                _mbtowc_r
                0x1000d00c                __ascii_mbtowc
 .text          0x1000d030      0x9c4 c:/users/yukta/appdata/local/arduino15/packages/rp2040/tools/pqt-gcc/1.4.0-c-0196c06/bin/../lib/gcc/arm-none-eabi/10.3.0/../../../../arm-none-eabi/lib/thumb\libc.a(lib_a-mprec.o)
                0x1000d030                _Balloc
                0x1000d0b8                _Bfree
                0x1000d100                __multadd
                0x1000d188                __s2b
                0x1000d220                __hi0bits
                0x1000d254                __lo0bits
                0x1000d2b0                __i2b
                0x1000d2dc                __multiply
                0x1000d43c                __pow5mult
                0x1000d4f4                __lshift
                0x1000d5d0                __mcmp
                0x1000d606                __mdiff
                0x1000d734                __ulp
                0x1000d77c                __b2d
                0x1000d81c                __d2b
                0x1000d8e4                __ratio
                0x1000d936                _mprec_log10
                0x1000d96c                __copybits
                0x1000d9ae                __any_on
 .text          0x1000d9f4      0x404 c:/users/yukta/appdata/local/arduino15/packages/rp2040/tools/pqt-gcc/1.4.0-c-0196c06/bin/../lib/gcc/arm-none-eabi/10.3.0/../../../../arm-none-eabi/lib/thumb\libc.a(lib_a-nano-svfprintf.o)
                0x1000d9f4                __ssputs_r
                0x1000dab8                __ssprint_r
                0x1000dbb8                _svfiprintf_r
                0x1000dbb8                _svfprintf_r
 .text          0x1000ddf8      0x3a4 c:/users/yukta/appdata/local/arduino15/packages/rp2040/tools/pqt-gcc/1.4.0-c-0196c06/bin/../lib/gcc/arm-none-eabi/10.3.0/../../../../arm-none-eabi/lib/thumb\libc.a(lib_a-nano-vfprintf.o)
                0x1000de22                __sfputs_r
                0x1000de6c                __sprint_r
                0x1000ded4                _vfiprintf_r
                0x1000ded4                _vfprintf_r
                0x1000e184                vfprintf
                0x1000e184                vfiprintf
 .text          0x1000e19c       0x28 c:/users/yukta/appdata/local/arduino15/packages/rp2040/tools/pqt-gcc/1.4.0-c-0196c06/bin/../lib/gcc/arm-none-eabi/10.3.0/../../../../arm-none-eabi/lib/thumb\libc.a(lib_a-readr.o)
                0x1000e19c                _read_r
 .text          0x1000e1c4      0x344 c:/users/yukta/appdata/local/arduino15/packages/rp2040/tools/pqt-gcc/1.4.0-c-0196c06/bin/../lib/gcc/arm-none-eabi/10.3.0/../../../../arm-none-eabi/lib/thumb\libc.a(lib_a-reallocr.o)
                0x1000e1c4                _realloc_r
 .text          0x1000e508        0xc c:/users/yukta/appdata/local/arduino15/packages/rp2040/tools/pqt-gcc/1.4.0-c-0196c06/bin/../lib/gcc/arm-none-eabi/10.3.0/../../../../arm-none-eabi/lib/thumb\libc.a(lib_a-s_nan.o)
                0x1000e508                nan
 .text          0x1000e514       0x14 c:/users/yukta/appdata/local/arduino15/packages/rp2040/tools/pqt-gcc/1.4.0-c-0196c06/bin/../lib/gcc/arm-none-eabi/10.3.0/../../../../arm-none-eabi/lib/thumb\libc.a(lib_a-strcmp.o)
                0x1000e514                strcmp
 .text          0x1000e528       0x24 c:/users/yukta/appdata/local/arduino15/packages/rp2040/tools/pqt-gcc/1.4.0-c-0196c06/bin/../lib/gcc/arm-none-eabi/10.3.0/../../../../arm-none-eabi/lib/thumb\libc.a(lib_a-strncmp.o)
                0x1000e528                strncmp
 .text          0x1000e54c       0xe0 c:/users/yukta/appdata/local/arduino15/packages/rp2040/tools/pqt-gcc/1.4.0-c-0196c06/bin/../lib/gcc/arm-none-eabi/10.3.0/../../../../arm-none-eabi/lib/thumb\libc.a(lib_a-wbuf.o)
                0x1000e54c                __swbuf_r
                0x1000e618                __swbuf
 .text          0x1000e62c       0x2c c:/users/yukta/appdata/local/arduino15/packages/rp2040/tools/pqt-gcc/1.4.0-c-0196c06/bin/../lib/gcc/arm-none-eabi/10.3.0/../../../../arm-none-eabi/lib/thumb\libc.a(lib_a-wctomb_r.o)
                0x1000e62c                _wctomb_r
                0x1000e63c                __ascii_wctomb
 .text          0x1000e658       0xec c:/users/yukta/appdata/local/arduino15/packages/rp2040/tools/pqt-gcc/1.4.0-c-0196c06/bin/../lib/gcc/arm-none-eabi/10.3.0/../../../../arm-none-eabi/lib/thumb\libc.a(lib_a-wsetup.o)
                0x1000e658                __swsetup_r
 .text          0x1000e744      0x120 c:/users/yukta/appdata/local/arduino15/packages/rp2040/tools/pqt-gcc/1.4.0-c-0196c06/bin/../lib/gcc/arm-none-eabi/10.3.0/../../../../arm-none-eabi/lib/thumb\libc.a(lib_a-fputwc.o)
                0x1000e744                __fputwc
                0x1000e7c0                _fputwc_r
                0x1000e816                fputwc
 .text          0x1000e864       0xf0 c:/users/yukta/appdata/local/arduino15/packages/rp2040/tools/pqt-gcc/1.4.0-c-0196c06/bin/../lib/gcc/arm-none-eabi/10.3.0/../../../../arm-none-eabi/lib/thumb\libc.a(lib_a-makebuf.o)
                0x1000e864                __swhatbuf_r
                0x1000e8c8                __smakebuf_r
 .text          0x1000e954       0x48 c:/users/yukta/appdata/local/arduino15/packages/rp2040/tools/pqt-gcc/1.4.0-c-0196c06/bin/../lib/gcc/arm-none-eabi/10.3.0/../../../../arm-none-eabi/lib/thumb\libc.a(lib_a-wcrtomb.o)
                0x1000e954                _wcrtomb_r
                0x1000e984                wcrtomb
 .text          0x1000e99c       0x24 c:/users/yukta/appdata/local/arduino15/packages/rp2040/tools/pqt-gcc/1.4.0-c-0196c06/bin/../lib/gcc/arm-none-eabi/10.3.0/../../../../arm-none-eabi/lib/thumb\libc.a(lib_a-fstatr.o)
                0x1000e99c                _fstat_r
 .text          0x1000e9c0       0x24 c:/users/yukta/appdata/local/arduino15/packages/rp2040/tools/pqt-gcc/1.4.0-c-0196c06/bin/../lib/gcc/arm-none-eabi/10.3.0/../../../../arm-none-eabi/lib/thumb\libc.a(lib_a-isattyr.o)
                0x1000e9c0                _isatty_r
 .text.__retarget_lock_init_recursive
                0x1000e9e4        0x8 C:\Users\yukta\AppData\Local\Temp\arduino-sketch-2804EADBC04C3C518E01F5BDEFDB659E/..\arduino-core-cache\core_58a14c0cca738d40f9904778e75cae82.a(lock.cpp.o)
                0x1000e9e4                __retarget_lock_init_recursive
 .text.__retarget_lock_close_recursive
                0x1000e9ec        0x2 C:\Users\yukta\AppData\Local\Temp\arduino-sketch-2804EADBC04C3C518E01F5BDEFDB659E/..\arduino-core-cache\core_58a14c0cca738d40f9904778e75cae82.a(lock.cpp.o)
                0x1000e9ec                __retarget_lock_close_recursive
 .text.__retarget_lock_acquire_recursive
                0x1000e9ee        0x8 C:\Users\yukta\AppData\Local\Temp\arduino-sketch-2804EADBC04C3C518E01F5BDEFDB659E/..\arduino-core-cache\core_58a14c0cca738d40f9904778e75cae82.a(lock.cpp.o)
                0x1000e9ee                __retarget_lock_acquire_recursive