Archive member included to satisfy reference by file (symbol)

C:\Users\yukta\AppData\Local\Arduino15\packages\rp2040\hardware\rp2040\2.4.0/lib/libpico.a(runtime.c.obj)
                              c:/users/yukta/appdata/local/arduino15/packages/rp2040/tools/pqt-gcc/1.4.0-c-0196c06/bin/../lib/gcc/arm-none-eabi/10.3.0/../../../../arm-none-eabi/lib/thumb/crt0.o (exit)
C:\Users\yukta\AppData\Local\Arduino15\packages\rp2040\hardware\rp2040\2.4.0/lib/libpico.a(mem_ops_aeabi.S.obj)
                              c:/users/yukta/appdata/local/arduino15/packages/rp2040/tools/pqt-gcc/1.4.0-c-0196c06/bin/../lib/gcc/arm-none-eabi/10.3.0/../../../../arm-none-eabi/lib/thumb/crt0.o (__wrap_memset)
C:\Users\yukta\AppData\Local\Arduino15\packages\rp2040\hardware\rp2040\2.4.0/lib/libpico.a(crt0.S.obj)
                              (_entry_point)
C:\Users\yukta\AppData\Local\Arduino15\packages\rp2040\hardware\rp2040\2.4.0/lib/libpico.a(sync.c.obj)
                              C:\Users\yukta\AppData\Local\Arduino15\packages\rp2040\hardware\rp2040\2.4.0/lib/libpico.a(runtime.c.obj) (spin_locks_reset)
C:\Users\yukta\AppData\Local\Arduino15\packages\rp2040\hardware\rp2040\2.4.0/lib/libpico.a(clocks.c.obj)
                              C:\Users\yukta\AppData\Local\Arduino15\packages\rp2040\hardware\rp2040\2.4.0/lib/libpico.a(runtime.c.obj) (clocks_init)
C:\Users\yukta\AppData\Local\Arduino15\packages\rp2040\hardware\rp2040\2.4.0/lib/libpico.a(gpio.c.obj)
                              C:\Users\yukta\AppData\Local\Arduino15\packages\rp2040\hardware\rp2040\2.4.0/lib/libpico.a(clocks.c.obj) (gpio_set_function)
C:\Users\yukta\AppData\Local\Arduino15\packages\rp2040\hardware\rp2040\2.4.0/lib/libpico.a(irq.c.obj)
                              C:\Users\yukta\AppData\Local\Arduino15\packages\rp2040\hardware\rp2040\2.4.0/lib/libpico.a(clocks.c.obj) (irq_set_enabled)
C:\Users\yukta\AppData\Local\Arduino15\packages\rp2040\hardware\rp2040\2.4.0/lib/libpico.a(irq_handler_chain.S.obj)
                              C:\Users\yukta\AppData\Local\Arduino15\packages\rp2040\hardware\rp2040\2.4.0/lib/libpico.a(irq.c.obj) (irq_handler_chain_slots)
C:\Users\yukta\AppData\Local\Arduino15\packages\rp2040\hardware\rp2040\2.4.0/lib/libpico.a(time.c.obj)
                              C:\Users\yukta\AppData\Local\Arduino15\packages\rp2040\hardware\rp2040\2.4.0/lib/libpico.a(runtime.c.obj) (alarm_pool_init_default)
C:\Users\yukta\AppData\Local\Arduino15\packages\rp2040\hardware\rp2040\2.4.0/lib/libpico.a(timer.c.obj)
                              C:\Users\yukta\AppData\Local\Arduino15\packages\rp2040\hardware\rp2040\2.4.0/lib/libpico.a(time.c.obj) (hardware_alarm_claim)
C:\Users\yukta\AppData\Local\Arduino15\packages\rp2040\hardware\rp2040\2.4.0/lib/libpico.a(pheap.c.obj)
                              C:\Users\yukta\AppData\Local\Arduino15\packages\rp2040\hardware\rp2040\2.4.0/lib/libpico.a(time.c.obj) (ph_post_alloc_init)
C:\Users\yukta\AppData\Local\Arduino15\packages\rp2040\hardware\rp2040\2.4.0/lib/libpico.a(mutex.c.obj)
                              C:\Users\yukta\AppData\Local\Arduino15\packages\rp2040\hardware\rp2040\2.4.0/lib/libpico.a(runtime.c.obj) (mutex_init)
C:\Users\yukta\AppData\Local\Arduino15\packages\rp2040\hardware\rp2040\2.4.0/lib/libpico.a(pll.c.obj)
                              C:\Users\yukta\AppData\Local\Arduino15\packages\rp2040\hardware\rp2040\2.4.0/lib/libpico.a(clocks.c.obj) (pll_init)
C:\Users\yukta\AppData\Local\Arduino15\packages\rp2040\hardware\rp2040\2.4.0/lib/libpico.a(watchdog.c.obj)
                              C:\Users\yukta\AppData\Local\Arduino15\packages\rp2040\hardware\rp2040\2.4.0/lib/libpico.a(clocks.c.obj) (watchdog_start_tick)
C:\Users\yukta\AppData\Local\Arduino15\packages\rp2040\hardware\rp2040\2.4.0/lib/libpico.a(xosc.c.obj)
                              C:\Users\yukta\AppData\Local\Arduino15\packages\rp2040\hardware\rp2040\2.4.0/lib/libpico.a(clocks.c.obj) (xosc_init)
C:\Users\yukta\AppData\Local\Arduino15\packages\rp2040\hardware\rp2040\2.4.0/lib/libpico.a(bootrom.c.obj)
                              C:\Users\yukta\AppData\Local\Arduino15\packages\rp2040\hardware\rp2040\2.4.0/lib/libpico.a(crt0.S.obj) (rom_func_lookup)
C:\Users\yukta\AppData\Local\Arduino15\packages\rp2040\hardware\rp2040\2.4.0/lib/libpico.a(divider.S.obj)
                              C:\Users\yukta\AppData\Local\Arduino15\packages\rp2040\hardware\rp2040\2.4.0/lib/libpico.a(clocks.c.obj) (__wrap___aeabi_uidiv)
C:\Users\yukta\AppData\Local\Arduino15\packages\rp2040\hardware\rp2040\2.4.0/lib/libpico.a(pico_int64_ops_aeabi.S.obj)
                              C:\Users\yukta\AppData\Local\Arduino15\packages\rp2040\hardware\rp2040\2.4.0/lib/libpico.a(time.c.obj) (__wrap___aeabi_lmul)
C:\Users\yukta\AppData\Local\Arduino15\packages\rp2040\hardware\rp2040\2.4.0/lib/libpico.a(claim.c.obj)
[...]
Memory Configuration

Name             Origin             Length             Attributes
FLASH            0x10000000         0x001ff000         xr
RAM              0x20000000         0x00040000         xrw
SCRATCH_X        0x20040000         0x00001000         xrw
SCRATCH_Y        0x20041000         0x00001000         xrw
*default*        0x00000000         0xffffffff

Linker script and memory map

LOAD c:/users/yukta/appdata/local/arduino15/packages/rp2040/tools/pqt-gcc/1.4.0-c-0196c06/bin/../lib/gcc/arm-none-eabi/10.3.0/thumb/crti.o
LOAD c:/users/yukta/appdata/local/arduino15/packages/rp2040/tools/pqt-gcc/1.4.0-c-0196c06/bin/../lib/gcc/arm-none-eabi/10.3.0/thumb/crtbegin.o
LOAD c:/users/yukta/appdata/local/arduino15/packages/rp2040/tools/pqt-gcc/1.4.0-c-0196c06/bin/../lib/gcc/arm-none-eabi/10.3.0/../../../../arm-none-eabi/lib/thumb/crt0.o
                [!provide]                PROVIDE (_EEPROM_start = 0x101ff000)
                [!provide]                PROVIDE (_FS_start = 0x101ff000)
                [!provide]                PROVIDE (_FS_end = 0x101ff000)

.flash_begin    0x10000000        0x0
                0x10000000                __flash_binary_start = .

.boot2          0x10000000      0x100
                0x10000000                __boot2_start__ = .
 *(.boot2)
 .boot2         0x10000000      0x100 C:\Users\yukta\AppData\Local\Temp\arduino-sketch-EE906E38DEF8A7C7F7FD5F6387BB6CD9/boot2.o
                0x10000100                __boot2_end__ = .
                0x00000001                ASSERT (((__boot2_end__ - __boot2_start__) == 0x100), ERROR: Pico second stage bootloader must be 256 bytes in size)

.ota            0x10000100     0x26ac
 *(.OTA)
 .OTA           0x10000100     0x26ac C:\Users\yukta\AppData\Local\Arduino15\packages\rp2040\hardware\rp2040\2.4.0/lib/ota.o
                0x10000100                _binary_ota_bin_start
                0x100027ac                _binary_ota_bin_end

.partition      0x100027ac      0x854
                0x10002ff0                . = (__flash_binary_start + 0x2ff0)
 *fill*         0x100027ac      0x844 
                0x10002ff0        0x4 LONG 0x101ff000
                0x10002ff4        0x4 LONG 0x101ff000
                0x10002ff8        0x4 LONG 0x101ff000
                0x10002ffc        0x4 LONG 0x1ff000

.text           0x10003000     0xa360
                0x10003000                __logical_binary_start = .
 *(.vectors)
 .vectors       0x10003000       0xd4 C:\Users\yukta\AppData\Local\Arduino15\packages\rp2040\hardware\rp2040\2.4.0/lib/libpico.a(crt0.S.obj)
                0x10003000                __VECTOR_TABLE
                0x10003000                __vectors
                0x100030c0                isr_invalid
                0x100030c0                __default_isrs_start
                0x100030c2                isr_nmi
                0x100030c4                isr_hardfault
                0x100030c6                isr_svcall
                0x100030c8                isr_pendsv
                0x100030ca                isr_systick
                0x100030cc                isr_irq23
                0x100030cc                isr_irq18
                0x100030cc                isr_irq11
                0x100030cc                isr_irq28
                0x100030cc                isr_irq19
                0x100030cc                isr_irq0
                0x100030cc                isr_irq6
                0x100030cc                isr_irq5
                0x100030cc                isr_irq12
                0x100030cc                isr_irq22
                0x100030cc                isr_irq31
                0x100030cc                isr_irq17
                0x100030cc                isr_irq27
                0x100030cc                isr_irq30
                0x100030cc                isr_irq2
                0x100030cc                isr_irq10
                0x100030cc                isr_irq8
                0x100030cc                isr_irq24
                0x100030cc                isr_irq1
                0x100030cc                isr_irq7
                0x100030cc                isr_irq21
                0x100030cc                isr_irq20
                0x100030cc                isr_irq15
                0x100030cc                isr_irq25
                0x100030cc                isr_irq13
                0x100030cc                __unhandled_user_irq
                0x100030cc                isr_irq4
                0x100030cc                isr_irq16
                0x100030cc                isr_irq29
                0x100030cc                isr_irq26
                0x100030cc                __default_isrs_end
                0x100030cc                isr_irq3
                0x100030cc                isr_irq14
                0x100030cc                isr_irq9
                0x100030d2                unhandled_user_irq_num_in_r0
 *(.binary_info_header)
 .binary_info_header
                0x100030d4       0x14 C:\Users\yukta\AppData\Local\Arduino15\packages\rp2040\hardware\rp2040\2.4.0/lib/libpico.a(crt0.S.obj)
                0x100030e8                __binary_info_header_end = .
 *(.reset)
 .reset         0x100030e8       0xa8 C:\Users\yukta\AppData\Local\Arduino15\packages\rp2040\hardware\rp2040\2.4.0/lib/libpico.a(crt0.S.obj)
                0x100030e8                _entry_point
                0x10003166                __get_current_exception
 *(.init)
 .init          0x10003190        0x4 c:/users/yukta/appdata/local/arduino15/packages/rp2040/tools/pqt-gcc/1.4.0-c-0196c06/bin/../lib/gcc/arm-none-eabi/10.3.0/thumb/crti.o
                0x10003190                _init
 *(EXCLUDE_FILE(*libm.a: *libc.a:*lib_a-mem*.o *libgcc.a:) .text*)
 .text          0x10003194       0x98 c:/users/yukta/appdata/local/arduino15/packages/rp2040/tools/pqt-gcc/1.4.0-c-0196c06/bin/../lib/gcc/arm-none-eabi/10.3.0/thumb/crtbegin.o
 .text._Z11timer_delaym
                0x1000322c       0x14 C:\Users\yukta\AppData\Local\Temp\arduino-sketch-EE906E38DEF8A7C7F7FD5F6387BB6CD9\sketch\timer-delay-pico.ino.cpp.o
                0x1000322c                _Z11timer_delaym
 .text.startup.main
                0x10003240       0x2c C:\Users\yukta\AppData\Local\Temp\arduino-sketch-EE906E38DEF8A7C7F7FD5F6387BB6CD9\sketch\timer-delay-pico.ino.cpp.o
                0x10003240                main
 .text.runtime_init
                0x1000326c       0xcc C:\Users\yukta\AppData\Local\Arduino15\packages\rp2040\hardware\rp2040\2.4.0/lib/libpico.a(runtime.c.obj)
                0x1000326c                runtime_init
 .text._sbrk    0x10003338       0x30 C:\Users\yukta\AppData\Local\Arduino15\packages\rp2040\hardware\rp2040\2.4.0/lib/libpico.a(runtime.c.obj)
                0x10003338                _sbrk
 .text.exit     0x10003368        0x4 C:\Users\yukta\AppData\Local\Arduino15\packages\rp2040\hardware\rp2040\2.4.0/lib/libpico.a(runtime.c.obj)
                0x10003368                exit
 .text.__assert_func
                0x1000336c       0x30 C:\Users\yukta\AppData\Local\Arduino15\packages\rp2040\hardware\rp2040\2.4.0/lib/libpico.a(runtime.c.obj)
                0x1000336c                __assert_func
 .text.panic    0x1000339c       0x2c C:\Users\yukta\AppData\Local\Arduino15\packages\rp2040\hardware\rp2040\2.4.0/lib/libpico.a(runtime.c.obj)
                0x1000339c                panic
 .text.hard_assertion_failure
                0x100033c8        0xc C:\Users\yukta\AppData\Local\Arduino15\packages\rp2040\hardware\rp2040\2.4.0/lib/libpico.a(runtime.c.obj)
                0x100033c8                hard_assertion_failure
 .text          0x100033d4       0x10 C:\Users\yukta\AppData\Local\Arduino15\packages\rp2040\hardware\rp2040\2.4.0/lib/libpico.a(mem_ops_aeabi.S.obj)
                0x100033d4                __aeabi_mem_init
 .text.memset   0x100033e4        0xc C:\Users\yukta\AppData\Local\Arduino15\packages\rp2040\hardware\rp2040\2.4.0/lib/libpico.a(mem_ops_aeabi.S.obj)
                0x100033e4                __wrap_memset
 .text.memcpy   0x100033f0        0xc C:\Users\yukta\AppData\Local\Arduino15\packages\rp2040\hardware\rp2040\2.4.0/lib/libpico.a(mem_ops_aeabi.S.obj)
                0x100033f0                __wrap_memcpy
                0x100033f0                __wrap___aeabi_memcpy
 .text.spin_locks_reset
                0x100033fc       0x1c C:\Users\yukta\AppData\Local\Arduino15\packages\rp2040\hardware\rp2040\2.4.0/lib/libpico.a(sync.c.obj)
                0x100033fc                spin_locks_reset
 .text.next_striped_spin_lock_num
                0x10003418       0x18 C:\Users\yukta\AppData\Local\Arduino15\packages\rp2040\hardware\rp2040\2.4.0/lib/libpico.a(sync.c.obj)
                0x10003418                next_striped_spin_lock_num
 .text.clock_configure
                0x10003430       0xd4 C:\Users\yukta\AppData\Local\Arduino15\packages\rp2040\hardware\rp2040\2.4.0/lib/libpico.a(clocks.c.obj)
                0x10003430                clock_configure
 .text.clocks_init
                0x10003504       0xf4 C:\Users\yukta\AppData\Local\Arduino15\packages\rp2040\hardware\rp2040\2.4.0/lib/libpico.a(clocks.c.obj)
                0x10003504                clocks_init
 .text.set_raw_irq_handler_and_unlock
                0x100035f8       0x28 C:\Users\yukta\AppData\Local\Arduino15\packages\rp2040\hardware\rp2040\2.4.0/lib/libpico.a(irq.c.obj)
 .text.irq_is_enabled
                0x10003620       0x18 C:\Users\yukta\AppData\Local\Arduino15\packages\rp2040\hardware\rp2040\2.4.0/lib/libpico.a(irq.c.obj)
                0x10003620                irq_is_enabled
 .text.irq_set_mask_enabled
                0x10003638       0x20 C:\Users\yukta\AppData\Local\Arduino15\packages\rp2040\hardware\rp2040\2.4.0/lib/libpico.a(irq.c.obj)
                0x10003638                irq_set_mask_enabled
 .text.irq_set_enabled
                0x10003658        0xe C:\Users\yukta\AppData\Local\Arduino15\packages\rp2040\hardware\rp2040\2.4.0/lib/libpico.a(irq.c.obj)
                0x10003658                irq_set_enabled
 *fill*         0x10003666        0x2 
 .text.irq_get_vtable_handler
                0x10003668       0x10 C:\Users\yukta\AppData\Local\Arduino15\packages\rp2040\hardware\rp2040\2.4.0/lib/libpico.a(irq.c.obj)
                0x10003668                irq_get_vtable_handler
 .text.irq_set_exclusive_handler
                0x10003678       0x40 C:\Users\yukta\AppData\Local\Arduino15\packages\rp2040\hardware\rp2040\2.4.0/lib/libpico.a(irq.c.obj)
                0x10003678                irq_set_exclusive_handler
 .text.irq_remove_handler
                0x100036b8      0x160 C:\Users\yukta\AppData\Local\Arduino15\packages\rp2040\hardware\rp2040\2.4.0/lib/libpico.a(irq.c.obj)
                0x100036b8                irq_remove_handler
 .text.irq_add_tail_to_free_list
                0x10003818       0xa8 C:\Users\yukta\AppData\Local\Arduino15\packages\rp2040\hardware\rp2040\2.4.0/lib/libpico.a(irq.c.obj)
                0x10003818                irq_add_tail_to_free_list
 .text.irq_init_priorities
                0x100038c0       0x24 C:\Users\yukta\AppData\Local\Arduino15\packages\rp2040\hardware\rp2040\2.4.0/lib/libpico.a(irq.c.obj)
                0x100038c0                irq_init_priorities
 .text.time_reached
                0x100038e4       0x28 C:\Users\yukta\AppData\Local\Arduino15\packages\rp2040\hardware\rp2040\2.4.0/lib/libpico.a(time.c.obj)
 .text.timer_pool_entry_comparator
                0x1000390c       0x30 C:\Users\yukta\AppData\Local\Arduino15\packages\rp2040\hardware\rp2040\2.4.0/lib/libpico.a(time.c.obj)
                0x1000390c                timer_pool_entry_comparator
 .text.alarm_pool_post_alloc_init
                0x1000393c       0x3c C:\Users\yukta\AppData\Local\Arduino15\packages\rp2040\hardware\rp2040\2.4.0/lib/libpico.a(time.c.obj)
 .text.sleep_until_callback
                0x10003978       0x30 C:\Users\yukta\AppData\Local\Arduino15\packages\rp2040\hardware\rp2040\2.4.0/lib/libpico.a(time.c.obj)
 .text.ph_add_child_node.isra.0
                0x100039a8       0x22 C:\Users\yukta\AppData\Local\Arduino15\packages\rp2040\hardware\rp2040\2.4.0/lib/libpico.a(time.c.obj)
 *fill*         0x100039ca        0x2 
 .text.add_alarm_under_lock
                0x100039cc       0xc8 C:\Users\yukta\AppData\Local\Arduino15\packages\rp2040\hardware\rp2040\2.4.0/lib/libpico.a(time.c.obj)
 .text.alarm_pool_alarm_callback
                0x10003a94      0x188 C:\Users\yukta\AppData\Local\Arduino15\packages\rp2040\hardware\rp2040\2.4.0/lib/libpico.a(time.c.obj)
 .text.alarm_pool_init_default
                0x10003c1c       0x34 C:\Users\yukta\AppData\Local\Arduino15\packages\rp2040\hardware\rp2040\2.4.0/lib/libpico.a(time.c.obj)
                0x10003c1c                alarm_pool_init_default
 .text.alarm_pool_add_alarm_at
                0x10003c50       0xda C:\Users\yukta\AppData\Local\Arduino15\packages\rp2040\hardware\rp2040\2.4.0/lib/libpico.a(time.c.obj)
                0x10003c50                alarm_pool_add_alarm_at
 .text.alarm_pool_cancel_alarm
                0x10003d2a       0x66 C:\Users\yukta\AppData\Local\Arduino15\packages\rp2040\hardware\rp2040\2.4.0/lib/libpico.a(time.c.obj)
                0x10003d2a                alarm_pool_cancel_alarm
 .text.best_effort_wfe_or_timeout
                0x10003d90       0x40 C:\Users\yukta\AppData\Local\Arduino15\packages\rp2040\hardware\rp2040\2.4.0/lib/libpico.a(time.c.obj)
                0x10003d90                best_effort_wfe_or_timeout
 .text.hardware_alarm_irq_handler
                0x10003dd0       0x90 C:\Users\yukta\AppData\Local\Arduino15\packages\rp2040\hardware\rp2040\2.4.0/lib/libpico.a(timer.c.obj)
 .text.hardware_alarm_claim
                0x10003e60       0x18 C:\Users\yukta\AppData\Local\Arduino15\packages\rp2040\hardware\rp2040\2.4.0/lib/libpico.a(timer.c.obj)
                0x10003e60                hardware_alarm_claim
 .text.time_us_64
                0x10003e78       0x14 C:\Users\yukta\AppData\Local\Arduino15\packages\rp2040\hardware\rp2040\2.4.0/lib/libpico.a(timer.c.obj)
                0x10003e78                time_us_64
 .text.hardware_alarm_set_callback
                0x10003e8c       0x94 C:\Users\yukta\AppData\Local\Arduino15\packages\rp2040\hardware\rp2040\2.4.0/lib/libpico.a(timer.c.obj)
                0x10003e8c                hardware_alarm_set_callback
 .text.hardware_alarm_set_target
                0x10003f20       0xbc C:\Users\yukta\AppData\Local\Arduino15\packages\rp2040\hardware\rp2040\2.4.0/lib/libpico.a(timer.c.obj)
                0x10003f20                hardware_alarm_set_target
 .text.hardware_alarm_cancel
                0x10003fdc       0x40 C:\Users\yukta\AppData\Local\Arduino15\packages\rp2040\hardware\rp2040\2.4.0/lib/libpico.a(timer.c.obj)
                0x10003fdc                hardware_alarm_cancel
 .text.ph_add_child_node.isra.0
                0x1000401c       0x22 C:\Users\yukta\AppData\Local\Arduino15\packages\rp2040\hardware\rp2040\2.4.0/lib/libpico.a(pheap.c.obj)
 .text.ph_merge_nodes
                0x1000403e       0x36 C:\Users\yukta\AppData\Local\Arduino15\packages\rp2040\hardware\rp2040\2.4.0/lib/libpico.a(pheap.c.obj)
 .text.ph_clear
                0x10004074       0x34 C:\Users\yukta\AppData\Local\Arduino15\packages\rp2040\hardware\rp2040\2.4.0/lib/libpico.a(pheap.c.obj)
                0x10004074                ph_clear
 .text.ph_post_alloc_init
                0x100040a8        0xe C:\Users\yukta\AppData\Local\Arduino15\packages\rp2040\hardware\rp2040\2.4.0/lib/libpico.a(pheap.c.obj)
                0x100040a8                ph_post_alloc_init
 .text.ph_merge_two_pass
                0x100040b6       0x48 C:\Users\yukta\AppData\Local\Arduino15\packages\rp2040\hardware\rp2040\2.4.0/lib/libpico.a(pheap.c.obj)
                0x100040b6                ph_merge_two_pass
 .text.ph_remove_any_head
                0x100040fe       0x4a C:\Users\yukta\AppData\Local\Arduino15\packages\rp2040\hardware\rp2040\2.4.0/lib/libpico.a(pheap.c.obj)
 .text.ph_remove_head
                0x10004148       0x14 C:\Users\yukta\AppData\Local\Arduino15\packages\rp2040\hardware\rp2040\2.4.0/lib/libpico.a(pheap.c.obj)
                0x10004148                ph_remove_head
 .text.ph_remove_and_free_node
                0x1000415c       0x6e C:\Users\yukta\AppData\Local\Arduino15\packages\rp2040\hardware\rp2040\2.4.0/lib/libpico.a(pheap.c.obj)
                0x1000415c                ph_remove_and_free_node
 .text.mutex_init
                0x100041ca       0x1a C:\Users\yukta\AppData\Local\Arduino15\packages\rp2040\hardware\rp2040\2.4.0/lib/libpico.a(mutex.c.obj)
                0x100041ca                mutex_init
 .text.recursive_mutex_init
                0x100041e4       0x1a C:\Users\yukta\AppData\Local\Arduino15\packages\rp2040\hardware\rp2040\2.4.0/lib/libpico.a(mutex.c.obj)
                0x100041e4                recursive_mutex_init
 *fill*         0x100041fe        0x2 
 .text.pll_init
                0x10004200       0x9c C:\Users\yukta\AppData\Local\Arduino15\packages\rp2040\hardware\rp2040\2.4.0/lib/libpico.a(pll.c.obj)
                0x10004200                pll_init
 .text.watchdog_start_tick
                0x1000429c       0x10 C:\Users\yukta\AppData\Local\Arduino15\packages\rp2040\hardware\rp2040\2.4.0/lib/libpico.a(watchdog.c.obj)
                0x1000429c                watchdog_start_tick
 .text.xosc_init
                0x100042ac       0x28 C:\Users\yukta\AppData\Local\Arduino15\packages\rp2040\hardware\rp2040\2.4.0/lib/libpico.a(xosc.c.obj)
                0x100042ac                xosc_init
 .text.rom_func_lookup
                0x100042d4       0x10 C:\Users\yukta\AppData\Local\Arduino15\packages\rp2040\hardware\rp2040\2.4.0/lib/libpico.a(bootrom.c.obj)
                0x100042d4                rom_func_lookup
 .text.rom_data_lookup
                0x100042e4       0x10 C:\Users\yukta\AppData\Local\Arduino15\packages\rp2040\hardware\rp2040\2.4.0/lib/libpico.a(bootrom.c.obj)
                0x100042e4                rom_data_lookup
 .text.rom_funcs_lookup
                0x100042f4       0x26 C:\Users\yukta\AppData\Local\Arduino15\packages\rp2040\hardware\rp2040\2.4.0/lib/libpico.a(bootrom.c.obj)
                0x100042f4                rom_funcs_lookup
 *fill*         0x1000431a        0x2 
 .text.__wrap___aeabi_idiv
                0x1000431c       0x50 C:\Users\yukta\AppData\Local\Arduino15\packages\rp2040\hardware\rp2040\2.4.0/lib/libpico.a(divider.S.obj)
                0x1000431c                __wrap___aeabi_idivmod
                0x1000431c                divmod_s32s32
                0x1000431c                div_s32s32
                0x1000431c                __wrap___aeabi_idiv
                0x10004324                divmod_s32s32_unsafe
                0x10004350                divmod_s32s32_savestate
 .text.__wrap___aeabi_uidiv
                0x1000436c       0x4c C:\Users\yukta\AppData\Local\Arduino15\packages\rp2040\hardware\rp2040\2.4.0/lib/libpico.a(divider.S.obj)
                0x1000436c                __wrap___aeabi_uidiv
                0x1000436c                __wrap___aeabi_uidivmod
                0x1000436c                div_u32u32
                0x1000436c                divmod_u32u32
                0x10004374                divmod_u32u32_unsafe
                0x1000439c                divmod_u32u32_savestate
 .text.__wrap___aeabi_ldiv
                0x100043b8      0x434 C:\Users\yukta\AppData\Local\Arduino15\packages\rp2040\hardware\rp2040\2.4.0/lib/libpico.a(divider.S.obj)
                0x100043b8                div_s64s64
                0x100043b8                divmod_s64s64
                0x100043b8                __wrap___aeabi_ldivmod
                0x100043f0                divmod_u64u64
                0x100043f0                div_u64u64
                0x100043f0                __wrap___aeabi_uldivmod
                0x10004400                divmod_u64u64_savestate
                0x10004428                divmod_s64s64_unsafe
                0x100044b0                divmod_u64u64_unsafe
 .text.__aeabi_lmul
                0x100047ec       0x32 C:\Users\yukta\AppData\Local\Arduino15\packages\rp2040\hardware\rp2040\2.4.0/lib/libpico.a(pico_int64_ops_aeabi.S.obj)
                0x100047ec                __wrap___aeabi_lmul
 *fill*         0x1000481e        0x2 
 .text.hw_claim_lock
                0x10004820       0x18 C:\Users\yukta\AppData\Local\Arduino15\packages\rp2040\hardware\rp2040\2.4.0/lib/libpico.a(claim.c.obj)
                0x10004820                hw_claim_lock
 .text.hw_claim_unlock
                0x10004838       0x14 C:\Users\yukta\AppData\Local\Arduino15\packages\rp2040\hardware\rp2040\2.4.0/lib/libpico.a(claim.c.obj)
                0x10004838                hw_claim_unlock
 .text.hw_is_claimed
                0x1000484c       0x16 C:\Users\yukta\AppData\Local\Arduino15\packages\rp2040\hardware\rp2040\2.4.0/lib/libpico.a(claim.c.obj)
                0x1000484c                hw_is_claimed
 .text.hw_claim_or_assert
                0x10004862       0x3a C:\Users\yukta\AppData\Local\Arduino15\packages\rp2040\hardware\rp2040\2.4.0/lib/libpico.a(claim.c.obj)
                0x10004862                hw_claim_or_assert
 .text.running_on_fpga
                0x1000489c       0x10 C:\Users\yukta\AppData\Local\Arduino15\packages\rp2040\hardware\rp2040\2.4.0/lib/libpico.a(platform.c.obj)
                0x1000489c                running_on_fpga
 .text.lock_init
                0x100048ac       0x10 C:\Users\yukta\AppData\Local\Arduino15\packages\rp2040\hardware\rp2040\2.4.0/lib/libpico.a(lock_core.c.obj)
                0x100048ac                lock_init
 .text          0x100048bc       0x9c c:/users/yukta/appdata/local/arduino15/packages/rp2040/tools/pqt-gcc/1.4.0-c-0196c06/bin/../lib/gcc/arm-none-eabi/10.3.0/../../../../arm-none-eabi/lib/thumb\libc.a(lib_a-callocr.o)
                0x100048bc                _calloc_r
 .text          0x10004958        0x8 c:/users/yukta/appdata/local/arduino15/packages/rp2040/tools/pqt-gcc/1.4.0-c-0196c06/bin/../lib/gcc/arm-none-eabi/10.3.0/../../../../arm-none-eabi/lib/thumb\libc.a(lib_a-errno.o)
                0x10004958                __errno
 .text          0x10004960       0x20 c:/users/yukta/appdata/local/arduino15/packages/rp2040/tools/pqt-gcc/1.4.0-c-0196c06/bin/../lib/gcc/arm-none-eabi/10.3.0/../../../../arm-none-eabi/lib/thumb\libc.a(lib_a-malloc.o)
                0x10004960                malloc
                0x10004970                free
 .text          0x10004980      0x420 c:/users/yukta/appdata/local/arduino15/packages/rp2040/tools/pqt-gcc/1.4.0-c-0196c06/bin/../lib/gcc/arm-none-eabi/10.3.0/../../../../arm-none-eabi/lib/thumb\libc.a(lib_a-mallocr.o)
                0x10004980                _malloc_r
 .text          0x10004da0       0x20 c:/users/yukta/appdata/local/arduino15/packages/rp2040/tools/pqt-gcc/1.4.0-c-0196c06/bin/../lib/gcc/arm-none-eabi/10.3.0/../../../../arm-none-eabi/lib/thumb\libc.a(lib_a-mlock.o)
                0x10004da0                __malloc_lock
                0x10004db0                __malloc_unlock
 .text          0x10004dc0      0x5f0 c:/users/yukta/appdata/local/arduino15/packages/rp2040/tools/pqt-gcc/1.4.0-c-0196c06/bin/../lib/gcc/arm-none-eabi/10.3.0/../../../../arm-none-eabi/lib/thumb\libc.a(lib_a-nano-vfprintf_float.o)
                0x10004dc0                __cvt
                0x10004e86                __exponent
                0x10004f14                _printf_float
 .text          0x100053b0      0x410 c:/users/yukta/appdata/local/arduino15/packages/rp2040/tools/pqt-gcc/1.4.0-c-0196c06/bin/../lib/gcc/arm-none-eabi/10.3.0/../../../../arm-none-eabi/lib/thumb\libc.a(lib_a-nano-vfprintf_i.o)
                0x100053b0                _printf_common
                0x1000548e                _printf_i
 .text          0x100057c0      0x410 c:/users/yukta/appdata/local/arduino15/packages/rp2040/tools/pqt-gcc/1.4.0-c-0196c06/bin/../lib/gcc/arm-none-eabi/10.3.0/../../../../arm-none-eabi/lib/thumb\libc.a(lib_a-nano-vfscanf_float.o)
                0x100057c0                _scanf_float
 .text          0x10005bd0       0x54 c:/users/yukta/appdata/local/arduino15/packages/rp2040/tools/pqt-gcc/1.4.0-c-0196c06/bin/../lib/gcc/arm-none-eabi/10.3.0/../../../../arm-none-eabi/lib/thumb\libc.a(lib_a-printf.o)
                0x10005bd0                _printf_r
                0x10005bd0                _iprintf_r
                0x10005bf8                iprintf
                0x10005bf8                printf
 .text          0x10005c24       0xe0 c:/users/yukta/appdata/local/arduino15/packages/rp2040/tools/pqt-gcc/1.4.0-c-0196c06/bin/../lib/gcc/arm-none-eabi/10.3.0/../../../../arm-none-eabi/lib/thumb\libc.a(lib_a-puts.o)
                0x10005c24                _puts_r
                0x10005cf4                puts
 .text          0x10005d04       0x24 c:/users/yukta/appdata/local/arduino15/packages/rp2040/tools/pqt-gcc/1.4.0-c-0196c06/bin/../lib/gcc/arm-none-eabi/10.3.0/../../../../arm-none-eabi/lib/thumb\libc.a(lib_a-sbrkr.o)
                0x10005d04                _sbrk_r
 .text          0x10005d28        0x8 c:/users/yukta/appdata/local/arduino15/packages/rp2040/tools/pqt-gcc/1.4.0-c-0196c06/bin/../lib/gcc/arm-none-eabi/10.3.0/../../../../arm-none-eabi/lib/thumb\libc.a(lib_a-sf_nan.o)
                0x10005d28                nanf
 .text          0x10005d30       0x78 c:/users/yukta/appdata/local/arduino15/packages/rp2040/tools/pqt-gcc/1.4.0-c-0196c06/bin/../lib/gcc/arm-none-eabi/10.3.0/../../../../arm-none-eabi/lib/thumb\libc.a(lib_a-sprintf.o)
                0x10005d30                _sprintf_r
                0x10005d30                _siprintf_r
                0x10005d68                siprintf
                0x10005d68                sprintf
 .text          0x10005da8        0xe c:/users/yukta/appdata/local/arduino15/packages/rp2040/tools/pqt-gcc/1.4.0-c-0196c06/bin/../lib/gcc/arm-none-eabi/10.3.0/../../../../arm-none-eabi/lib/thumb\libc.a(lib_a-strlen.o)
                0x10005da8                strlen
 *fill*         0x10005db6        0x2 
 .text          0x10005db8      0xdfc c:/users/yukta/appdata/local/arduino15/packages/rp2040/tools/pqt-gcc/1.4.0-c-0196c06/bin/../lib/gcc/arm-none-eabi/10.3.0/../../../../arm-none-eabi/lib/thumb\libc.a(lib_a-strtod.o)
                0x10005de8                _strtod_l
                0x10006a18                _strtod_r
                0x10006a28                strtod_l
                0x10006a40                strtod
                0x10006a5c                strtof_l
                0x10006b08                strtof
 .text          0x10006bb4      0x154 c:/users/yukta/appdata/local/arduino15/packages/rp2040/tools/pqt-gcc/1.4.0-c-0196c06/bin/../lib/gcc/arm-none-eabi/10.3.0/../../../../arm-none-eabi/lib/thumb\libc.a(lib_a-strtol.o)
                0x10006cd0                _strtol_r
                0x10006cd8                strtol_l
                0x10006cf0                strtol
 .text          0x10006d08       0x4a c:/users/yukta/appdata/local/arduino15/packages/rp2040/tools/pqt-gcc/1.4.0-c-0196c06/bin/../lib/gcc/arm-none-eabi/10.3.0/../../../../arm-none-eabi/lib/thumb\libc.a(lib_a-vprintf.o)
                0x10006d08                vprintf
                0x10006d08                viprintf
                0x10006d2e                _vprintf_r
                0x10006d2e                _viprintf_r
 *fill*         0x10006d52        0x2 
 .text          0x10006d54      0xd4c c:/users/yukta/appdata/local/arduino15/packages/rp2040/tools/pqt-gcc/1.4.0-c-0196c06/bin/../lib/gcc/arm-none-eabi/10.3.0/../../../../arm-none-eabi/lib/thumb\libc.a(lib_a-dtoa.o)
                0x10006e6a                _dtoa_r
 .text          0x10007aa0      0x238 c:/users/yukta/appdata/local/arduino15/packages/rp2040/tools/pqt-gcc/1.4.0-c-0196c06/bin/../lib/gcc/arm-none-eabi/10.3.0/../../../../arm-none-eabi/lib/thumb\libc.a(lib_a-findfp.o)
                0x10007ae8                _cleanup_r
                0x10007b28                __sfmoreglue
                0x10007b54                _cleanup
                0x10007b64                __sfp_lock_acquire
                0x10007b74                __sfp_lock_release
                0x10007b84                __sinit_lock_acquire
                0x10007b94                __sinit_lock_release
                0x10007ba4                __sinit
                0x10007c18                __sfp
                0x10007ca8                __fp_lock_all
                0x10007cc0                __fp_unlock_all
 .text          0x10007cd8      0x200 c:/users/yukta/appdata/local/arduino15/packages/rp2040/tools/pqt-gcc/1.4.0-c-0196c06/bin/../lib/gcc/arm-none-eabi/10.3.0/../../../../arm-none-eabi/lib/thumb\libc.a(lib_a-freer.o)
                0x10007cd8                _malloc_trim_r
                0x10007d74                _free_r
 .text          0x10007ed8      0x2d0 c:/users/yukta/appdata/local/arduino15/packages/rp2040/tools/pqt-gcc/1.4.0-c-0196c06/bin/../lib/gcc/arm-none-eabi/10.3.0/../../../../arm-none-eabi/lib/thumb\libc.a(lib_a-fvwrite.o)
                0x10007ed8                __sfvwrite_r
 .text          0x100081a8       0x76 c:/users/yukta/appdata/local/arduino15/packages/rp2040/tools/pqt-gcc/1.4.0-c-0196c06/bin/../lib/gcc/arm-none-eabi/10.3.0/../../../../arm-none-eabi/lib/thumb\libc.a(lib_a-fwalk.o)
                0x100081a8                _fwalk
                0x100081de                _fwalk_reent
 *fill*         0x1000821e        0x2 
 .text          0x10008220      0x54c c:/users/yukta/appdata/local/arduino15/packages/rp2040/tools/pqt-gcc/1.4.0-c-0196c06/bin/../lib/gcc/arm-none-eabi/10.3.0/../../../../arm-none-eabi/lib/thumb\libc.a(lib_a-gdtoa-gethex.o)
                0x100082c8                __hexdig_fun
                0x100082f2                __gethex
 .text          0x1000876c      0x19c c:/users/yukta/appdata/local/arduino15/packages/rp2040/tools/pqt-gcc/1.4.0-c-0196c06/bin/../lib/gcc/arm-none-eabi/10.3.0/../../../../arm-none-eabi/lib/thumb\libc.a(lib_a-gdtoa-hexnan.o)
                0x10008790                __match
                0x100087b8                __hexnan
 .text          0x10008908       0x64 c:/users/yukta/appdata/local/arduino15/packages/rp2040/tools/pqt-gcc/1.4.0-c-0196c06/bin/../lib/gcc/arm-none-eabi/10.3.0/../../../../arm-none-eabi/lib/thumb\libc.a(lib_a-locale.o)
                0x10008908                _setlocale_r
                0x10008948                __locale_mb_cur_max
                0x10008958                setlocale
 .text          0x1000896c       0x14 c:/users/yukta/appdata/local/arduino15/packages/rp2040/tools/pqt-gcc/1.4.0-c-0196c06/bin/../lib/gcc/arm-none-eabi/10.3.0/../../../../arm-none-eabi/lib/thumb\libc.a(lib_a-localeconv.o)
                0x1000896c                __localeconv_l
                0x10008970                _localeconv_r
                0x10008978                localeconv
 .text          0x10008980       0x38 c:/users/yukta/appdata/local/arduino15/packages/rp2040/tools/pqt-gcc/1.4.0-c-0196c06/bin/../lib/gcc/arm-none-eabi/10.3.0/../../../../arm-none-eabi/lib/thumb\libc.a(lib_a-mbtowc_r.o)
                0x10008980                _mbtowc_r
                0x10008994                __ascii_mbtowc
 .text          0x100089b8      0x9c4 c:/users/yukta/appdata/local/arduino15/packages/rp2040/tools/pqt-gcc/1.4.0-c-0196c06/bin/../lib/gcc/arm-none-eabi/10.3.0/../../../../arm-none-eabi/lib/thumb\libc.a(lib_a-mprec.o)
                0x100089b8                _Balloc
                0x10008a40                _Bfree
                0x10008a88                __multadd
                0x10008b10                __s2b
                0x10008ba8                __hi0bits
                0x10008bdc                __lo0bits
                0x10008c38                __i2b
                0x10008c64                __multiply
                0x10008dc4                __pow5mult
                0x10008e7c                __lshift
                0x10008f58                __mcmp
                0x10008f8e                __mdiff
                0x100090bc                __ulp
                0x10009104                __b2d
                0x100091a4                __d2b
                0x1000926c                __ratio
                0x100092be                _mprec_log10
                0x100092f4                __copybits
                0x10009336                __any_on
 .text          0x1000937c      0x404 c:/users/yukta/appdata/local/arduino15/packages/rp2040/tools/pqt-gcc/1.4.0-c-0196c06/bin/../lib/gcc/arm-none-eabi/10.3.0/../../../../arm-none-eabi/lib/thumb\libc.a(lib_a-nano-svfprintf.o)
                0x1000937c                __ssputs_r
                0x10009440                __ssprint_r
                0x10009540                _svfiprintf_r
                0x10009540                _svfprintf_r
 .text          0x10009780      0x3a4 c:/users/yukta/appdata/local/arduino15/packages/rp2040/tools/pqt-gcc/1.4.0-c-0196c06/bin/../lib/gcc/arm-none-eabi/10.3.0/../../../../arm-none-eabi/lib/thumb\libc.a(lib_a-nano-vfprintf.o)
                0x100097aa                __sfputs_r
                0x100097f4                __sprint_r
                0x1000985c                _vfiprintf_r
                0x1000985c                _vfprintf_r
                0x10009b0c                vfprintf
                0x10009b0c                vfiprintf
 .text          0x10009b24      0x344 c:/users/yukta/appdata/local/arduino15/packages/rp2040/tools/pqt-gcc/1.4.0-c-0196c06/bin/../lib/gcc/arm-none-eabi/10.3.0/../../../../arm-none-eabi/lib/thumb\libc.a(lib_a-reallocr.o)
                0x10009b24                _realloc_r
 .text          0x10009e68        0xc c:/users/yukta/appdata/local/arduino15/packages/rp2040/tools/pqt-gcc/1.4.0-c-0196c06/bin/../lib/gcc/arm-none-eabi/10.3.0/../../../../arm-none-eabi/lib/thumb\libc.a(lib_a-s_nan.o)
                0x10009e68                nan
 .text          0x10009e74       0x9c c:/users/yukta/appdata/local/arduino15/packages/rp2040/tools/pqt-gcc/1.4.0-c-0196c06/bin/../lib/gcc/arm-none-eabi/10.3.0/../../../../arm-none-eabi/lib/thumb\libc.a(lib_a-stdio.o)
                0x10009e74                __sread
                0x10009e9c                __seofread
                0x10009ea0                __swrite
                0x10009ed8                __sseek
                0x10009f04                __sclose
 .text          0x10009f10       0x14 c:/users/yukta/appdata/local/arduino15/packages/rp2040/tools/pqt-gcc/1.4.0-c-0196c06/bin/../lib/gcc/arm-none-eabi/10.3.0/../../../../arm-none-eabi/lib/thumb\libc.a(lib_a-strcmp.o)
                0x10009f10                strcmp
 .text          0x10009f24       0x24 c:/users/yukta/appdata/local/arduino15/packages/rp2040/tools/pqt-gcc/1.4.0-c-0196c06/bin/../lib/gcc/arm-none-eabi/10.3.0/../../../../arm-none-eabi/lib/thumb\libc.a(lib_a-strncmp.o)
                0x10009f24                strncmp
 .text          0x10009f48       0xe0 c:/users/yukta/appdata/local/arduino15/packages/rp2040/tools/pqt-gcc/1.4.0-c-0196c06/bin/../lib/gcc/arm-none-eabi/10.3.0/../../../../arm-none-eabi/lib/thumb\libc.a(lib_a-wbuf.o)
                0x10009f48                __swbuf_r
                0x1000a014                __swbuf
 .text          0x1000a028       0x2c c:/users/yukta/appdata/local/arduino15/packages/rp2040/tools/pqt-gcc/1.4.0-c-0196c06/bin/../lib/gcc/arm-none-eabi/10.3.0/../../../../arm-none-eabi/lib/thumb\libc.a(lib_a-wctomb_r.o)
                0x1000a028                _wctomb_r
                0x1000a038                __ascii_wctomb
 .text          0x1000a054       0x28 c:/users/yukta/appdata/local/arduino15/packages/rp2040/tools/pqt-gcc/1.4.0-c-0196c06/bin/../lib/gcc/arm-none-eabi/10.3.0/../../../../arm-none-eabi/lib/thumb\libc.a(lib_a-writer.o)
                0x1000a054                _write_r
 .text          0x1000a07c       0xec c:/users/yukta/appdata/local/arduino15/packages/rp2040/tools/pqt-gcc/1.4.0-c-0196c06/bin/../lib/gcc/arm-none-eabi/10.3.0/../../../../arm-none-eabi/lib/thumb\libc.a(lib_a-wsetup.o)
                0x1000a07c                __swsetup_r
 .text          0x1000a168       0x24 c:/users/yukta/appdata/local/arduino15/packages/rp2040/tools/pqt-gcc/1.4.0-c-0196c06/bin/../lib/gcc/arm-none-eabi/10.3.0/../../../../arm-none-eabi/lib/thumb\libc.a(lib_a-closer.o)
                0x1000a168                _close_r
 .text          0x1000a18c      0x100 c:/users/yukta/appdata/local/arduino15/packages/rp2040/tools/pqt-gcc/1.4.0-c-0196c06/bin/../lib/gcc/arm-none-eabi/10.3.0/../../../../arm-none-eabi/lib/thumb\libc.a(lib_a-fclose.o)
                0x1000a18c                _fclose_r
                0x1000a27c                fclose
 .text          0x1000a28c      0x1dc c:/users/yukta/appdata/local/arduino15/packages/rp2040/tools/pqt-gcc/1.4.0-c-0196c06/bin/../lib/gcc/arm-none-eabi/10.3.0/../../../../arm-none-eabi/lib/thumb\libc.a(lib_a-fflush.o)
                0x1000a28c                __sflush_r
                0x1000a3bc                _fflush_r
                0x1000a440                fflush
 .text          0x1000a468      0x120 c:/users/yukta/appdata/local/arduino15/packages/rp2040/tools/pqt-gcc/1.4.0-c-0196c06/bin/../lib/gcc/arm-none-eabi/10.3.0/../../../../arm-none-eabi/lib/thumb\libc.a(lib_a-fputwc.o)
                0x1000a468                __fputwc
                0x1000a4e4                _fputwc_r
                0x1000a53a                fputwc
 .text          0x1000a588       0x28 c:/users/yukta/appdata/local/arduino15/packages/rp2040/tools/pqt-gcc/1.4.0-c-0196c06/bin/../lib/gcc/arm-none-eabi/10.3.0/../../../../arm-none-eabi/lib/thumb\libc.a(lib_a-lseekr.o)
                0x1000a588                _lseek_r
 .text          0x1000a5b0       0xf0 c:/users/yukta/appdata/local/arduino15/packages/rp2040/tools/pqt-gcc/1.4.0-c-0196c06/bin/../lib/gcc/arm-none-eabi/10.3.0/../../../../arm-none-eabi/lib/thumb\libc.a(lib_a-makebuf.o)
                0x1000a5b0                __swhatbuf_r
                0x1000a614                __smakebuf_r
 .text          0x1000a6a0       0x28 c:/users/yukta/appdata/local/arduino15/packages/rp2040/tools/pqt-gcc/1.4.0-c-0196c06/bin/../lib/gcc/arm-none-eabi/10.3.0/../../../../arm-none-eabi/lib/thumb\libc.a(lib_a-readr.o)
                0x1000a6a0                _read_r
 .text          0x1000a6c8       0x48 c:/users/yukta/appdata/local/arduino15/packages/rp2040/tools/pqt-gcc/1.4.0-c-0196c06/bin/../lib/gcc/arm-none-eabi/10.3.0/../../../../arm-none-eabi/lib/thumb\libc.a(lib_a-wcrtomb.o)
                0x1000a6c8                _wcrtomb_r
                0x1000a6f8                wcrtomb
 .text          0x1000a710       0x24 c:/users/yukta/appdata/local/arduino15/packages/rp2040/tools/pqt-gcc/1.4.0-c-0196c06/bin/../lib/gcc/arm-none-eabi/10.3.0/../../../../arm-none-eabi/lib/thumb\libc.a(lib_a-fstatr.o)
                0x1000a710                _fstat_r
 .text          0x1000a734       0x24 c:/users/yukta/appdata/local/arduino15/packages/rp2040/tools/pqt-gcc/1.4.0-c-0196c06/bin/../lib/gcc/arm-none-eabi/10.3.0/../../../../arm-none-eabi/lib/thumb\libc.a(lib_a-isattyr.o)
                0x1000a734                _isatty_r
 .text.__retarget_lock_init_recursive
                0x1000a758        0x8 C:\Users\yukta\AppData\Local\Temp\arduino-sketch-EE906E38DEF8A7C7F7FD5F6387BB6CD9/..\arduino-core-cache\core_61aa9c4c0d4df821155e9083a15af746.a(lock.cpp.o)
                0x1000a758                __retarget_lock_init_recursive
 .text.__retarget_lock_close_recursive
                0x1000a760        0x2 C:\Users\yukta\AppData\Local\Temp\arduino-sketch-EE906E38DEF8A7C7F7FD5F6387BB6CD9/..\arduino-core-cache\core_61aa9c4c0d4df821155e9083a15af746.a(lock.cpp.o)
                0x1000a760                __retarget_lock_close_recursive
 .text.__retarget_lock_acquire_recursive
                0x1000a762        0x8 C:\Users\yukta\AppData\Local\Temp\arduino-sketch-EE906E38DEF8A7C7F7FD5F6387BB6CD9/..\arduino-core-cache\core_61aa9c4c0d4df821155e9083a15af746.a(lock.cpp.o)
                0x1000a762                __retarget_lock_acquire_recursive
 .text.__retarget_lock_release_recursive
                0x1000a76a        0x8 C:\Users\yukta\AppData\Local\Temp\arduino-sketch-EE906E38DEF8A7C7F7FD5F6387BB6CD9/..\arduino-core-cache\core_61aa9c4c0d4df821155e9083a15af746.a(lock.cpp.o)
                0x1000a76a                __retarget_lock_release_recursive
 *fill*         0x1000a772        0x2 
 .text.__wrap___getreent
                0x1000a774       0x1c C:\Users\yukta\AppData\Local\Temp\arduino-sketch-EE906E38DEF8A7C7F7FD5F6387BB6CD9/..\arduino-core-cache\core_61aa9c4c0d4df821155e9083a15af746.a(main.cpp.o)
                0x1000a774                __wrap___getreent
 .text.startup._GLOBAL__sub_I_rp2040
                0x1000a790       0x14 C:\Users\yukta\AppData\Local\Temp\arduino-sketch-EE906E38DEF8A7C7F7FD5F6387BB6CD9/..\arduino-core-cache\core_61aa9c4c0d4df821155e9083a15af746.a(main.cpp.o)
 .text._write   0x1000a7a4        0x4 C:\Users\yukta\AppData\Local\Temp\arduino-sketch-EE906E38DEF8A7C7F7FD5F6387BB6CD9/..\arduino-core-cache\core_61aa9c4c0d4df821155e9083a15af746.a(posix.cpp.o)
                0x1000a7a4                _write
 .text._close   0x1000a7a8       0x10 C:\Users\yukta\AppData\Local\Temp\arduino-sketch-EE906E38DEF8A7C7F7FD5F6387BB6CD9/..\arduino-core-cache\core_61aa9c4c0d4df821155e9083a15af746.a(posix.cpp.o)
                0x1000a7a8                _close
 .text._fstat   0x1000a7b8       0x10 C:\Users\yukta\AppData\Local\Temp\arduino-sketch-EE906E38DEF8A7C7F7FD5F6387BB6CD9/..\arduino-core-cache\core_61aa9c4c0d4df821155e9083a15af746.a(posix.cpp.o)
                0x1000a7b8                _fstat
 .text._isatty  0x1000a7c8       0x10 C:\Users\yukta\AppData\Local\Temp\arduino-sketch-EE906E38DEF8A7C7F7FD5F6387BB6CD9/..\arduino-core-cache\core_61aa9c4c0d4df821155e9083a15af746.a(posix.cpp.o)
                0x1000a7c8                _isatty
 .text._lseek   0x1000a7d8       0x10 C:\Users\yukta\AppData\Local\Temp\arduino-sketch-EE906E38DEF8A7C7F7FD5F6387BB6CD9/..\arduino-core-cache\core_61aa9c4c0d4df821155e9083a15af746.a(posix.cpp.o)
                0x1000a7d8                _lseek
 .text._read    0x1000a7e8        0x6 C:\Users\yukta\AppData\Local\Temp\arduino-sketch-EE906E38DEF8A7C7F7FD5F6387BB6CD9/..\arduino-core-cache\core_61aa9c4c0d4df821155e9083a15af746.a(posix.cpp.o)
                0x1000a7e8                _read
 .text._ZN9CoreMutexC2EP5mutex
                0x1000a7ee       0x30 C:\Users\yukta\AppData\Local\Temp\arduino-sketch-EE906E38DEF8A7C7F7FD5F6387BB6CD9/..\arduino-core-cache\core_61aa9c4c0d4df821155e9083a15af746.a(wiring_private.cpp.o)
                0x1000a7ee                _ZN9CoreMutexC1EP5mutex
                0x1000a7ee                _ZN9CoreMutexC2EP5mutex
 .text._ZN9CoreMutexD2Ev
                0x1000a81e       0x14 C:\Users\yukta\AppData\Local\Temp\arduino-sketch-EE906E38DEF8A7C7F7FD5F6387BB6CD9/..\arduino-core-cache\core_61aa9c4c0d4df821155e9083a15af746.a(wiring_private.cpp.o)
                0x1000a81e                _ZN9CoreMutexD1Ev
                0x1000a81e                _ZN9CoreMutexD2Ev
 *fill*         0x1000a832        0x2 
 .text.startup._GLOBAL__sub_I_interrupts
                0x1000a834       0x74 C:\Users\yukta\AppData\Local\Temp\arduino-sketch-EE906E38DEF8A7C7F7FD5F6387BB6CD9/..\arduino-core-cache\core_61aa9c4c0d4df821155e9083a15af746.a(wiring_private.cpp.o)
 .text.tud_descriptor_device_cb
                0x1000a8a8       0xa8 C:\Users\yukta\AppData\Local\Temp\arduino-sketch-EE906E38DEF8A7C7F7FD5F6387BB6CD9/..\arduino-core-cache\core_61aa9c4c0d4df821155e9083a15af746.a(RP2040USB.cpp.o)
                0x1000a8a8                tud_descriptor_device_cb
 .text.tud_hid_descriptor_report_cb
                0x1000a950        0xc C:\Users\yukta\AppData\Local\Temp\arduino-sketch-EE906E38DEF8A7C7F7FD5F6387BB6CD9/..\arduino-core-cache\core_61aa9c4c0d4df821155e9083a15af746.a(RP2040USB.cpp.o)
                0x1000a950                tud_hid_descriptor_report_cb
 .text.tud_descriptor_configuration_cb
                0x1000a95c        0xc C:\Users\yukta\AppData\Local\Temp\arduino-sketch-EE906E38DEF8A7C7F7FD5F6387BB6CD9/..\arduino-core-cache\core_61aa9c4c0d4df821155e9083a15af746.a(RP2040USB.cpp.o)
                0x1000a95c                tud_descriptor_configuration_cb
 .text.tud_descriptor_string_cb
                0x1000a968       0x68 C:\Users\yukta\AppData\Local\Temp\arduino-sketch-EE906E38DEF8A7C7F7FD5F6387BB6CD9/..\arduino-core-cache\core_61aa9c4c0d4df821155e9083a15af746.a(RP2040USB.cpp.o)
                0x1000a968                tud_descriptor_string_cb
 .text.tud_hid_get_report_cb
                0x1000a9d0        0x4 C:\Users\yukta\AppData\Local\Temp\arduino-sketch-EE906E38DEF8A7C7F7FD5F6387BB6CD9/..\arduino-core-cache\core_61aa9c4c0d4df821155e9083a15af746.a(RP2040USB.cpp.o)
                0x1000a9d0                tud_hid_get_report_cb
 .text.tud_hid_set_report_cb
                0x1000a9d4        0x2 C:\Users\yukta\AppData\Local\Temp\arduino-sketch-EE906E38DEF8A7C7F7FD5F6387BB6CD9/..\arduino-core-cache\core_61aa9c4c0d4df821155e9083a15af746.a(RP2040USB.cpp.o)
                0x1000a9d4                tud_hid_set_report_cb
 .text._ZN9SerialUSB5beginEmt
                0x1000a9d6        0xa C:\Users\yukta\AppData\Local\Temp\arduino-sketch-EE906E38DEF8A7C7F7FD5F6387BB6CD9/..\arduino-core-cache\core_61aa9c4c0d4df821155e9083a15af746.a(SerialUSB.cpp.o)
                0x1000a9d6                _ZN9SerialUSB5beginEmt
 .text._ZN9SerialUSB5beginEm
                0x1000a9e0        0xc C:\Users\yukta\AppData\Local\Temp\arduino-sketch-EE906E38DEF8A7C7F7FD5F6387BB6CD9/..\arduino-core-cache\core_61aa9c4c0d4df821155e9083a15af746.a(SerialUSB.cpp.o)
                0x1000a9e0                _ZN9SerialUSB5beginEm
 .text._ZN9SerialUSB3endEv
                0x1000a9ec        0x2 C:\Users\yukta\AppData\Local\Temp\arduino-sketch-EE906E38DEF8A7C7F7FD5F6387BB6CD9/..\arduino-core-cache\core_61aa9c4c0d4df821155e9083a15af746.a(SerialUSB.cpp.o)
                0x1000a9ec                _ZN9SerialUSB3endEv
 .text._ZN9SerialUSB5writeEh
                0x1000a9ee       0x14 C:\Users\yukta\AppData\Local\Temp\arduino-sketch-EE906E38DEF8A7C7F7FD5F6387BB6CD9/..\arduino-core-cache\core_61aa9c4c0d4df821155e9083a15af746.a(SerialUSB.cpp.o)
                0x1000a9ee                _ZN9SerialUSB5writeEh
 *fill*         0x1000aa02        0x2 
 .text._ZL16CheckSerialResetv
                0x1000aa04       0x34 C:\Users\yukta\AppData\Local\Temp\arduino-sketch-EE906E38DEF8A7C7F7FD5F6387BB6CD9/..\arduino-core-cache\core_61aa9c4c0d4df821155e9083a15af746.a(SerialUSB.cpp.o)
 .text._ZN9SerialUSB4peekEv
                0x1000aa38       0x44 C:\Users\yukta\AppData\Local\Temp\arduino-sketch-EE906E38DEF8A7C7F7FD5F6387BB6CD9/..\arduino-core-cache\core_61aa9c4c0d4df821155e9083a15af746.a(SerialUSB.cpp.o)
                0x1000aa38                _ZN9SerialUSB4peekEv
 .text._ZN9SerialUSB4readEv
                0x1000aa7c       0x5c C:\Users\yukta\AppData\Local\Temp\arduino-sketch-EE906E38DEF8A7C7F7FD5F6387BB6CD9/..\arduino-core-cache\core_61aa9c4c0d4df821155e9083a15af746.a(SerialUSB.cpp.o)
                0x1000aa7c                _ZN9SerialUSB4readEv
 .text._ZN9SerialUSB9availableEv
                0x1000aad8       0x34 C:\Users\yukta\AppData\Local\Temp\arduino-sketch-EE906E38DEF8A7C7F7FD5F6387BB6CD9/..\arduino-core-cache\core_61aa9c4c0d4df821155e9083a15af746.a(SerialUSB.cpp.o)
                0x1000aad8                _ZN9SerialUSB9availableEv
 .text._ZN9SerialUSB17availableForWriteEv
                0x1000ab0c       0x34 C:\Users\yukta\AppData\Local\Temp\arduino-sketch-EE906E38DEF8A7C7F7FD5F6387BB6CD9/..\arduino-core-cache\core_61aa9c4c0d4df821155e9083a15af746.a(SerialUSB.cpp.o)
                0x1000ab0c                _ZN9SerialUSB17availableForWriteEv
 .text._ZN9SerialUSB5flushEv
                0x1000ab40       0x30 C:\Users\yukta\AppData\Local\Temp\arduino-sketch-EE906E38DEF8A7C7F7FD5F6387BB6CD9/..\arduino-core-cache\core_61aa9c4c0d4df821155e9083a15af746.a(SerialUSB.cpp.o)
                0x1000ab40                _ZN9SerialUSB5flushEv
 .text._ZN9SerialUSB5writeEPKhj
                0x1000ab70       0xd8 C:\Users\yukta\AppData\Local\Temp\arduino-sketch-EE906E38DEF8A7C7F7FD5F6387BB6CD9/..\arduino-core-cache\core_61aa9c4c0d4df821155e9083a15af746.a(SerialUSB.cpp.o)
                0x1000ab70                _ZN9SerialUSB5writeEPKhj
 .text._ZN9SerialUSBcvbEv
                0x1000ac48       0x34 C:\Users\yukta\AppData\Local\Temp\arduino-sketch-EE906E38DEF8A7C7F7FD5F6387BB6CD9/..\arduino-core-cache\core_61aa9c4c0d4df821155e9083a15af746.a(SerialUSB.cpp.o)
                0x1000ac48                _ZN9SerialUSBcvbEv
 .text._Z18__USBInstallSerialv
                0x1000ac7c        0x2 C:\Users\yukta\AppData\Local\Temp\arduino-sketch-EE906E38DEF8A7C7F7FD5F6387BB6CD9/..\arduino-core-cache\core_61aa9c4c0d4df821155e9083a15af746.a(SerialUSB.cpp.o)
                0x1000ac7c                _Z18__USBInstallSerialv
 *fill*         0x1000ac7e        0x2 
 .text.tud_cdc_line_state_cb
                0x1000ac80       0x10 C:\Users\yukta\AppData\Local\Temp\arduino-sketch-EE906E38DEF8A7C7F7FD5F6387BB6CD9/..\arduino-core-cache\core_61aa9c4c0d4df821155e9083a15af746.a(SerialUSB.cpp.o)
                0x1000ac80                tud_cdc_line_state_cb
 .text.tud_cdc_line_coding_cb
                0x1000ac90       0x24 C:\Users\yukta\AppData\Local\Temp\arduino-sketch-EE906E38DEF8A7C7F7FD5F6387BB6CD9/..\arduino-core-cache\core_61aa9c4c0d4df821155e9083a15af746.a(SerialUSB.cpp.o)
                0x1000ac90                tud_cdc_line_coding_cb
 .text.startup._GLOBAL__sub_I__Z18__USBInstallSerialv
                0x1000acb4       0x20 C:\Users\yukta\AppData\Local\Temp\arduino-sketch-EE906E38DEF8A7C7F7FD5F6387BB6CD9/..\arduino-core-cache\core_61aa9c4c0d4df821155e9083a15af746.a(SerialUSB.cpp.o)
 .text          0x1000acd4       0x10 C:\Users\yukta\AppData\Local\Arduino15\packages\rp2040\hardware\rp2040\2.4.0/lib/libpico.a(bit_ops_aeabi.S.obj)
 .text.startup._retrieve_unique_id_on_boot
                0x1000ace4       0x10 C:\Users\yukta\AppData\Local\Arduino15\packages\rp2040\hardware\rp2040\2.4.0/lib/libpico.a(unique_id.c.obj)
 .text.pico_get_unique_board_id_string
                0x1000acf4       0x44 C:\Users\yukta\AppData\Local\Arduino15\packages\rp2040\hardware\rp2040\2.4.0/lib/libpico.a(unique_id.c.obj)
                0x1000acf4                pico_get_unique_board_id_string
 .text.__wrap___aeabi_darithmetic
                0x1000ad38       0x80 C:\Users\yukta\AppData\Local\Arduino15\packages\rp2040\hardware\rp2040\2.4.0/lib/libpico.a(double_aeabi.S.obj)
                0x1000ad38                __wrap___aeabi_drsub
                0x1000ad3e                __wrap___aeabi_dsub
                0x1000ad50                __wrap___aeabi_dadd
                0x1000ad62                __wrap___aeabi_ddiv
                0x1000ad9e                __wrap___aeabi_dmul
 .text.__wrap___aeabi_cdcmple
                0x1000adb8       0x6c C:\Users\yukta\AppData\Local\Arduino15\packages\rp2040\hardware\rp2040\2.4.0/lib/libpico.a(double_aeabi.S.obj)
                0x1000adb8                __wrap___aeabi_cdrcmple
                0x1000adc8                __wrap___aeabi_cdcmpeq
                0x1000adc8                __wrap___aeabi_cdcmple
 .text.__wrap___aeabi_dcmpeq
                0x1000ae24       0x10 C:\Users\yukta\AppData\Local\Arduino15\packages\rp2040\hardware\rp2040\2.4.0/lib/libpico.a(double_aeabi.S.obj)
                0x1000ae24                __wrap___aeabi_dcmpeq
 .text.__wrap___aeabi_dcmplt
                0x1000ae34        0xc C:\Users\yukta\AppData\Local\Arduino15\packages\rp2040\hardware\rp2040\2.4.0/lib/libpico.a(double_aeabi.S.obj)
                0x1000ae34                __wrap___aeabi_dcmplt
 .text.__wrap___aeabi_dcmple
                0x1000ae40       0x10 C:\Users\yukta\AppData\Local\Arduino15\packages\rp2040\hardware\rp2040\2.4.0/lib/libpico.a(double_aeabi.S.obj)
                0x1000ae40                __wrap___aeabi_dcmple
 .text.__wrap___aeabi_dcmpge
                0x1000ae50       0x10 C:\Users\yukta\AppData\Local\Arduino15\packages\rp2040\hardware\rp2040\2.4.0/lib/libpico.a(double_aeabi.S.obj)
                0x1000ae50                __wrap___aeabi_dcmpge
 .text.__wrap___aeabi_dcmpgt
                0x1000ae60        0xa C:\Users\yukta\AppData\Local\Arduino15\packages\rp2040\hardware\rp2040\2.4.0/lib/libpico.a(double_aeabi.S.obj)
                0x1000ae60                __wrap___aeabi_dcmpgt
 .text.__wrap___aeabi_dcmpun
                0x1000ae6a       0x1c C:\Users\yukta\AppData\Local\Arduino15\packages\rp2040\hardware\rp2040\2.4.0/lib/libpico.a(double_aeabi.S.obj)
                0x1000ae6a                __wrap___aeabi_dcmpun
 *fill*         0x1000ae86        0x2 
 .text.__wrap___aeabi_i2d
                0x1000ae88       0x38 C:\Users\yukta\AppData\Local\Arduino15\packages\rp2040\hardware\rp2040\2.4.0/lib/libpico.a(double_aeabi.S.obj)
                0x1000ae88                __wrap___aeabi_ui2d
                0x1000ae90                __wrap___aeabi_i2d
 .text.__wrap___aeabi_d2iz
                0x1000aec0       0x48 C:\Users\yukta\AppData\Local\Arduino15\packages\rp2040\hardware\rp2040\2.4.0/lib/libpico.a(double_aeabi.S.obj)
                0x1000aec0                double2int_z
                0x1000aec0                __wrap___aeabi_d2iz
 .text.__wrap___aeabi_d2uiz
                0x1000af08       0x18 C:\Users\yukta\AppData\Local\Arduino15\packages\rp2040\hardware\rp2040\2.4.0/lib/libpico.a(double_aeabi.S.obj)
                0x1000af08                __wrap___aeabi_d2uiz
                0x1000af08                double2uint
 .text.__wrap___aeabi_l2d
                0x1000af20       0x18 C:\Users\yukta\AppData\Local\Arduino15\packages\rp2040\hardware\rp2040\2.4.0/lib/libpico.a(double_aeabi.S.obj)
                0x1000af20                __wrap___aeabi_l2d
 .text.__wrap___aeabi_d2lz
                0x1000af38       0x26 C:\Users\yukta\AppData\Local\Arduino15\packages\rp2040\hardware\rp2040\2.4.0/lib/libpico.a(double_aeabi.S.obj)
                0x1000af38                double2int64_z
                0x1000af38                __wrap___aeabi_d2lz
 *fill*         0x1000af5e        0x2 
 .text.double2int64
                0x1000af60       0x18 C:\Users\yukta\AppData\Local\Arduino15\packages\rp2040\hardware\rp2040\2.4.0/lib/libpico.a(double_aeabi.S.obj)
                0x1000af60                double2int64
 .text.double2ufix64
                0x1000af78       0x18 C:\Users\yukta\AppData\Local\Arduino15\packages\rp2040\hardware\rp2040\2.4.0/lib/libpico.a(double_aeabi.S.obj)
                0x1000af78                double2ufix64
 .text.__wrap___aeabi_d2f
                0x1000af90       0x18 C:\Users\yukta\AppData\Local\Arduino15\packages\rp2040\hardware\rp2040\2.4.0/lib/libpico.a(double_aeabi.S.obj)
                0x1000af90                __wrap___aeabi_d2f
 .text.__aeabi_double_init
                0x1000afa8       0x58 C:\Users\yukta\AppData\Local\Arduino15\packages\rp2040\hardware\rp2040\2.4.0/lib/libpico.a(double_init_rom.c.obj)
                0x1000afa8                __aeabi_double_init
 .text.double_table_shim_on_use_helper
                0x1000b000       0x2c C:\Users\yukta\AppData\Local\Arduino15\packages\rp2040\hardware\rp2040\2.4.0/lib/libpico.a(double_v1_rom_shim.S.obj)
                0x1000b000                double_table_shim_on_use_helper
 .text.__wrap___aeabi_dsub
                0x1000b02c       0x10 C:\Users\yukta\AppData\Local\Arduino15\packages\rp2040\hardware\rp2040\2.4.0/lib/libpico.a(double_v1_rom_shim.S.obj)
                0x1000b02c                drsub_shim
                0x1000b032                dsub_shim
 .text.dadd_shim
                0x1000b03c      0x15c C:\Users\yukta\AppData\Local\Arduino15\packages\rp2040\hardware\rp2040\2.4.0/lib/libpico.a(double_v1_rom_shim.S.obj)
                0x1000b03c                dadd_shim
 .text.dmul_shim
                0x1000b198      0x15c C:\Users\yukta\AppData\Local\Arduino15\packages\rp2040\hardware\rp2040\2.4.0/lib/libpico.a(double_v1_rom_shim.S.obj)
                0x1000b198                dmul_shim
 .text.ddiv_shim
                0x1000b2f4      0x1b0 C:\Users\yukta\AppData\Local\Arduino15\packages\rp2040\hardware\rp2040\2.4.0/lib/libpico.a(double_v1_rom_shim.S.obj)
                0x1000b2f4                ddiv_shim
 .text.double2uint_shim
                0x1000b4a4        0xe C:\Users\yukta\AppData\Local\Arduino15\packages\rp2040\hardware\rp2040\2.4.0/lib/libpico.a(double_v1_rom_shim.S.obj)
                0x1000b4a4                double2uint_shim
                0x1000b4a6                double2ufix_shim
 .text.double2int64_shim
                0x1000b4b2       0x1a C:\Users\yukta\AppData\Local\Arduino15\packages\rp2040\hardware\rp2040\2.4.0/lib/libpico.a(double_v1_rom_shim.S.obj)
                0x1000b4b2                double2int64_shim
                0x1000b4b4                double2fix64_shim
 .text.double2uint64_shim
                0x1000b4cc       0x70 C:\Users\yukta\AppData\Local\Arduino15\packages\rp2040\hardware\rp2040\2.4.0/lib/libpico.a(double_v1_rom_shim.S.obj)
                0x1000b4cc                double2uint64_shim
                0x1000b4ce                double2ufix64_shim
                0x1000b4ee                d2fix_a
 .text.double2float_shim
                0x1000b53c       0x5c C:\Users\yukta\AppData\Local\Arduino15\packages\rp2040\hardware\rp2040\2.4.0/lib/libpico.a(double_v1_rom_shim.S.obj)
                0x1000b53c                double2float_shim
 .text.x2double_shims
                0x1000b598       0x90 C:\Users\yukta\AppData\Local\Arduino15\packages\rp2040\hardware\rp2040\2.4.0/lib/libpico.a(double_v1_rom_shim.S.obj)
                0x1000b598                uint2double_shim
                0x1000b59a                ufix2double_shim
                0x1000b5a0                int2double_shim
                0x1000b5a2                fix2double_shim
                0x1000b5a8                uint642double_shim
                0x1000b5aa                ufix642double_shim
                0x1000b5b0                int642double_shim
                0x1000b5b2                fix642double_shim
 .text.dunpacks
                0x1000b628       0x3c C:\Users\yukta\AppData\Local\Arduino15\packages\rp2040\hardware\rp2040\2.4.0/lib/libpico.a(double_v1_rom_shim.S.obj)
                0x1000b628                dunpacks
 .text.__wrap___aeabi_cfcmple
                0x1000b664       0x50 C:\Users\yukta\AppData\Local\Arduino15\packages\rp2040\hardware\rp2040\2.4.0/lib/libpico.a(float_aeabi.S.obj)
                0x1000b664                __wrap___aeabi_cfrcmple
                0x1000b670                __wrap___aeabi_cfcmple
                0x1000b670                __wrap___aeabi_cfcmpeq
 .text.__wrap___aeabi_fcmple
                0x1000b6b4       0x10 C:\Users\yukta\AppData\Local\Arduino15\packages\rp2040\hardware\rp2040\2.4.0/lib/libpico.a(float_aeabi.S.obj)
                0x1000b6b4                __wrap___aeabi_fcmple
 .text.__wrap___aeabi_fcmpun
                0x1000b6c4       0x18 C:\Users\yukta\AppData\Local\Arduino15\packages\rp2040\hardware\rp2040\2.4.0/lib/libpico.a(float_aeabi.S.obj)
                0x1000b6c4                __wrap___aeabi_fcmpun
 .text.__aeabi_float_init
                0x1000b6dc       0x5c C:\Users\yukta\AppData\Local\Arduino15\packages\rp2040\hardware\rp2040\2.4.0/lib/libpico.a(float_init_rom.c.obj)
                0x1000b6dc                __aeabi_float_init
 .text.float_table_shim_on_use_helper
                0x1000b738       0x2c C:\Users\yukta\AppData\Local\Arduino15\packages\rp2040\hardware\rp2040\2.4.0/lib/libpico.a(float_v1_rom_shim.S.obj)
                0x1000b738                float_table_shim_on_use_helper
 .text._Znwj    0x1000b764        0x8 C:\Users\yukta\AppData\Local\Arduino15\packages\rp2040\hardware\rp2040\2.4.0/lib/libpico.a(new_delete.cpp.obj)
                0x1000b764                _Znwj
 .text.get_driver
                0x1000b76c       0x40 C:\Users\yukta\AppData\Local\Arduino15\packages\rp2040\hardware\rp2040\2.4.0/lib/libpico.a(usbd.c.obj)
 .text.configuration_reset
                0x1000b7ac       0x4c C:\Users\yukta\AppData\Local\Arduino15\packages\rp2040\hardware\rp2040\2.4.0/lib/libpico.a(usbd.c.obj)
 .text.invoke_class_control
                0x1000b7f8       0x1a C:\Users\yukta\AppData\Local\Arduino15\packages\rp2040\hardware\rp2040\2.4.0/lib/libpico.a(usbd.c.obj)
 *fill*         0x1000b812        0x2 
 .text.tud_mounted
                0x1000b814       0x10 C:\Users\yukta\AppData\Local\Arduino15\packages\rp2040\hardware\rp2040\2.4.0/lib/libpico.a(usbd.c.obj)
                0x1000b814                tud_mounted
 .text.tud_suspended
                0x1000b824       0x10 C:\Users\yukta\AppData\Local\Arduino15\packages\rp2040\hardware\rp2040\2.4.0/lib/libpico.a(usbd.c.obj)
                0x1000b824                tud_suspended
 .text.tud_inited
                0x1000b834        0xc C:\Users\yukta\AppData\Local\Arduino15\packages\rp2040\hardware\rp2040\2.4.0/lib/libpico.a(usbd.c.obj)
                0x1000b834                tud_inited
 .text.usbd_edpt_open
                0x1000b840       0x30 C:\Users\yukta\AppData\Local\Arduino15\packages\rp2040\hardware\rp2040\2.4.0/lib/libpico.a(usbd.c.obj)
                0x1000b840                usbd_edpt_open
 .text.usbd_open_edpt_pair
                0x1000b870       0x4e C:\Users\yukta\AppData\Local\Arduino15\packages\rp2040\hardware\rp2040\2.4.0/lib/libpico.a(usbd.c.obj)
                0x1000b870                usbd_open_edpt_pair
 *fill*         0x1000b8be        0x2 
 .text.usbd_edpt_claim
                0x1000b8c0       0x68 C:\Users\yukta\AppData\Local\Arduino15\packages\rp2040\hardware\rp2040\2.4.0/lib/libpico.a(usbd.c.obj)
                0x1000b8c0                usbd_edpt_claim
 .text.usbd_edpt_release
                0x1000b928       0x4c C:\Users\yukta\AppData\Local\Arduino15\packages\rp2040\hardware\rp2040\2.4.0/lib/libpico.a(usbd.c.obj)
                0x1000b928                usbd_edpt_release
 .text.usbd_edpt_xfer
                0x1000b974       0x44 C:\Users\yukta\AppData\Local\Arduino15\packages\rp2040\hardware\rp2040\2.4.0/lib/libpico.a(usbd.c.obj)
                0x1000b974                usbd_edpt_xfer
 .text.usbd_edpt_stall
                0x1000b9b8       0x34 C:\Users\yukta\AppData\Local\Arduino15\packages\rp2040\hardware\rp2040\2.4.0/lib/libpico.a(usbd.c.obj)
                0x1000b9b8                usbd_edpt_stall
 .text.usbd_edpt_clear_stall
                0x1000b9ec       0x34 C:\Users\yukta\AppData\Local\Arduino15\packages\rp2040\hardware\rp2040\2.4.0/lib/libpico.a(usbd.c.obj)
                0x1000b9ec                usbd_edpt_clear_stall
 .text.usbd_edpt_stalled
                0x1000ba20       0x1c C:\Users\yukta\AppData\Local\Arduino15\packages\rp2040\hardware\rp2040\2.4.0/lib/libpico.a(usbd.c.obj)
                0x1000ba20                usbd_edpt_stalled
 .text.tud_task
                0x1000ba3c      0x558 C:\Users\yukta\AppData\Local\Arduino15\packages\rp2040\hardware\rp2040\2.4.0/lib/libpico.a(usbd.c.obj)
                0x1000ba3c                tud_task
 .text._data_stage_xact
                0x1000bf94       0x58 C:\Users\yukta\AppData\Local\Arduino15\packages\rp2040\hardware\rp2040\2.4.0/lib/libpico.a(usbd_control.c.obj)
 .text._status_stage_xact.isra.0
                0x1000bfec       0x14 C:\Users\yukta\AppData\Local\Arduino15\packages\rp2040\hardware\rp2040\2.4.0/lib/libpico.a(usbd_control.c.obj)
 .text.tud_control_status
                0x1000c000       0x24 C:\Users\yukta\AppData\Local\Arduino15\packages\rp2040\hardware\rp2040\2.4.0/lib/libpico.a(usbd_control.c.obj)
                0x1000c000                tud_control_status
 .text.tud_control_xfer
                0x1000c024       0x54 C:\Users\yukta\AppData\Local\Arduino15\packages\rp2040\hardware\rp2040\2.4.0/lib/libpico.a(usbd_control.c.obj)
                0x1000c024                tud_control_xfer
 .text.usbd_control_reset
                0x1000c078       0x14 C:\Users\yukta\AppData\Local\Arduino15\packages\rp2040\hardware\rp2040\2.4.0/lib/libpico.a(usbd_control.c.obj)
                0x1000c078                usbd_control_reset
 .text.usbd_control_set_complete_callback
                0x1000c08c        0xc C:\Users\yukta\AppData\Local\Arduino15\packages\rp2040\hardware\rp2040\2.4.0/lib/libpico.a(usbd_control.c.obj)
                0x1000c08c                usbd_control_set_complete_callback
 .text.usbd_control_set_request
                0x1000c098       0x1c C:\Users\yukta\AppData\Local\Arduino15\packages\rp2040\hardware\rp2040\2.4.0/lib/libpico.a(usbd_control.c.obj)
                0x1000c098                usbd_control_set_request
 .text.usbd_control_xfer_cb
                0x1000c0b4       0xa4 C:\Users\yukta\AppData\Local\Arduino15\packages\rp2040\hardware\rp2040\2.4.0/lib/libpico.a(usbd_control.c.obj)
                0x1000c0b4                usbd_control_xfer_cb
 .text._prep_out_transaction
                0x1000c158       0x42 C:\Users\yukta\AppData\Local\Arduino15\packages\rp2040\hardware\rp2040\2.4.0/lib/libpico.a(cdc_device.c.obj)
 *fill*         0x1000c19a        0x2 
 .text.tud_cdc_n_connected
                0x1000c19c       0x30 C:\Users\yukta\AppData\Local\Arduino15\packages\rp2040\hardware\rp2040\2.4.0/lib/libpico.a(cdc_device.c.obj)
                0x1000c19c                tud_cdc_n_connected
 .text.tud_cdc_n_available
                0x1000c1cc       0x18 C:\Users\yukta\AppData\Local\Arduino15\packages\rp2040\hardware\rp2040\2.4.0/lib/libpico.a(cdc_device.c.obj)
                0x1000c1cc                tud_cdc_n_available
 .text.tud_cdc_n_read
                0x1000c1e4       0x28 C:\Users\yukta\AppData\Local\Arduino15\packages\rp2040\hardware\rp2040\2.4.0/lib/libpico.a(cdc_device.c.obj)
                0x1000c1e4                tud_cdc_n_read
 .text.tud_cdc_n_peek
                0x1000c20c       0x18 C:\Users\yukta\AppData\Local\Arduino15\packages\rp2040\hardware\rp2040\2.4.0/lib/libpico.a(cdc_device.c.obj)
                0x1000c20c                tud_cdc_n_peek
 .text.tud_cdc_n_write_flush
                0x1000c224       0x78 C:\Users\yukta\AppData\Local\Arduino15\packages\rp2040\hardware\rp2040\2.4.0/lib/libpico.a(cdc_device.c.obj)
                0x1000c224                tud_cdc_n_write_flush
 .text.tud_cdc_n_write
                0x1000c29c       0x34 C:\Users\yukta\AppData\Local\Arduino15\packages\rp2040\hardware\rp2040\2.4.0/lib/libpico.a(cdc_device.c.obj)
                0x1000c29c                tud_cdc_n_write
 .text.tud_cdc_n_write_available
                0x1000c2d0       0x18 C:\Users\yukta\AppData\Local\Arduino15\packages\rp2040\hardware\rp2040\2.4.0/lib/libpico.a(cdc_device.c.obj)
                0x1000c2d0                tud_cdc_n_write_available
 .text.cdcd_init
                0x1000c2e8       0x7c C:\Users\yukta\AppData\Local\Arduino15\packages\rp2040\hardware\rp2040\2.4.0/lib/libpico.a(cdc_device.c.obj)
                0x1000c2e8                cdcd_init
 .text.cdcd_reset
                0x1000c364       0x30 C:\Users\yukta\AppData\Local\Arduino15\packages\rp2040\hardware\rp2040\2.4.0/lib/libpico.a(cdc_device.c.obj)
                0x1000c364                cdcd_reset
 .text.cdcd_open
                0x1000c394       0xa4 C:\Users\yukta\AppData\Local\Arduino15\packages\rp2040\hardware\rp2040\2.4.0/lib/libpico.a(cdc_device.c.obj)
                0x1000c394                cdcd_open
 .text.cdcd_control_xfer_cb
                0x1000c438       0xd8 C:\Users\yukta\AppData\Local\Arduino15\packages\rp2040\hardware\rp2040\2.4.0/lib/libpico.a(cdc_device.c.obj)
                0x1000c438                cdcd_control_xfer_cb
 .text.cdcd_xfer_cb
                0x1000c510       0xe4 C:\Users\yukta\AppData\Local\Arduino15\packages\rp2040\hardware\rp2040\2.4.0/lib/libpico.a(cdc_device.c.obj)
                0x1000c510                cdcd_xfer_cb
 .text.hidd_reset
                0x1000c5f4       0x14 C:\Users\yukta\AppData\Local\Arduino15\packages\rp2040\hardware\rp2040\2.4.0/lib/libpico.a(hid_device.c.obj)
                0x1000c5f4                hidd_reset
 .text.hidd_init
                0x1000c608        0xa C:\Users\yukta\AppData\Local\Arduino15\packages\rp2040\hardware\rp2040\2.4.0/lib/libpico.a(hid_device.c.obj)
                0x1000c608                hidd_init
 *fill*         0x1000c612        0x2 
 .text.hidd_open
                0x1000c614       0xb4 C:\Users\yukta\AppData\Local\Arduino15\packages\rp2040\hardware\rp2040\2.4.0/lib/libpico.a(hid_device.c.obj)
                0x1000c614                hidd_open
 .text.hidd_control_xfer_cb
                0x1000c6c8      0x1e4 C:\Users\yukta\AppData\Local\Arduino15\packages\rp2040\hardware\rp2040\2.4.0/lib/libpico.a(hid_device.c.obj)
                0x1000c6c8                hidd_control_xfer_cb
 .text.hidd_xfer_cb
                0x1000c8ac       0x80 C:\Users\yukta\AppData\Local\Arduino15\packages\rp2040\hardware\rp2040\2.4.0/lib/libpico.a(hid_device.c.obj)
                0x1000c8ac                hidd_xfer_cb
 .text.tusb_inited
                0x1000c92c        0x8 C:\Users\yukta\AppData\Local\Arduino15\packages\rp2040\hardware\rp2040\2.4.0/lib/libpico.a(tusb.c.obj)
                0x1000c92c                tusb_inited
 .text.tu_edpt_validate
                0x1000c934       0x60 C:\Users\yukta\AppData\Local\Arduino15\packages\rp2040\hardware\rp2040\2.4.0/lib/libpico.a(tusb.c.obj)
                0x1000c934                tu_edpt_validate
 .text.tu_edpt_bind_driver
                0x1000c994       0x2a C:\Users\yukta\AppData\Local\Arduino15\packages\rp2040\hardware\rp2040\2.4.0/lib/libpico.a(tusb.c.obj)
                0x1000c994                tu_edpt_bind_driver
 .text.advance_pointer
                0x1000c9be       0x18 C:\Users\yukta\AppData\Local\Arduino15\packages\rp2040\hardware\rp2040\2.4.0/lib/libpico.a(tusb_fifo.c.obj)
 .text._tu_fifo_correct_read_pointer
                0x1000c9d6       0x1e C:\Users\yukta\AppData\Local\Arduino15\packages\rp2040\hardware\rp2040\2.4.0/lib/libpico.a(tusb_fifo.c.obj)
 .text._ff_unlock
                0x1000c9f4        0xc C:\Users\yukta\AppData\Local\Arduino15\packages\rp2040\hardware\rp2040\2.4.0/lib/libpico.a(tusb_fifo.c.obj)
 .text._ff_pull_const_addr
                0x1000ca00       0x58 C:\Users\yukta\AppData\Local\Arduino15\packages\rp2040\hardware\rp2040\2.4.0/lib/libpico.a(tusb_fifo.c.obj)
 .text._tu_fifo_peek_n
                0x1000ca58      0x12a C:\Users\yukta\AppData\Local\Arduino15\packages\rp2040\hardware\rp2040\2.4.0/lib/libpico.a(tusb_fifo.c.obj)
 *fill*         0x1000cb82        0x2 
 .text._ff_push_const_addr
                0x1000cb84       0x48 C:\Users\yukta\AppData\Local\Arduino15\packages\rp2040\hardware\rp2040\2.4.0/lib/libpico.a(tusb_fifo.c.obj)
 .text._tu_fifo_peek
                0x1000cbcc       0x48 C:\Users\yukta\AppData\Local\Arduino15\packages\rp2040\hardware\rp2040\2.4.0/lib/libpico.a(tusb_fifo.c.obj)
 .text._ff_lock
                0x1000cc14       0x10 C:\Users\yukta\AppData\Local\Arduino15\packages\rp2040\hardware\rp2040\2.4.0/lib/libpico.a(tusb_fifo.c.obj)
 .text._tu_fifo_read_n
                0x1000cc24       0x3e C:\Users\yukta\AppData\Local\Arduino15\packages\rp2040\hardware\rp2040\2.4.0/lib/libpico.a(tusb_fifo.c.obj)
 .text._tu_fifo_write_n.part.0
                0x1000cc62      0x14a C:\Users\yukta\AppData\Local\Arduino15\packages\rp2040\hardware\rp2040\2.4.0/lib/libpico.a(tusb_fifo.c.obj)
 .text.tu_fifo_config
                0x1000cdac       0x52 C:\Users\yukta\AppData\Local\Arduino15\packages\rp2040\hardware\rp2040\2.4.0/lib/libpico.a(tusb_fifo.c.obj)
                0x1000cdac                tu_fifo_config
 .text.tu_fifo_count
                0x1000cdfe       0x20 C:\Users\yukta\AppData\Local\Arduino15\packages\rp2040\hardware\rp2040\2.4.0/lib/libpico.a(tusb_fifo.c.obj)
                0x1000cdfe                tu_fifo_count
 .text.tu_fifo_empty
                0x1000ce1e       0x10 C:\Users\yukta\AppData\Local\Arduino15\packages\rp2040\hardware\rp2040\2.4.0/lib/libpico.a(tusb_fifo.c.obj)
                0x1000ce1e                tu_fifo_empty
 .text.tu_fifo_remaining
                0x1000ce2e       0x1c C:\Users\yukta\AppData\Local\Arduino15\packages\rp2040\hardware\rp2040\2.4.0/lib/libpico.a(tusb_fifo.c.obj)
                0x1000ce2e                tu_fifo_remaining
 .text.tu_fifo_read
                0x1000ce4a       0x36 C:\Users\yukta\AppData\Local\Arduino15\packages\rp2040\hardware\rp2040\2.4.0/lib/libpico.a(tusb_fifo.c.obj)
                0x1000ce4a                tu_fifo_read
 .text.tu_fifo_read_n
                0x1000ce80        0xa C:\Users\yukta\AppData\Local\Arduino15\packages\rp2040\hardware\rp2040\2.4.0/lib/libpico.a(tusb_fifo.c.obj)
                0x1000ce80                tu_fifo_read_n
 .text.tu_fifo_peek
                0x1000ce8a       0x28 C:\Users\yukta\AppData\Local\Arduino15\packages\rp2040\hardware\rp2040\2.4.0/lib/libpico.a(tusb_fifo.c.obj)
                0x1000ce8a                tu_fifo_peek
 .text.tu_fifo_write_n
                0x1000ceb2       0x12 C:\Users\yukta\AppData\Local\Arduino15\packages\rp2040\hardware\rp2040\2.4.0/lib/libpico.a(tusb_fifo.c.obj)
                0x1000ceb2                tu_fifo_write_n
 .text.tu_fifo_clear
                0x1000cec4       0x34 C:\Users\yukta\AppData\Local\Arduino15\packages\rp2040\hardware\rp2040\2.4.0/lib/libpico.a(tusb_fifo.c.obj)
                0x1000cec4                tu_fifo_clear
 .text.tu_fifo_set_overwritable
                0x1000cef8       0x24 C:\Users\yukta\AppData\Local\Arduino15\packages\rp2040\hardware\rp2040\2.4.0/lib/libpico.a(tusb_fifo.c.obj)
                0x1000cef8                tu_fifo_set_overwritable
 .text.flash_get_unique_id
                0x1000cf1c       0x42 C:\Users\yukta\AppData\Local\Arduino15\packages\rp2040\hardware\rp2040\2.4.0/lib/libpico.a(flash.c.obj)
                0x1000cf1c                flash_get_unique_id
 *fill*         0x1000cf5e        0x2 
 .text.hw_endpoint_init
                0x1000cf60       0xc8 C:\Users\yukta\AppData\Local\Arduino15\packages\rp2040\hardware\rp2040\2.4.0/lib/libpico.a(dcd_rp2040.c.obj)
 .text.reset_non_control_endpoints
                0x1000d028       0x3c C:\Users\yukta\AppData\Local\Arduino15\packages\rp2040\hardware\rp2040\2.4.0/lib/libpico.a(dcd_rp2040.c.obj)
 .text.dcd_set_address
                0x1000d064       0x14 C:\Users\yukta\AppData\Local\Arduino15\packages\rp2040\hardware\rp2040\2.4.0/lib/libpico.a(dcd_rp2040.c.obj)
                0x1000d064                dcd_set_address
 .text.dcd_edpt0_status_complete
                0x1000d078       0x18 C:\Users\yukta\AppData\Local\Arduino15\packages\rp2040\hardware\rp2040\2.4.0/lib/libpico.a(dcd_rp2040.c.obj)
                0x1000d078                dcd_edpt0_status_complete
 .text.dcd_edpt_open
                0x1000d090       0x20 C:\Users\yukta\AppData\Local\Arduino15\packages\rp2040\hardware\rp2040\2.4.0/lib/libpico.a(dcd_rp2040.c.obj)
                0x1000d090                dcd_edpt_open
 .text.dcd_edpt_close_all
                0x1000d0b0        0x8 C:\Users\yukta\AppData\Local\Arduino15\packages\rp2040\hardware\rp2040\2.4.0/lib/libpico.a(dcd_rp2040.c.obj)
                0x1000d0b0                dcd_edpt_close_all
 .text.dcd_edpt_xfer
                0x1000d0b8       0x24 C:\Users\yukta\AppData\Local\Arduino15\packages\rp2040\hardware\rp2040\2.4.0/lib/libpico.a(dcd_rp2040.c.obj)
                0x1000d0b8                dcd_edpt_xfer
 .text.dcd_edpt_stall
                0x1000d0dc       0x34 C:\Users\yukta\AppData\Local\Arduino15\packages\rp2040\hardware\rp2040\2.4.0/lib/libpico.a(dcd_rp2040.c.obj)
                0x1000d0dc                dcd_edpt_stall
 .text.dcd_edpt_clear_stall
                0x1000d110       0x2c C:\Users\yukta\AppData\Local\Arduino15\packages\rp2040\hardware\rp2040\2.4.0/lib/libpico.a(dcd_rp2040.c.obj)
                0x1000d110                dcd_edpt_clear_stall
 .text.prepare_ep_buffer
                0x1000d13c       0x66 C:\Users\yukta\AppData\Local\Arduino15\packages\rp2040\hardware\rp2040\2.4.0/lib/libpico.a(rp2040_usb.c.obj)
 *fill*         0x1000d1a2        0x2 
 .text._hw_endpoint_buffer_control_update32
                0x1000d1a4       0x58 C:\Users\yukta\AppData\Local\Arduino15\packages\rp2040\hardware\rp2040\2.4.0/lib/libpico.a(rp2040_usb.c.obj)
                0x1000d1a4                _hw_endpoint_buffer_control_update32
 .text._hw_endpoint_start_next_buffer
                0x1000d1fc       0x6c C:\Users\yukta\AppData\Local\Arduino15\packages\rp2040\hardware\rp2040\2.4.0/lib/libpico.a(rp2040_usb.c.obj)
 .text.hw_endpoint_xfer_start
                0x1000d268       0x14 C:\Users\yukta\AppData\Local\Arduino15\packages\rp2040\hardware\rp2040\2.4.0/lib/libpico.a(rp2040_usb.c.obj)
                0x1000d268                hw_endpoint_xfer_start
 *(.fini)
 .fini          0x1000d27c        0x4 c:/users/yukta/appdata/local/arduino15/packages/rp2040/tools/pqt-gcc/1.4.0-c-0196c06/bin/../lib/gcc/arm-none-eabi/10.3.0/thumb/crti.o
                0x1000d27c                _fini
 .fini.__stub   0x1000d280       0xe0 linker stubs
 *crtbegin.o(.ctors)
 *crtbegin?.o(.ctors)
 *(EXCLUDE_FILE(*crtend.o *crtend?.o) .ctors)
 *(SORT_BY_NAME(.ctors.*))
 *(.ctors)
 *crtbegin.o(.dtors)
 *crtbegin?.o(.dtors)
 *(EXCLUDE_FILE(*crtend.o *crtend?.o) .dtors)
 *(SORT_BY_NAME(.dtors.*))
 *(.dtors)
 *(.eh_frame*)
 .eh_frame      0x1000d360        0x0 c:/users/yukta/appdata/local/arduino15/packages/rp2040/tools/pqt-gcc/1.4.0-c-0196c06/bin/../lib/gcc/arm-none-eabi/10.3.0/thumb/crtbegin.o
                0x1000d360                . = ALIGN (0x4)

.glue_7         0x1000d360        0x0
 .glue_7        0x1000d360        0x0 linker stubs

.glue_7t        0x1000d360        0x0
 .glue_7t       0x1000d360        0x0 linker stubs

.vfp11_veneer   0x1000d360        0x0
 .vfp11_veneer  0x1000d360        0x0 linker stubs

.v4_bx          0x1000d360        0x0
 .v4_bx         0x1000d360        0x0 linker stubs

.iplt           0x1000d360        0x0
 .iplt          0x1000d360        0x0 c:/users/yukta/appdata/local/arduino15/packages/rp2040/tools/pqt-gcc/1.4.0-c-0196c06/bin/../lib/gcc/arm-none-eabi/10.3.0/thumb/crtbegin.o

.rodata         0x1000d360      0x554
 *(EXCLUDE_FILE(*libm.a: *libc.a:*lib_a-mem*.o *libgcc.a:) .rodata* .big_const*)
 .rodata.__assert_func.str1.1
                0x1000d360       0x3c C:\Users\yukta\AppData\Local\Arduino15\packages\rp2040\hardware\rp2040\2.4.0/lib/libpico.a(runtime.c.obj)
                                 0x3d (size before relaxing)
 .rodata.panic.str1.1
                0x1000d39c       0x10 C:\Users\yukta\AppData\Local\Arduino15\packages\rp2040\hardware\rp2040\2.4.0/lib/libpico.a(runtime.c.obj)
                                 0x12 (size before relaxing)
 .rodata.hard_assertion_failure.str1.1
                0x1000d3ac        0xc C:\Users\yukta\AppData\Local\Arduino15\packages\rp2040\hardware\rp2040\2.4.0/lib/libpico.a(runtime.c.obj)
 .rodata.hardware_alarm_claim.str1.1
                0x1000d3b8       0x22 C:\Users\yukta\AppData\Local\Arduino15\packages\rp2040\hardware\rp2040\2.4.0/lib/libpico.a(timer.c.obj)
 .rodata.str1.1
                0x1000d3da       0x12 c:/users/yukta/appdata/local/arduino15/packages/rp2040/tools/pqt-gcc/1.4.0-c-0196c06/bin/../lib/gcc/arm-none-eabi/10.3.0/../../../../arm-none-eabi/lib/thumb\libc.a(lib_a-nano-vfprintf_float.o)
 .rodata.str1.1
                0x1000d3ec       0x22 c:/users/yukta/appdata/local/arduino15/packages/rp2040/tools/pqt-gcc/1.4.0-c-0196c06/bin/../lib/gcc/arm-none-eabi/10.3.0/../../../../arm-none-eabi/lib/thumb\libc.a(lib_a-nano-vfprintf_i.o)
 .rodata.str1.1
                0x1000d40e        0x5 c:/users/yukta/appdata/local/arduino15/packages/rp2040/tools/pqt-gcc/1.4.0-c-0196c06/bin/../lib/gcc/arm-none-eabi/10.3.0/../../../../arm-none-eabi/lib/thumb\libc.a(lib_a-nano-vfscanf_float.o)
                                  0x6 (size before relaxing)
 .rodata.str1.1
                0x1000d413        0x2 c:/users/yukta/appdata/local/arduino15/packages/rp2040/tools/pqt-gcc/1.4.0-c-0196c06/bin/../lib/gcc/arm-none-eabi/10.3.0/../../../../arm-none-eabi/lib/thumb\libc.a(lib_a-puts.o)
 .rodata.str1.1
                0x1000d413        0x5 c:/users/yukta/appdata/local/arduino15/packages/rp2040/tools/pqt-gcc/1.4.0-c-0196c06/bin/../lib/gcc/arm-none-eabi/10.3.0/../../../../arm-none-eabi/lib/thumb\libc.a(lib_a-strtod.o)
                                  0xd (size before relaxing)
 *fill*         0x1000d413        0x5 
 .rodata        0x1000d418       0x50 c:/users/yukta/appdata/local/arduino15/packages/rp2040/tools/pqt-gcc/1.4.0-c-0196c06/bin/../lib/gcc/arm-none-eabi/10.3.0/../../../../arm-none-eabi/lib/thumb\libc.a(lib_a-strtod.o)
 .rodata        0x1000d468      0x101 c:/users/yukta/appdata/local/arduino15/packages/rp2040/tools/pqt-gcc/1.4.0-c-0196c06/bin/../lib/gcc/arm-none-eabi/10.3.0/../../../../arm-none-eabi/lib/thumb\libc.a(lib_a-ctype_.o)
                0x1000d468                _ctype_
 .rodata.str1.1
                0x1000d569       0x64 c:/users/yukta/appdata/local/arduino15/packages/rp2040/tools/pqt-gcc/1.4.0-c-0196c06/bin/../lib/gcc/arm-none-eabi/10.3.0/../../../../arm-none-eabi/lib/thumb\libc.a(lib_a-dtoa.o)
                                 0x66 (size before relaxing)
 *fill*         0x1000d5cd        0x3 
 .rodata        0x1000d5d0       0x60 c:/users/yukta/appdata/local/arduino15/packages/rp2040/tools/pqt-gcc/1.4.0-c-0196c06/bin/../lib/gcc/arm-none-eabi/10.3.0/../../../../arm-none-eabi/lib/thumb\libc.a(lib_a-findfp.o)
                0x1000d5d0                __sf_fake_stderr
                0x1000d5f0                __sf_fake_stdout
                0x1000d610                __sf_fake_stdin
 .rodata.str1.1
                0x1000d630       0x37 c:/users/yukta/appdata/local/arduino15/packages/rp2040/tools/pqt-gcc/1.4.0-c-0196c06/bin/../lib/gcc/arm-none-eabi/10.3.0/../../../../arm-none-eabi/lib/thumb\libc.a(lib_a-gdtoa-gethex.o)
                                 0x48 (size before relaxing)
 *fill*         0x1000d667        0x1 
 .rodata        0x1000d668        0x4 c:/users/yukta/appdata/local/arduino15/packages/rp2040/tools/pqt-gcc/1.4.0-c-0196c06/bin/../lib/gcc/arm-none-eabi/10.3.0/../../../../arm-none-eabi/lib/thumb\libc.a(lib_a-impure.o)
                0x1000d668                _global_impure_ptr
 .rodata.str1.1
                0x1000d66c        0x2 c:/users/yukta/appdata/local/arduino15/packages/rp2040/tools/pqt-gcc/1.4.0-c-0196c06/bin/../lib/gcc/arm-none-eabi/10.3.0/../../../../arm-none-eabi/lib/thumb\libc.a(lib_a-lnumeric.o)
                                  0x3 (size before relaxing)
 *fill*         0x1000d66e        0x2 
 .rodata        0x1000d670        0xc c:/users/yukta/appdata/local/arduino15/packages/rp2040/tools/pqt-gcc/1.4.0-c-0196c06/bin/../lib/gcc/arm-none-eabi/10.3.0/../../../../arm-none-eabi/lib/thumb\libc.a(lib_a-lnumeric.o)
                0x1000d670                _C_numeric_locale
 .rodata.str1.1
                0x1000d67c        0x6 c:/users/yukta/appdata/local/arduino15/packages/rp2040/tools/pqt-gcc/1.4.0-c-0196c06/bin/../lib/gcc/arm-none-eabi/10.3.0/../../../../arm-none-eabi/lib/thumb\libc.a(lib_a-locale.o)
                                  0xb (size before relaxing)
 .rodata.str1.1
                0x1000d682       0x30 c:/users/yukta/appdata/local/arduino15/packages/rp2040/tools/pqt-gcc/1.4.0-c-0196c06/bin/../lib/gcc/arm-none-eabi/10.3.0/../../../../arm-none-eabi/lib/thumb\libc.a(lib_a-mprec.o)
                                 0x58 (size before relaxing)
 *fill*         0x1000d6b2        0x6 
 .rodata        0x1000d6b8      0x128 c:/users/yukta/appdata/local/arduino15/packages/rp2040/tools/pqt-gcc/1.4.0-c-0196c06/bin/../lib/gcc/arm-none-eabi/10.3.0/../../../../arm-none-eabi/lib/thumb\libc.a(lib_a-mprec.o)
                0x1000d6c8                __mprec_tinytens
                0x1000d6f0                __mprec_bigtens
                0x1000d718                __mprec_tens
 .rodata.str1.1
                0x1000d7e0       0x11 c:/users/yukta/appdata/local/arduino15/packages/rp2040/tools/pqt-gcc/1.4.0-c-0196c06/bin/../lib/gcc/arm-none-eabi/10.3.0/../../../../arm-none-eabi/lib/thumb\libc.a(lib_a-nano-svfprintf.o)
 .rodata.str1.1
                0x1000d7f1       0x11 c:/users/yukta/appdata/local/arduino15/packages/rp2040/tools/pqt-gcc/1.4.0-c-0196c06/bin/../lib/gcc/arm-none-eabi/10.3.0/../../../../arm-none-eabi/lib/thumb\libc.a(lib_a-nano-vfprintf.o)
 .rodata.str1.1
                0x1000d7f1       0x23 C:\Users\yukta\AppData\Local\Temp\arduino-sketch-EE906E38DEF8A7C7F7FD5F6387BB6CD9/..\arduino-core-cache\core_61aa9c4c0d4df821155e9083a15af746.a(RP2040USB.cpp.o)
                                 0x24 (size before relaxing)
 .rodata._ZZ24tud_descriptor_string_cbE13usbd_desc_str
                0x1000d814       0x14 C:\Users\yukta\AppData\Local\Temp\arduino-sketch-EE906E38DEF8A7C7F7FD5F6387BB6CD9/..\arduino-core-cache\core_61aa9c4c0d4df821155e9083a15af746.a(RP2040USB.cpp.o)
 .rodata._ZTV9SerialUSB
                0x1000d828       0x34 C:\Users\yukta\AppData\Local\Temp\arduino-sketch-EE906E38DEF8A7C7F7FD5F6387BB6CD9/..\arduino-core-cache\core_61aa9c4c0d4df821155e9083a15af746.a(SerialUSB.cpp.o)
                0x1000d828                _ZTV9SerialUSB
 .rodata._usbd_driver
                0x1000d85c       0x30 C:\Users\yukta\AppData\Local\Arduino15\packages\rp2040\hardware\rp2040\2.4.0/lib/libpico.a(usbd.c.obj)
 .rodata._hw_endpoint_buffer_control_update32.str1.1
                0x1000d88c       0x1f C:\Users\yukta\AppData\Local\Arduino15\packages\rp2040\hardware\rp2040\2.4.0/lib/libpico.a(rp2040_usb.c.obj)
 .rodata.str1.1
                0x1000d8ab        0x7 C:\Users\yukta\AppData\Local\Arduino15\packages\rp2040\hardware\rp2040\2.4.0/lib/libpico.a(rp2040_usb.c.obj)
                0x1000d8b4                . = ALIGN (0x4)
 *fill*         0x1000d8b2        0x2 
 *(SORT_BY_ALIGNMENT(SORT_BY_NAME(.flashdata*)))
                0x1000d8b4                . = ALIGN (0x4)

.rel.dyn        0x1000d8b4        0x0
 .rel.iplt      0x1000d8b4        0x0 c:/users/yukta/appdata/local/arduino15/packages/rp2040/tools/pqt-gcc/1.4.0-c-0196c06/bin/../lib/gcc/arm-none-eabi/10.3.0/thumb/crtbegin.o

.ARM.extab
 *(.ARM.extab* .gnu.linkonce.armextab.*)
                0x1000d8b4                __exidx_start = .

.ARM.exidx
 *(.ARM.exidx* .gnu.linkonce.armexidx.*)
                0x1000d8b4                __exidx_end = .
                0x1000d8b4                . = ALIGN (0x4)
                0x1000d8b4                __binary_info_start = .

.binary_info
 *(.binary_info.keep.*)
 *(.binary_info.*)
                0x1000d8b4                __binary_info_end = .
                0x1000d8b4                . = ALIGN (0x4)
                0x1000d8b4                __etext = .

.ram_vector_table
                0x20000000       0xc0
 *(.ram_vector_table)
 .ram_vector_table
                0x20000000       0xc0 C:\Users\yukta\AppData\Local\Arduino15\packages\rp2040\hardware\rp2040\2.4.0/lib/libpico.a(runtime.c.obj)
                0x20000000                ram_vector_table

.data           0x200000c0      0xb2c load address 0x1000d8b4
                0x200000c0                __data_start__ = .
 *(vtable)
 *(.time_critical*)
 .time_critical.mutex_enter_blocking
                0x200000c0       0x42 C:\Users\yukta\AppData\Local\Arduino15\packages\rp2040\hardware\rp2040\2.4.0/lib/libpico.a(mutex.c.obj)
                0x200000c0                mutex_enter_blocking
 .time_critical.recursive_mutex_enter_blocking
                0x20000102       0x50 C:\Users\yukta\AppData\Local\Arduino15\packages\rp2040\hardware\rp2040\2.4.0/lib/libpico.a(mutex.c.obj)
                0x20000102                recursive_mutex_enter_blocking
 .time_critical.mutex_try_enter
                0x20000152       0x42 C:\Users\yukta\AppData\Local\Arduino15\packages\rp2040\hardware\rp2040\2.4.0/lib/libpico.a(mutex.c.obj)
                0x20000152                mutex_try_enter
 .time_critical.mutex_enter_block_until
                0x20000194       0x58 C:\Users\yukta\AppData\Local\Arduino15\packages\rp2040\hardware\rp2040\2.4.0/lib/libpico.a(mutex.c.obj)
                0x20000194                mutex_enter_block_until
 .time_critical.mutex_enter_timeout_ms
                0x200001ec       0x3c C:\Users\yukta\AppData\Local\Arduino15\packages\rp2040\hardware\rp2040\2.4.0/lib/libpico.a(mutex.c.obj)
                0x200001ec                mutex_enter_timeout_ms
 .time_critical.mutex_exit
                0x20000228       0x28 C:\Users\yukta\AppData\Local\Arduino15\packages\rp2040\hardware\rp2040\2.4.0/lib/libpico.a(mutex.c.obj)
                0x20000228                mutex_exit
 .time_critical.recursive_mutex_exit
                0x20000250       0x42 C:\Users\yukta\AppData\Local\Arduino15\packages\rp2040\hardware\rp2040\2.4.0/lib/libpico.a(mutex.c.obj)
                0x20000250                recursive_mutex_exit
 *fill*         0x20000292        0x2 
 .time_critical.flash_init_boot2_copyout
                0x20000294       0x30 C:\Users\yukta\AppData\Local\Arduino15\packages\rp2040\hardware\rp2040\2.4.0/lib/libpico.a(flash.c.obj)
 .time_critical.flash_enable_xip_via_boot2
                0x200002c4       0x10 C:\Users\yukta\AppData\Local\Arduino15\packages\rp2040\hardware\rp2040\2.4.0/lib/libpico.a(flash.c.obj)
 .time_critical.flash_cs_force
                0x200002d4       0x24 C:\Users\yukta\AppData\Local\Arduino15\packages\rp2040\hardware\rp2040\2.4.0/lib/libpico.a(flash.c.obj)
 .time_critical.flash_do_cmd
                0x200002f8       0xa4 C:\Users\yukta\AppData\Local\Arduino15\packages\rp2040\hardware\rp2040\2.4.0/lib/libpico.a(flash.c.obj)
                0x200002f8                flash_do_cmd
 *(.text*)
 .text          0x2000039c       0x16 c:/users/yukta/appdata/local/arduino15/packages/rp2040/tools/pqt-gcc/1.4.0-c-0196c06/bin/../lib/gcc/arm-none-eabi/10.3.0/../../../../arm-none-eabi/lib/thumb\libc.a(lib_a-memchr-stub.o)
                0x2000039c                memchr
 .text          0x200003b2       0x26 c:/users/yukta/appdata/local/arduino15/packages/rp2040/tools/pqt-gcc/1.4.0-c-0196c06/bin/../lib/gcc/arm-none-eabi/10.3.0/../../../../arm-none-eabi/lib/thumb\libc.a(lib_a-memmove.o)
                0x200003b2                memmove
 .text          0x200003d8       0x14 c:/users/yukta/appdata/local/arduino15/packages/rp2040/tools/pqt-gcc/1.4.0-c-0196c06/bin/../lib/gcc/arm-none-eabi/10.3.0/thumb\libgcc.a(_thumb1_case_uqi.o)
                0x200003d8                __gnu_thumb1_case_uqi
 .text          0x200003ec       0x14 c:/users/yukta/appdata/local/arduino15/packages/rp2040/tools/pqt-gcc/1.4.0-c-0196c06/bin/../lib/gcc/arm-none-eabi/10.3.0/thumb\libgcc.a(_thumb1_case_shi.o)
                0x200003ec                __gnu_thumb1_case_shi
 .text          0x20000400       0x14 c:/users/yukta/appdata/local/arduino15/packages/rp2040/tools/pqt-gcc/1.4.0-c-0196c06/bin/../lib/gcc/arm-none-eabi/10.3.0/thumb\libgcc.a(_thumb1_case_uhi.o)
                0x20000400                __gnu_thumb1_case_uhi
 .text          0x20000414        0x4 c:/users/yukta/appdata/local/arduino15/packages/rp2040/tools/pqt-gcc/1.4.0-c-0196c06/bin/../lib/gcc/arm-none-eabi/10.3.0/thumb\libgcc.a(_dvmd_tls.o)
                0x20000414                __aeabi_idiv0
                0x20000414                __aeabi_ldiv0
 .text.__stub   0x20000418       0x30 linker stubs
                0x20000448                . = ALIGN (0x4)
 *(.rodata*)
                0x20000448                . = ALIGN (0x4)
 *(.data*)
 .data.aeabi_mem_funcs
                0x20000448       0x10 C:\Users\yukta\AppData\Local\Arduino15\packages\rp2040\hardware\rp2040\2.4.0/lib/libpico.a(mem_ops_aeabi.S.obj)
                0x20000448                aeabi_mem_funcs
                0x20000458                aeabi_mem_funcs_end
 .data.striped_spin_lock_num
                0x20000458        0x1 C:\Users\yukta\AppData\Local\Arduino15\packages\rp2040\hardware\rp2040\2.4.0/lib/libpico.a(sync.c.obj)
 *fill*         0x20000459        0x3 
 .data          0x2000045c       0x48 C:\Users\yukta\AppData\Local\Arduino15\packages\rp2040\hardware\rp2040\2.4.0/lib/libpico.a(irq_handler_chain.S.obj)
                0x2000045c                irq_handler_chain_slots
                0x2000048c                irq_handler_chain_first_slot
                0x20000496                irq_handler_chain_remove_tail
 .data.default_alarm_pool
                0x200004a4       0x18 C:\Users\yukta\AppData\Local\Arduino15\packages\rp2040\hardware\rp2040\2.4.0/lib/libpico.a(time.c.obj)
 .data.default_alarm_pool_heap
                0x200004bc       0x10 C:\Users\yukta\AppData\Local\Arduino15\packages\rp2040\hardware\rp2040\2.4.0/lib/libpico.a(time.c.obj)
 .data          0x200004cc      0x410 c:/users/yukta/appdata/local/arduino15/packages/rp2040/tools/pqt-gcc/1.4.0-c-0196c06/bin/../lib/gcc/arm-none-eabi/10.3.0/../../../../arm-none-eabi/lib/thumb\libc.a(lib_a-mallocr.o)
                0x200004cc                __malloc_sbrk_base
                0x200004d0                __malloc_trim_threshold
                0x200004d4                __malloc_av_
 .data          0x200008dc       0xf4 c:/users/yukta/appdata/local/arduino15/packages/rp2040/tools/pqt-gcc/1.4.0-c-0196c06/bin/../lib/gcc/arm-none-eabi/10.3.0/../../../../arm-none-eabi/lib/thumb\libc.a(lib_a-impure.o)