Archive member included to satisfy reference by file (symbol)

C:\Users\yukta\AppData\Local\Arduino15\packages\rp2040\hardware\rp2040\2.4.0/lib/libpico.a(time.c.obj)
                              C:\Users\yukta\AppData\Local\Temp\arduino-sketch-CF34B81181448CFDA01E35D8C672E5F0\sketch\uart_pico.ino.cpp.o (sleep_ms)
C:\Users\yukta\AppData\Local\Arduino15\packages\rp2040\hardware\rp2040\2.4.0/lib/libpico.a(timer.c.obj)
                              C:\Users\yukta\AppData\Local\Arduino15\packages\rp2040\hardware\rp2040\2.4.0/lib/libpico.a(time.c.obj) (hardware_alarm_claim)
C:\Users\yukta\AppData\Local\Arduino15\packages\rp2040\hardware\rp2040\2.4.0/lib/libpico.a(pheap.c.obj)
                              C:\Users\yukta\AppData\Local\Arduino15\packages\rp2040\hardware\rp2040\2.4.0/lib/libpico.a(time.c.obj) (ph_post_alloc_init)
C:\Users\yukta\AppData\Local\Arduino15\packages\rp2040\hardware\rp2040\2.4.0/lib/libpico.a(runtime.c.obj)
                              c:/users/yukta/appdata/local/arduino15/packages/rp2040/tools/pqt-gcc/1.4.0-c-0196c06/bin/../lib/gcc/arm-none-eabi/10.3.0/../../../../arm-none-eabi/lib/thumb/crt0.o (exit)
C:\Users\yukta\AppData\Local\Arduino15\packages\rp2040\hardware\rp2040\2.4.0/lib/libpico.a(pico_int64_ops_aeabi.S.obj)
                              C:\Users\yukta\AppData\Local\Arduino15\packages\rp2040\hardware\rp2040\2.4.0/lib/libpico.a(time.c.obj) (__wrap___aeabi_lmul)
C:\Users\yukta\AppData\Local\Arduino15\packages\rp2040\hardware\rp2040\2.4.0/lib/libpico.a(mem_ops_aeabi.S.obj)
                              c:/users/yukta/appdata/local/arduino15/packages/rp2040/tools/pqt-gcc/1.4.0-c-0196c06/bin/../lib/gcc/arm-none-eabi/10.3.0/../../../../arm-none-eabi/lib/thumb/crt0.o (__wrap_memset)
C:\Users\yukta\AppData\Local\Arduino15\packages\rp2040\hardware\rp2040\2.4.0/lib/libpico.a(crt0.S.obj)
                              (_entry_point)
C:\Users\yukta\AppData\Local\Arduino15\packages\rp2040\hardware\rp2040\2.4.0/lib/libpico.a(claim.c.obj)
                              C:\Users\yukta\AppData\Local\Arduino15\packages\rp2040\hardware\rp2040\2.4.0/lib/libpico.a(timer.c.obj) (hw_is_claimed)
C:\Users\yukta\AppData\Local\Arduino15\packages\rp2040\hardware\rp2040\2.4.0/lib/libpico.a(sync.c.obj)
                              C:\Users\yukta\AppData\Local\Arduino15\packages\rp2040\hardware\rp2040\2.4.0/lib/libpico.a(runtime.c.obj) (spin_locks_reset)
C:\Users\yukta\AppData\Local\Arduino15\packages\rp2040\hardware\rp2040\2.4.0/lib/libpico.a(clocks.c.obj)
                              C:\Users\yukta\AppData\Local\Arduino15\packages\rp2040\hardware\rp2040\2.4.0/lib/libpico.a(runtime.c.obj) (clocks_init)
C:\Users\yukta\AppData\Local\Arduino15\packages\rp2040\hardware\rp2040\2.4.0/lib/libpico.a(gpio.c.obj)
                              C:\Users\yukta\AppData\Local\Arduino15\packages\rp2040\hardware\rp2040\2.4.0/lib/libpico.a(clocks.c.obj) (gpio_set_function)
C:\Users\yukta\AppData\Local\Arduino15\packages\rp2040\hardware\rp2040\2.4.0/lib/libpico.a(irq.c.obj)
                              C:\Users\yukta\AppData\Local\Arduino15\packages\rp2040\hardware\rp2040\2.4.0/lib/libpico.a(timer.c.obj) (irq_set_enabled)
C:\Users\yukta\AppData\Local\Arduino15\packages\rp2040\hardware\rp2040\2.4.0/lib/libpico.a(irq_handler_chain.S.obj)
                              C:\Users\yukta\AppData\Local\Arduino15\packages\rp2040\hardware\rp2040\2.4.0/lib/libpico.a(irq.c.obj) (irq_handler_chain_slots)
C:\Users\yukta\AppData\Local\Arduino15\packages\rp2040\hardware\rp2040\2.4.0/lib/libpico.a(lock_core.c.obj)
                              C:\Users\yukta\AppData\Local\Arduino15\packages\rp2040\hardware\rp2040\2.4.0/lib/libpico.a(time.c.obj) (lock_init)
C:\Users\yukta\AppData\Local\Arduino15\packages\rp2040\hardware\rp2040\2.4.0/lib/libpico.a(mutex.c.obj)
                              C:\Users\yukta\AppData\Local\Arduino15\packages\rp2040\hardware\rp2040\2.4.0/lib/libpico.a(runtime.c.obj) (mutex_init)
C:\Users\yukta\AppData\Local\Arduino15\packages\rp2040\hardware\rp2040\2.4.0/lib/libpico.a(pll.c.obj)
                              C:\Users\yukta\AppData\Local\Arduino15\packages\rp2040\hardware\rp2040\2.4.0/lib/libpico.a(clocks.c.obj) (pll_init)
C:\Users\yukta\AppData\Local\Arduino15\packages\rp2040\hardware\rp2040\2.4.0/lib/libpico.a(watchdog.c.obj)
                              C:\Users\yukta\AppData\Local\Arduino15\packages\rp2040\hardware\rp2040\2.4.0/lib/libpico.a(clocks.c.obj) (watchdog_start_tick)
C:\Users\yukta\AppData\Local\Arduino15\packages\rp2040\hardware\rp2040\2.4.0/lib/libpico.a(xosc.c.obj)
                              C:\Users\yukta\AppData\Local\Arduino15\packages\rp2040\hardware\rp2040\2.4.0/lib/libpico.a(clocks.c.obj) (xosc_init)
C:\Users\yukta\AppData\Local\Arduino15\packages\rp2040\hardware\rp2040\2.4.0/lib/libpico.a(bootrom.c.obj)
[...]
Memory Configuration

Name             Origin             Length             Attributes
FLASH            0x10000000         0x001ff000         xr
RAM              0x20000000         0x00040000         xrw
SCRATCH_X        0x20040000         0x00001000         xrw
SCRATCH_Y        0x20041000         0x00001000         xrw
*default*        0x00000000         0xffffffff

Linker script and memory map

LOAD c:/users/yukta/appdata/local/arduino15/packages/rp2040/tools/pqt-gcc/1.4.0-c-0196c06/bin/../lib/gcc/arm-none-eabi/10.3.0/thumb/crti.o
LOAD c:/users/yukta/appdata/local/arduino15/packages/rp2040/tools/pqt-gcc/1.4.0-c-0196c06/bin/../lib/gcc/arm-none-eabi/10.3.0/thumb/crtbegin.o
LOAD c:/users/yukta/appdata/local/arduino15/packages/rp2040/tools/pqt-gcc/1.4.0-c-0196c06/bin/../lib/gcc/arm-none-eabi/10.3.0/../../../../arm-none-eabi/lib/thumb/crt0.o
                [!provide]                PROVIDE (_EEPROM_start = 0x101ff000)
                [!provide]                PROVIDE (_FS_start = 0x101ff000)
                [!provide]                PROVIDE (_FS_end = 0x101ff000)

.flash_begin    0x10000000        0x0
                0x10000000                __flash_binary_start = .

.boot2          0x10000000      0x100
                0x10000000                __boot2_start__ = .
 *(.boot2)
 .boot2         0x10000000      0x100 C:\Users\yukta\AppData\Local\Temp\arduino-sketch-CF34B81181448CFDA01E35D8C672E5F0/boot2.o
                0x10000100                __boot2_end__ = .
                0x00000001                ASSERT (((__boot2_end__ - __boot2_start__) == 0x100), ERROR: Pico second stage bootloader must be 256 bytes in size)

.ota            0x10000100     0x26ac
 *(.OTA)
 .OTA           0x10000100     0x26ac C:\Users\yukta\AppData\Local\Arduino15\packages\rp2040\hardware\rp2040\2.4.0/lib/ota.o
                0x10000100                _binary_ota_bin_start
                0x100027ac                _binary_ota_bin_end

.partition      0x100027ac      0x854
                0x10002ff0                . = (__flash_binary_start + 0x2ff0)
 *fill*         0x100027ac      0x844 
                0x10002ff0        0x4 LONG 0x101ff000
                0x10002ff4        0x4 LONG 0x101ff000
                0x10002ff8        0x4 LONG 0x101ff000
                0x10002ffc        0x4 LONG 0x1ff000

.text           0x10003000     0xa498
                0x10003000                __logical_binary_start = .
 *(.vectors)
 .vectors       0x10003000       0xd4 C:\Users\yukta\AppData\Local\Arduino15\packages\rp2040\hardware\rp2040\2.4.0/lib/libpico.a(crt0.S.obj)
                0x10003000                __VECTOR_TABLE
                0x10003000                __vectors
                0x100030c0                isr_invalid
                0x100030c0                __default_isrs_start
                0x100030c2                isr_nmi
                0x100030c4                isr_hardfault
                0x100030c6                isr_svcall
                0x100030c8                isr_pendsv
                0x100030ca                isr_systick
                0x100030cc                isr_irq23
                0x100030cc                isr_irq18
                0x100030cc                isr_irq11
                0x100030cc                isr_irq28
                0x100030cc                isr_irq19
                0x100030cc                isr_irq0
                0x100030cc                isr_irq6
                0x100030cc                isr_irq5
                0x100030cc                isr_irq12
                0x100030cc                isr_irq22
                0x100030cc                isr_irq31
                0x100030cc                isr_irq17
                0x100030cc                isr_irq27
                0x100030cc                isr_irq30
                0x100030cc                isr_irq2
                0x100030cc                isr_irq10
                0x100030cc                isr_irq8
                0x100030cc                isr_irq24
                0x100030cc                isr_irq1
                0x100030cc                isr_irq7
                0x100030cc                isr_irq21
                0x100030cc                isr_irq20
                0x100030cc                isr_irq15
                0x100030cc                isr_irq25
                0x100030cc                isr_irq13
                0x100030cc                __unhandled_user_irq
                0x100030cc                isr_irq4
                0x100030cc                isr_irq16
                0x100030cc                isr_irq29
                0x100030cc                isr_irq26
                0x100030cc                __default_isrs_end
                0x100030cc                isr_irq3
                0x100030cc                isr_irq14
                0x100030cc                isr_irq9
                0x100030d2                unhandled_user_irq_num_in_r0
 *(.binary_info_header)
 .binary_info_header
                0x100030d4       0x14 C:\Users\yukta\AppData\Local\Arduino15\packages\rp2040\hardware\rp2040\2.4.0/lib/libpico.a(crt0.S.obj)
                0x100030e8                __binary_info_header_end = .
 *(.reset)
 .reset         0x100030e8       0xa8 C:\Users\yukta\AppData\Local\Arduino15\packages\rp2040\hardware\rp2040\2.4.0/lib/libpico.a(crt0.S.obj)
                0x100030e8                _entry_point
                0x10003166                __get_current_exception
 *(.init)
 .init          0x10003190        0x4 c:/users/yukta/appdata/local/arduino15/packages/rp2040/tools/pqt-gcc/1.4.0-c-0196c06/bin/../lib/gcc/arm-none-eabi/10.3.0/thumb/crti.o
                0x10003190                _init
 *(EXCLUDE_FILE(*libm.a: *libc.a:*lib_a-mem*.o *libgcc.a:) .text*)
 .text          0x10003194       0x98 c:/users/yukta/appdata/local/arduino15/packages/rp2040/tools/pqt-gcc/1.4.0-c-0196c06/bin/../lib/gcc/arm-none-eabi/10.3.0/thumb/crtbegin.o
 .text.startup.main
                0x1000322c       0x78 C:\Users\yukta\AppData\Local\Temp\arduino-sketch-CF34B81181448CFDA01E35D8C672E5F0\sketch\uart_pico.ino.cpp.o
                0x1000322c                main
 .text.time_reached
                0x100032a4       0x28 C:\Users\yukta\AppData\Local\Arduino15\packages\rp2040\hardware\rp2040\2.4.0/lib/libpico.a(time.c.obj)
 .text.timer_pool_entry_comparator
                0x100032cc       0x30 C:\Users\yukta\AppData\Local\Arduino15\packages\rp2040\hardware\rp2040\2.4.0/lib/libpico.a(time.c.obj)
                0x100032cc                timer_pool_entry_comparator
 .text.alarm_pool_post_alloc_init
                0x100032fc       0x3c C:\Users\yukta\AppData\Local\Arduino15\packages\rp2040\hardware\rp2040\2.4.0/lib/libpico.a(time.c.obj)
 .text.sleep_until_callback
                0x10003338       0x30 C:\Users\yukta\AppData\Local\Arduino15\packages\rp2040\hardware\rp2040\2.4.0/lib/libpico.a(time.c.obj)
 .text.ph_add_child_node.isra.0
                0x10003368       0x22 C:\Users\yukta\AppData\Local\Arduino15\packages\rp2040\hardware\rp2040\2.4.0/lib/libpico.a(time.c.obj)
 *fill*         0x1000338a        0x2 
 .text.add_alarm_under_lock
                0x1000338c       0xc8 C:\Users\yukta\AppData\Local\Arduino15\packages\rp2040\hardware\rp2040\2.4.0/lib/libpico.a(time.c.obj)
 .text.alarm_pool_alarm_callback
                0x10003454      0x188 C:\Users\yukta\AppData\Local\Arduino15\packages\rp2040\hardware\rp2040\2.4.0/lib/libpico.a(time.c.obj)
 .text.alarm_pool_init_default
                0x100035dc       0x34 C:\Users\yukta\AppData\Local\Arduino15\packages\rp2040\hardware\rp2040\2.4.0/lib/libpico.a(time.c.obj)
                0x100035dc                alarm_pool_init_default
 .text.alarm_pool_add_alarm_at
                0x10003610       0xda C:\Users\yukta\AppData\Local\Arduino15\packages\rp2040\hardware\rp2040\2.4.0/lib/libpico.a(time.c.obj)
                0x10003610                alarm_pool_add_alarm_at
 .text.alarm_pool_cancel_alarm
                0x100036ea       0x66 C:\Users\yukta\AppData\Local\Arduino15\packages\rp2040\hardware\rp2040\2.4.0/lib/libpico.a(time.c.obj)
                0x100036ea                alarm_pool_cancel_alarm
 .text.sleep_until
                0x10003750       0x98 C:\Users\yukta\AppData\Local\Arduino15\packages\rp2040\hardware\rp2040\2.4.0/lib/libpico.a(time.c.obj)
                0x10003750                sleep_until
 .text.sleep_us
                0x100037e8       0x2c C:\Users\yukta\AppData\Local\Arduino15\packages\rp2040\hardware\rp2040\2.4.0/lib/libpico.a(time.c.obj)
                0x100037e8                sleep_us
 .text.sleep_ms
                0x10003814       0x14 C:\Users\yukta\AppData\Local\Arduino15\packages\rp2040\hardware\rp2040\2.4.0/lib/libpico.a(time.c.obj)
                0x10003814                sleep_ms
 .text.best_effort_wfe_or_timeout
                0x10003828       0x40 C:\Users\yukta\AppData\Local\Arduino15\packages\rp2040\hardware\rp2040\2.4.0/lib/libpico.a(time.c.obj)
                0x10003828                best_effort_wfe_or_timeout
 .text.hardware_alarm_irq_handler
                0x10003868       0x90 C:\Users\yukta\AppData\Local\Arduino15\packages\rp2040\hardware\rp2040\2.4.0/lib/libpico.a(timer.c.obj)
 .text.hardware_alarm_claim
                0x100038f8       0x18 C:\Users\yukta\AppData\Local\Arduino15\packages\rp2040\hardware\rp2040\2.4.0/lib/libpico.a(timer.c.obj)
                0x100038f8                hardware_alarm_claim
 .text.time_us_64
                0x10003910       0x14 C:\Users\yukta\AppData\Local\Arduino15\packages\rp2040\hardware\rp2040\2.4.0/lib/libpico.a(timer.c.obj)
                0x10003910                time_us_64
 .text.busy_wait_until
                0x10003924       0x1c C:\Users\yukta\AppData\Local\Arduino15\packages\rp2040\hardware\rp2040\2.4.0/lib/libpico.a(timer.c.obj)
                0x10003924                busy_wait_until
 .text.hardware_alarm_set_callback
                0x10003940       0x94 C:\Users\yukta\AppData\Local\Arduino15\packages\rp2040\hardware\rp2040\2.4.0/lib/libpico.a(timer.c.obj)
                0x10003940                hardware_alarm_set_callback
 .text.hardware_alarm_set_target
                0x100039d4       0xbc C:\Users\yukta\AppData\Local\Arduino15\packages\rp2040\hardware\rp2040\2.4.0/lib/libpico.a(timer.c.obj)
                0x100039d4                hardware_alarm_set_target
 .text.hardware_alarm_cancel
                0x10003a90       0x40 C:\Users\yukta\AppData\Local\Arduino15\packages\rp2040\hardware\rp2040\2.4.0/lib/libpico.a(timer.c.obj)
                0x10003a90                hardware_alarm_cancel
 .text.ph_add_child_node.isra.0
                0x10003ad0       0x22 C:\Users\yukta\AppData\Local\Arduino15\packages\rp2040\hardware\rp2040\2.4.0/lib/libpico.a(pheap.c.obj)
 .text.ph_merge_nodes
                0x10003af2       0x36 C:\Users\yukta\AppData\Local\Arduino15\packages\rp2040\hardware\rp2040\2.4.0/lib/libpico.a(pheap.c.obj)
 .text.ph_clear
                0x10003b28       0x34 C:\Users\yukta\AppData\Local\Arduino15\packages\rp2040\hardware\rp2040\2.4.0/lib/libpico.a(pheap.c.obj)
                0x10003b28                ph_clear
 .text.ph_post_alloc_init
                0x10003b5c        0xe C:\Users\yukta\AppData\Local\Arduino15\packages\rp2040\hardware\rp2040\2.4.0/lib/libpico.a(pheap.c.obj)
                0x10003b5c                ph_post_alloc_init
 .text.ph_merge_two_pass
                0x10003b6a       0x48 C:\Users\yukta\AppData\Local\Arduino15\packages\rp2040\hardware\rp2040\2.4.0/lib/libpico.a(pheap.c.obj)
                0x10003b6a                ph_merge_two_pass
 .text.ph_remove_any_head
                0x10003bb2       0x4a C:\Users\yukta\AppData\Local\Arduino15\packages\rp2040\hardware\rp2040\2.4.0/lib/libpico.a(pheap.c.obj)
 .text.ph_remove_head
                0x10003bfc       0x14 C:\Users\yukta\AppData\Local\Arduino15\packages\rp2040\hardware\rp2040\2.4.0/lib/libpico.a(pheap.c.obj)
                0x10003bfc                ph_remove_head
 .text.ph_remove_and_free_node
                0x10003c10       0x6e C:\Users\yukta\AppData\Local\Arduino15\packages\rp2040\hardware\rp2040\2.4.0/lib/libpico.a(pheap.c.obj)
                0x10003c10                ph_remove_and_free_node
 *fill*         0x10003c7e        0x2 
 .text.runtime_init
                0x10003c80       0xcc C:\Users\yukta\AppData\Local\Arduino15\packages\rp2040\hardware\rp2040\2.4.0/lib/libpico.a(runtime.c.obj)
                0x10003c80                runtime_init
 .text._sbrk    0x10003d4c       0x30 C:\Users\yukta\AppData\Local\Arduino15\packages\rp2040\hardware\rp2040\2.4.0/lib/libpico.a(runtime.c.obj)
                0x10003d4c                _sbrk
 .text.exit     0x10003d7c        0x4 C:\Users\yukta\AppData\Local\Arduino15\packages\rp2040\hardware\rp2040\2.4.0/lib/libpico.a(runtime.c.obj)
                0x10003d7c                exit
 .text.__assert_func
                0x10003d80       0x30 C:\Users\yukta\AppData\Local\Arduino15\packages\rp2040\hardware\rp2040\2.4.0/lib/libpico.a(runtime.c.obj)
                0x10003d80                __assert_func
 .text.panic    0x10003db0       0x2c C:\Users\yukta\AppData\Local\Arduino15\packages\rp2040\hardware\rp2040\2.4.0/lib/libpico.a(runtime.c.obj)
                0x10003db0                panic
 .text.hard_assertion_failure
                0x10003ddc        0xc C:\Users\yukta\AppData\Local\Arduino15\packages\rp2040\hardware\rp2040\2.4.0/lib/libpico.a(runtime.c.obj)
                0x10003ddc                hard_assertion_failure
 .text.__aeabi_lmul
                0x10003de8       0x32 C:\Users\yukta\AppData\Local\Arduino15\packages\rp2040\hardware\rp2040\2.4.0/lib/libpico.a(pico_int64_ops_aeabi.S.obj)
                0x10003de8                __wrap___aeabi_lmul
 *fill*         0x10003e1a        0x2 
 .text          0x10003e1c       0x10 C:\Users\yukta\AppData\Local\Arduino15\packages\rp2040\hardware\rp2040\2.4.0/lib/libpico.a(mem_ops_aeabi.S.obj)
                0x10003e1c                __aeabi_mem_init
 .text.memset   0x10003e2c        0xc C:\Users\yukta\AppData\Local\Arduino15\packages\rp2040\hardware\rp2040\2.4.0/lib/libpico.a(mem_ops_aeabi.S.obj)
                0x10003e2c                __wrap_memset
 .text.memcpy   0x10003e38        0xc C:\Users\yukta\AppData\Local\Arduino15\packages\rp2040\hardware\rp2040\2.4.0/lib/libpico.a(mem_ops_aeabi.S.obj)
                0x10003e38                __wrap_memcpy
                0x10003e38                __wrap___aeabi_memcpy
 .text.hw_claim_lock
                0x10003e44       0x18 C:\Users\yukta\AppData\Local\Arduino15\packages\rp2040\hardware\rp2040\2.4.0/lib/libpico.a(claim.c.obj)
                0x10003e44                hw_claim_lock
 .text.hw_claim_unlock
                0x10003e5c       0x14 C:\Users\yukta\AppData\Local\Arduino15\packages\rp2040\hardware\rp2040\2.4.0/lib/libpico.a(claim.c.obj)
                0x10003e5c                hw_claim_unlock
 .text.hw_is_claimed
                0x10003e70       0x16 C:\Users\yukta\AppData\Local\Arduino15\packages\rp2040\hardware\rp2040\2.4.0/lib/libpico.a(claim.c.obj)
                0x10003e70                hw_is_claimed
 .text.hw_claim_or_assert
                0x10003e86       0x3a C:\Users\yukta\AppData\Local\Arduino15\packages\rp2040\hardware\rp2040\2.4.0/lib/libpico.a(claim.c.obj)
                0x10003e86                hw_claim_or_assert
 .text.spin_locks_reset
                0x10003ec0       0x1c C:\Users\yukta\AppData\Local\Arduino15\packages\rp2040\hardware\rp2040\2.4.0/lib/libpico.a(sync.c.obj)
                0x10003ec0                spin_locks_reset
 .text.next_striped_spin_lock_num
                0x10003edc       0x18 C:\Users\yukta\AppData\Local\Arduino15\packages\rp2040\hardware\rp2040\2.4.0/lib/libpico.a(sync.c.obj)
                0x10003edc                next_striped_spin_lock_num
 .text.clock_configure
                0x10003ef4       0xd4 C:\Users\yukta\AppData\Local\Arduino15\packages\rp2040\hardware\rp2040\2.4.0/lib/libpico.a(clocks.c.obj)
                0x10003ef4                clock_configure
 .text.clocks_init
                0x10003fc8       0xf4 C:\Users\yukta\AppData\Local\Arduino15\packages\rp2040\hardware\rp2040\2.4.0/lib/libpico.a(clocks.c.obj)
                0x10003fc8                clocks_init
 .text.set_raw_irq_handler_and_unlock
                0x100040bc       0x28 C:\Users\yukta\AppData\Local\Arduino15\packages\rp2040\hardware\rp2040\2.4.0/lib/libpico.a(irq.c.obj)
 .text.irq_is_enabled
                0x100040e4       0x18 C:\Users\yukta\AppData\Local\Arduino15\packages\rp2040\hardware\rp2040\2.4.0/lib/libpico.a(irq.c.obj)
                0x100040e4                irq_is_enabled
 .text.irq_set_mask_enabled
                0x100040fc       0x20 C:\Users\yukta\AppData\Local\Arduino15\packages\rp2040\hardware\rp2040\2.4.0/lib/libpico.a(irq.c.obj)
                0x100040fc                irq_set_mask_enabled
 .text.irq_set_enabled
                0x1000411c        0xe C:\Users\yukta\AppData\Local\Arduino15\packages\rp2040\hardware\rp2040\2.4.0/lib/libpico.a(irq.c.obj)
                0x1000411c                irq_set_enabled
 *fill*         0x1000412a        0x2 
 .text.irq_get_vtable_handler
                0x1000412c       0x10 C:\Users\yukta\AppData\Local\Arduino15\packages\rp2040\hardware\rp2040\2.4.0/lib/libpico.a(irq.c.obj)
                0x1000412c                irq_get_vtable_handler
 .text.irq_set_exclusive_handler
                0x1000413c       0x40 C:\Users\yukta\AppData\Local\Arduino15\packages\rp2040\hardware\rp2040\2.4.0/lib/libpico.a(irq.c.obj)
                0x1000413c                irq_set_exclusive_handler
 .text.irq_remove_handler
                0x1000417c      0x160 C:\Users\yukta\AppData\Local\Arduino15\packages\rp2040\hardware\rp2040\2.4.0/lib/libpico.a(irq.c.obj)
                0x1000417c                irq_remove_handler
 .text.irq_add_tail_to_free_list
                0x100042dc       0xa8 C:\Users\yukta\AppData\Local\Arduino15\packages\rp2040\hardware\rp2040\2.4.0/lib/libpico.a(irq.c.obj)
                0x100042dc                irq_add_tail_to_free_list
 .text.irq_init_priorities
                0x10004384       0x24 C:\Users\yukta\AppData\Local\Arduino15\packages\rp2040\hardware\rp2040\2.4.0/lib/libpico.a(irq.c.obj)
                0x10004384                irq_init_priorities
 .text.lock_init
                0x100043a8       0x10 C:\Users\yukta\AppData\Local\Arduino15\packages\rp2040\hardware\rp2040\2.4.0/lib/libpico.a(lock_core.c.obj)
                0x100043a8                lock_init
 .text.mutex_init
                0x100043b8       0x1a C:\Users\yukta\AppData\Local\Arduino15\packages\rp2040\hardware\rp2040\2.4.0/lib/libpico.a(mutex.c.obj)
                0x100043b8                mutex_init
 .text.recursive_mutex_init
                0x100043d2       0x1a C:\Users\yukta\AppData\Local\Arduino15\packages\rp2040\hardware\rp2040\2.4.0/lib/libpico.a(mutex.c.obj)
                0x100043d2                recursive_mutex_init
 .text.pll_init
                0x100043ec       0x9c C:\Users\yukta\AppData\Local\Arduino15\packages\rp2040\hardware\rp2040\2.4.0/lib/libpico.a(pll.c.obj)
                0x100043ec                pll_init
 .text.watchdog_start_tick
                0x10004488       0x10 C:\Users\yukta\AppData\Local\Arduino15\packages\rp2040\hardware\rp2040\2.4.0/lib/libpico.a(watchdog.c.obj)
                0x10004488                watchdog_start_tick
 .text.xosc_init
                0x10004498       0x28 C:\Users\yukta\AppData\Local\Arduino15\packages\rp2040\hardware\rp2040\2.4.0/lib/libpico.a(xosc.c.obj)
                0x10004498                xosc_init
 .text.rom_func_lookup
                0x100044c0       0x10 C:\Users\yukta\AppData\Local\Arduino15\packages\rp2040\hardware\rp2040\2.4.0/lib/libpico.a(bootrom.c.obj)
                0x100044c0                rom_func_lookup
 .text.rom_data_lookup
                0x100044d0       0x10 C:\Users\yukta\AppData\Local\Arduino15\packages\rp2040\hardware\rp2040\2.4.0/lib/libpico.a(bootrom.c.obj)
                0x100044d0                rom_data_lookup
 .text.rom_funcs_lookup
                0x100044e0       0x26 C:\Users\yukta\AppData\Local\Arduino15\packages\rp2040\hardware\rp2040\2.4.0/lib/libpico.a(bootrom.c.obj)
                0x100044e0                rom_funcs_lookup
 *fill*         0x10004506        0x2 
 .text.__wrap___aeabi_idiv
                0x10004508       0x50 C:\Users\yukta\AppData\Local\Arduino15\packages\rp2040\hardware\rp2040\2.4.0/lib/libpico.a(divider.S.obj)
                0x10004508                __wrap___aeabi_idivmod
                0x10004508                divmod_s32s32
                0x10004508                div_s32s32
                0x10004508                __wrap___aeabi_idiv
                0x10004510                divmod_s32s32_unsafe
                0x1000453c                divmod_s32s32_savestate
 .text.__wrap___aeabi_uidiv
                0x10004558       0x4c C:\Users\yukta\AppData\Local\Arduino15\packages\rp2040\hardware\rp2040\2.4.0/lib/libpico.a(divider.S.obj)
                0x10004558                __wrap___aeabi_uidiv
                0x10004558                __wrap___aeabi_uidivmod
                0x10004558                div_u32u32
                0x10004558                divmod_u32u32
                0x10004560                divmod_u32u32_unsafe
                0x10004588                divmod_u32u32_savestate
 .text.__wrap___aeabi_ldiv
                0x100045a4      0x434 C:\Users\yukta\AppData\Local\Arduino15\packages\rp2040\hardware\rp2040\2.4.0/lib/libpico.a(divider.S.obj)
                0x100045a4                div_s64s64
                0x100045a4                divmod_s64s64
                0x100045a4                __wrap___aeabi_ldivmod
                0x100045dc                divmod_u64u64
                0x100045dc                div_u64u64
                0x100045dc                __wrap___aeabi_uldivmod
                0x100045ec                divmod_u64u64_savestate
                0x10004614                divmod_s64s64_unsafe
                0x1000469c                divmod_u64u64_unsafe
 .text.running_on_fpga
                0x100049d8       0x10 C:\Users\yukta\AppData\Local\Arduino15\packages\rp2040\hardware\rp2040\2.4.0/lib/libpico.a(platform.c.obj)
                0x100049d8                running_on_fpga
 .text          0x100049e8       0x9c c:/users/yukta/appdata/local/arduino15/packages/rp2040/tools/pqt-gcc/1.4.0-c-0196c06/bin/../lib/gcc/arm-none-eabi/10.3.0/../../../../arm-none-eabi/lib/thumb\libc.a(lib_a-callocr.o)
                0x100049e8                _calloc_r
 .text          0x10004a84        0x8 c:/users/yukta/appdata/local/arduino15/packages/rp2040/tools/pqt-gcc/1.4.0-c-0196c06/bin/../lib/gcc/arm-none-eabi/10.3.0/../../../../arm-none-eabi/lib/thumb\libc.a(lib_a-errno.o)
                0x10004a84                __errno
 .text          0x10004a8c       0x20 c:/users/yukta/appdata/local/arduino15/packages/rp2040/tools/pqt-gcc/1.4.0-c-0196c06/bin/../lib/gcc/arm-none-eabi/10.3.0/../../../../arm-none-eabi/lib/thumb\libc.a(lib_a-malloc.o)
                0x10004a8c                malloc
                0x10004a9c                free
 .text          0x10004aac      0x420 c:/users/yukta/appdata/local/arduino15/packages/rp2040/tools/pqt-gcc/1.4.0-c-0196c06/bin/../lib/gcc/arm-none-eabi/10.3.0/../../../../arm-none-eabi/lib/thumb\libc.a(lib_a-mallocr.o)
                0x10004aac                _malloc_r
 .text          0x10004ecc       0x20 c:/users/yukta/appdata/local/arduino15/packages/rp2040/tools/pqt-gcc/1.4.0-c-0196c06/bin/../lib/gcc/arm-none-eabi/10.3.0/../../../../arm-none-eabi/lib/thumb\libc.a(lib_a-mlock.o)
                0x10004ecc                __malloc_lock
                0x10004edc                __malloc_unlock
 .text          0x10004eec      0x5f0 c:/users/yukta/appdata/local/arduino15/packages/rp2040/tools/pqt-gcc/1.4.0-c-0196c06/bin/../lib/gcc/arm-none-eabi/10.3.0/../../../../arm-none-eabi/lib/thumb\libc.a(lib_a-nano-vfprintf_float.o)
                0x10004eec                __cvt
                0x10004fb2                __exponent
                0x10005040                _printf_float
 .text          0x100054dc      0x410 c:/users/yukta/appdata/local/arduino15/packages/rp2040/tools/pqt-gcc/1.4.0-c-0196c06/bin/../lib/gcc/arm-none-eabi/10.3.0/../../../../arm-none-eabi/lib/thumb\libc.a(lib_a-nano-vfprintf_i.o)
                0x100054dc                _printf_common
                0x100055ba                _printf_i
 .text          0x100058ec      0x410 c:/users/yukta/appdata/local/arduino15/packages/rp2040/tools/pqt-gcc/1.4.0-c-0196c06/bin/../lib/gcc/arm-none-eabi/10.3.0/../../../../arm-none-eabi/lib/thumb\libc.a(lib_a-nano-vfscanf_float.o)
                0x100058ec                _scanf_float
 .text          0x10005cfc       0x54 c:/users/yukta/appdata/local/arduino15/packages/rp2040/tools/pqt-gcc/1.4.0-c-0196c06/bin/../lib/gcc/arm-none-eabi/10.3.0/../../../../arm-none-eabi/lib/thumb\libc.a(lib_a-printf.o)
                0x10005cfc                _printf_r
                0x10005cfc                _iprintf_r
                0x10005d24                iprintf
                0x10005d24                printf
 .text          0x10005d50       0xe0 c:/users/yukta/appdata/local/arduino15/packages/rp2040/tools/pqt-gcc/1.4.0-c-0196c06/bin/../lib/gcc/arm-none-eabi/10.3.0/../../../../arm-none-eabi/lib/thumb\libc.a(lib_a-puts.o)
                0x10005d50                _puts_r
                0x10005e20                puts
 .text          0x10005e30       0x24 c:/users/yukta/appdata/local/arduino15/packages/rp2040/tools/pqt-gcc/1.4.0-c-0196c06/bin/../lib/gcc/arm-none-eabi/10.3.0/../../../../arm-none-eabi/lib/thumb\libc.a(lib_a-sbrkr.o)
                0x10005e30                _sbrk_r
 .text          0x10005e54        0x8 c:/users/yukta/appdata/local/arduino15/packages/rp2040/tools/pqt-gcc/1.4.0-c-0196c06/bin/../lib/gcc/arm-none-eabi/10.3.0/../../../../arm-none-eabi/lib/thumb\libc.a(lib_a-sf_nan.o)
                0x10005e54                nanf
 .text          0x10005e5c       0x78 c:/users/yukta/appdata/local/arduino15/packages/rp2040/tools/pqt-gcc/1.4.0-c-0196c06/bin/../lib/gcc/arm-none-eabi/10.3.0/../../../../arm-none-eabi/lib/thumb\libc.a(lib_a-sprintf.o)
                0x10005e5c                _sprintf_r
                0x10005e5c                _siprintf_r
                0x10005e94                siprintf
                0x10005e94                sprintf
 .text          0x10005ed4        0xe c:/users/yukta/appdata/local/arduino15/packages/rp2040/tools/pqt-gcc/1.4.0-c-0196c06/bin/../lib/gcc/arm-none-eabi/10.3.0/../../../../arm-none-eabi/lib/thumb\libc.a(lib_a-strlen.o)
                0x10005ed4                strlen
 *fill*         0x10005ee2        0x2 
 .text          0x10005ee4      0xdfc c:/users/yukta/appdata/local/arduino15/packages/rp2040/tools/pqt-gcc/1.4.0-c-0196c06/bin/../lib/gcc/arm-none-eabi/10.3.0/../../../../arm-none-eabi/lib/thumb\libc.a(lib_a-strtod.o)
                0x10005f14                _strtod_l
                0x10006b44                _strtod_r
                0x10006b54                strtod_l
                0x10006b6c                strtod
                0x10006b88                strtof_l
                0x10006c34                strtof
 .text          0x10006ce0      0x154 c:/users/yukta/appdata/local/arduino15/packages/rp2040/tools/pqt-gcc/1.4.0-c-0196c06/bin/../lib/gcc/arm-none-eabi/10.3.0/../../../../arm-none-eabi/lib/thumb\libc.a(lib_a-strtol.o)
                0x10006dfc                _strtol_r
                0x10006e04                strtol_l
                0x10006e1c                strtol
 .text          0x10006e34       0x4a c:/users/yukta/appdata/local/arduino15/packages/rp2040/tools/pqt-gcc/1.4.0-c-0196c06/bin/../lib/gcc/arm-none-eabi/10.3.0/../../../../arm-none-eabi/lib/thumb\libc.a(lib_a-vprintf.o)
                0x10006e34                vprintf
                0x10006e34                viprintf
                0x10006e5a                _vprintf_r
                0x10006e5a                _viprintf_r
 *fill*         0x10006e7e        0x2 
 .text          0x10006e80      0xd4c c:/users/yukta/appdata/local/arduino15/packages/rp2040/tools/pqt-gcc/1.4.0-c-0196c06/bin/../lib/gcc/arm-none-eabi/10.3.0/../../../../arm-none-eabi/lib/thumb\libc.a(lib_a-dtoa.o)
                0x10006f96                _dtoa_r
 .text          0x10007bcc      0x238 c:/users/yukta/appdata/local/arduino15/packages/rp2040/tools/pqt-gcc/1.4.0-c-0196c06/bin/../lib/gcc/arm-none-eabi/10.3.0/../../../../arm-none-eabi/lib/thumb\libc.a(lib_a-findfp.o)
                0x10007c14                _cleanup_r
                0x10007c54                __sfmoreglue
                0x10007c80                _cleanup
                0x10007c90                __sfp_lock_acquire
                0x10007ca0                __sfp_lock_release
                0x10007cb0                __sinit_lock_acquire
                0x10007cc0                __sinit_lock_release
                0x10007cd0                __sinit
                0x10007d44                __sfp
                0x10007dd4                __fp_lock_all
                0x10007dec                __fp_unlock_all
 .text          0x10007e04      0x200 c:/users/yukta/appdata/local/arduino15/packages/rp2040/tools/pqt-gcc/1.4.0-c-0196c06/bin/../lib/gcc/arm-none-eabi/10.3.0/../../../../arm-none-eabi/lib/thumb\libc.a(lib_a-freer.o)
                0x10007e04                _malloc_trim_r
                0x10007ea0                _free_r
 .text          0x10008004      0x2d0 c:/users/yukta/appdata/local/arduino15/packages/rp2040/tools/pqt-gcc/1.4.0-c-0196c06/bin/../lib/gcc/arm-none-eabi/10.3.0/../../../../arm-none-eabi/lib/thumb\libc.a(lib_a-fvwrite.o)
                0x10008004                __sfvwrite_r
 .text          0x100082d4       0x76 c:/users/yukta/appdata/local/arduino15/packages/rp2040/tools/pqt-gcc/1.4.0-c-0196c06/bin/../lib/gcc/arm-none-eabi/10.3.0/../../../../arm-none-eabi/lib/thumb\libc.a(lib_a-fwalk.o)
                0x100082d4                _fwalk
                0x1000830a                _fwalk_reent
 *fill*         0x1000834a        0x2 
 .text          0x1000834c      0x54c c:/users/yukta/appdata/local/arduino15/packages/rp2040/tools/pqt-gcc/1.4.0-c-0196c06/bin/../lib/gcc/arm-none-eabi/10.3.0/../../../../arm-none-eabi/lib/thumb\libc.a(lib_a-gdtoa-gethex.o)
                0x100083f4                __hexdig_fun
                0x1000841e                __gethex
 .text          0x10008898      0x19c c:/users/yukta/appdata/local/arduino15/packages/rp2040/tools/pqt-gcc/1.4.0-c-0196c06/bin/../lib/gcc/arm-none-eabi/10.3.0/../../../../arm-none-eabi/lib/thumb\libc.a(lib_a-gdtoa-hexnan.o)
                0x100088bc                __match
                0x100088e4                __hexnan
 .text          0x10008a34       0x64 c:/users/yukta/appdata/local/arduino15/packages/rp2040/tools/pqt-gcc/1.4.0-c-0196c06/bin/../lib/gcc/arm-none-eabi/10.3.0/../../../../arm-none-eabi/lib/thumb\libc.a(lib_a-locale.o)
                0x10008a34                _setlocale_r
                0x10008a74                __locale_mb_cur_max
                0x10008a84                setlocale
 .text          0x10008a98       0x14 c:/users/yukta/appdata/local/arduino15/packages/rp2040/tools/pqt-gcc/1.4.0-c-0196c06/bin/../lib/gcc/arm-none-eabi/10.3.0/../../../../arm-none-eabi/lib/thumb\libc.a(lib_a-localeconv.o)
                0x10008a98                __localeconv_l
                0x10008a9c                _localeconv_r
                0x10008aa4                localeconv
 .text          0x10008aac       0x38 c:/users/yukta/appdata/local/arduino15/packages/rp2040/tools/pqt-gcc/1.4.0-c-0196c06/bin/../lib/gcc/arm-none-eabi/10.3.0/../../../../arm-none-eabi/lib/thumb\libc.a(lib_a-mbtowc_r.o)
                0x10008aac                _mbtowc_r
                0x10008ac0                __ascii_mbtowc
 .text          0x10008ae4      0x9c4 c:/users/yukta/appdata/local/arduino15/packages/rp2040/tools/pqt-gcc/1.4.0-c-0196c06/bin/../lib/gcc/arm-none-eabi/10.3.0/../../../../arm-none-eabi/lib/thumb\libc.a(lib_a-mprec.o)
                0x10008ae4                _Balloc
                0x10008b6c                _Bfree
                0x10008bb4                __multadd
                0x10008c3c                __s2b
                0x10008cd4                __hi0bits
                0x10008d08                __lo0bits
                0x10008d64                __i2b
                0x10008d90                __multiply
                0x10008ef0                __pow5mult
                0x10008fa8                __lshift
                0x10009084                __mcmp
                0x100090ba                __mdiff
                0x100091e8                __ulp
                0x10009230                __b2d
                0x100092d0                __d2b
                0x10009398                __ratio
                0x100093ea                _mprec_log10
                0x10009420                __copybits
                0x10009462                __any_on
 .text          0x100094a8      0x404 c:/users/yukta/appdata/local/arduino15/packages/rp2040/tools/pqt-gcc/1.4.0-c-0196c06/bin/../lib/gcc/arm-none-eabi/10.3.0/../../../../arm-none-eabi/lib/thumb\libc.a(lib_a-nano-svfprintf.o)
                0x100094a8                __ssputs_r
                0x1000956c                __ssprint_r
                0x1000966c                _svfiprintf_r
                0x1000966c                _svfprintf_r
 .text          0x100098ac      0x3a4 c:/users/yukta/appdata/local/arduino15/packages/rp2040/tools/pqt-gcc/1.4.0-c-0196c06/bin/../lib/gcc/arm-none-eabi/10.3.0/../../../../arm-none-eabi/lib/thumb\libc.a(lib_a-nano-vfprintf.o)
                0x100098d6                __sfputs_r
                0x10009920                __sprint_r
                0x10009988                _vfiprintf_r
                0x10009988                _vfprintf_r
                0x10009c38                vfprintf
                0x10009c38                vfiprintf
 .text          0x10009c50      0x344 c:/users/yukta/appdata/local/arduino15/packages/rp2040/tools/pqt-gcc/1.4.0-c-0196c06/bin/../lib/gcc/arm-none-eabi/10.3.0/../../../../arm-none-eabi/lib/thumb\libc.a(lib_a-reallocr.o)
                0x10009c50                _realloc_r
 .text          0x10009f94        0xc c:/users/yukta/appdata/local/arduino15/packages/rp2040/tools/pqt-gcc/1.4.0-c-0196c06/bin/../lib/gcc/arm-none-eabi/10.3.0/../../../../arm-none-eabi/lib/thumb\libc.a(lib_a-s_nan.o)
                0x10009f94                nan
 .text          0x10009fa0       0x9c c:/users/yukta/appdata/local/arduino15/packages/rp2040/tools/pqt-gcc/1.4.0-c-0196c06/bin/../lib/gcc/arm-none-eabi/10.3.0/../../../../arm-none-eabi/lib/thumb\libc.a(lib_a-stdio.o)
                0x10009fa0                __sread
                0x10009fc8                __seofread
                0x10009fcc                __swrite
                0x1000a004                __sseek
                0x1000a030                __sclose
 .text          0x1000a03c       0x14 c:/users/yukta/appdata/local/arduino15/packages/rp2040/tools/pqt-gcc/1.4.0-c-0196c06/bin/../lib/gcc/arm-none-eabi/10.3.0/../../../../arm-none-eabi/lib/thumb\libc.a(lib_a-strcmp.o)
                0x1000a03c                strcmp
 .text          0x1000a050       0x24 c:/users/yukta/appdata/local/arduino15/packages/rp2040/tools/pqt-gcc/1.4.0-c-0196c06/bin/../lib/gcc/arm-none-eabi/10.3.0/../../../../arm-none-eabi/lib/thumb\libc.a(lib_a-strncmp.o)
                0x1000a050                strncmp
 .text          0x1000a074       0xe0 c:/users/yukta/appdata/local/arduino15/packages/rp2040/tools/pqt-gcc/1.4.0-c-0196c06/bin/../lib/gcc/arm-none-eabi/10.3.0/../../../../arm-none-eabi/lib/thumb\libc.a(lib_a-wbuf.o)
                0x1000a074                __swbuf_r
                0x1000a140                __swbuf
 .text          0x1000a154       0x2c c:/users/yukta/appdata/local/arduino15/packages/rp2040/tools/pqt-gcc/1.4.0-c-0196c06/bin/../lib/gcc/arm-none-eabi/10.3.0/../../../../arm-none-eabi/lib/thumb\libc.a(lib_a-wctomb_r.o)
                0x1000a154                _wctomb_r
                0x1000a164                __ascii_wctomb
 .text          0x1000a180       0x28 c:/users/yukta/appdata/local/arduino15/packages/rp2040/tools/pqt-gcc/1.4.0-c-0196c06/bin/../lib/gcc/arm-none-eabi/10.3.0/../../../../arm-none-eabi/lib/thumb\libc.a(lib_a-writer.o)
                0x1000a180                _write_r
 .text          0x1000a1a8       0xec c:/users/yukta/appdata/local/arduino15/packages/rp2040/tools/pqt-gcc/1.4.0-c-0196c06/bin/../lib/gcc/arm-none-eabi/10.3.0/../../../../arm-none-eabi/lib/thumb\libc.a(lib_a-wsetup.o)
                0x1000a1a8                __swsetup_r
 .text          0x1000a294       0x24 c:/users/yukta/appdata/local/arduino15/packages/rp2040/tools/pqt-gcc/1.4.0-c-0196c06/bin/../lib/gcc/arm-none-eabi/10.3.0/../../../../arm-none-eabi/lib/thumb\libc.a(lib_a-closer.o)
                0x1000a294                _close_r
 .text          0x1000a2b8      0x100 c:/users/yukta/appdata/local/arduino15/packages/rp2040/tools/pqt-gcc/1.4.0-c-0196c06/bin/../lib/gcc/arm-none-eabi/10.3.0/../../../../arm-none-eabi/lib/thumb\libc.a(lib_a-fclose.o)
                0x1000a2b8                _fclose_r
                0x1000a3a8                fclose
 .text          0x1000a3b8      0x1dc c:/users/yukta/appdata/local/arduino15/packages/rp2040/tools/pqt-gcc/1.4.0-c-0196c06/bin/../lib/gcc/arm-none-eabi/10.3.0/../../../../arm-none-eabi/lib/thumb\libc.a(lib_a-fflush.o)
                0x1000a3b8                __sflush_r
                0x1000a4e8                _fflush_r
                0x1000a56c                fflush
 .text          0x1000a594      0x120 c:/users/yukta/appdata/local/arduino15/packages/rp2040/tools/pqt-gcc/1.4.0-c-0196c06/bin/../lib/gcc/arm-none-eabi/10.3.0/../../../../arm-none-eabi/lib/thumb\libc.a(lib_a-fputwc.o)
                0x1000a594                __fputwc
                0x1000a610                _fputwc_r
                0x1000a666                fputwc
 .text          0x1000a6b4       0x28 c:/users/yukta/appdata/local/arduino15/packages/rp2040/tools/pqt-gcc/1.4.0-c-0196c06/bin/../lib/gcc/arm-none-eabi/10.3.0/../../../../arm-none-eabi/lib/thumb\libc.a(lib_a-lseekr.o)
                0x1000a6b4                _lseek_r
 .text          0x1000a6dc       0xf0 c:/users/yukta/appdata/local/arduino15/packages/rp2040/tools/pqt-gcc/1.4.0-c-0196c06/bin/../lib/gcc/arm-none-eabi/10.3.0/../../../../arm-none-eabi/lib/thumb\libc.a(lib_a-makebuf.o)
                0x1000a6dc                __swhatbuf_r
                0x1000a740                __smakebuf_r
 .text          0x1000a7cc       0x28 c:/users/yukta/appdata/local/arduino15/packages/rp2040/tools/pqt-gcc/1.4.0-c-0196c06/bin/../lib/gcc/arm-none-eabi/10.3.0/../../../../arm-none-eabi/lib/thumb\libc.a(lib_a-readr.o)
                0x1000a7cc                _read_r
 .text          0x1000a7f4       0x48 c:/users/yukta/appdata/local/arduino15/packages/rp2040/tools/pqt-gcc/1.4.0-c-0196c06/bin/../lib/gcc/arm-none-eabi/10.3.0/../../../../arm-none-eabi/lib/thumb\libc.a(lib_a-wcrtomb.o)
                0x1000a7f4                _wcrtomb_r
                0x1000a824                wcrtomb
 .text          0x1000a83c       0x24 c:/users/yukta/appdata/local/arduino15/packages/rp2040/tools/pqt-gcc/1.4.0-c-0196c06/bin/../lib/gcc/arm-none-eabi/10.3.0/../../../../arm-none-eabi/lib/thumb\libc.a(lib_a-fstatr.o)
                0x1000a83c                _fstat_r
 .text          0x1000a860       0x24 c:/users/yukta/appdata/local/arduino15/packages/rp2040/tools/pqt-gcc/1.4.0-c-0196c06/bin/../lib/gcc/arm-none-eabi/10.3.0/../../../../arm-none-eabi/lib/thumb\libc.a(lib_a-isattyr.o)
                0x1000a860                _isatty_r
 .text.__retarget_lock_init_recursive
                0x1000a884        0x8 C:\Users\yukta\AppData\Local\Temp\arduino-sketch-CF34B81181448CFDA01E35D8C672E5F0/..\arduino-core-cache\core_58a14c0cca738d40f9904778e75cae82.a(lock.cpp.o)
                0x1000a884                __retarget_lock_init_recursive
 .text.__retarget_lock_close_recursive
                0x1000a88c        0x2 C:\Users\yukta\AppData\Local\Temp\arduino-sketch-CF34B81181448CFDA01E35D8C672E5F0/..\arduino-core-cache\core_58a14c0cca738d40f9904778e75cae82.a(lock.cpp.o)
                0x1000a88c                __retarget_lock_close_recursive
 .text.__retarget_lock_acquire_recursive
                0x1000a88e        0x8 C:\Users\yukta\AppData\Local\Temp\arduino-sketch-CF34B81181448CFDA01E35D8C672E5F0/..\arduino-core-cache\core_58a14c0cca738d40f9904778e75cae82.a(lock.cpp.o)
                0x1000a88e                __retarget_lock_acquire_recursive
 .text.__retarget_lock_release_recursive
                0x1000a896        0x8 C:\Users\yukta\AppData\Local\Temp\arduino-sketch-CF34B81181448CFDA01E35D8C672E5F0/..\arduino-core-cache\core_58a14c0cca738d40f9904778e75cae82.a(lock.cpp.o)
                0x1000a896                __retarget_lock_release_recursive
 *fill*         0x1000a89e        0x2 
 .text.__wrap___getreent
                0x1000a8a0       0x1c C:\Users\yukta\AppData\Local\Temp\arduino-sketch-CF34B81181448CFDA01E35D8C672E5F0/..\arduino-core-cache\core_58a14c0cca738d40f9904778e75cae82.a(main.cpp.o)
                0x1000a8a0                __wrap___getreent
 .text.startup._GLOBAL__sub_I_rp2040
                0x1000a8bc       0x14 C:\Users\yukta\AppData\Local\Temp\arduino-sketch-CF34B81181448CFDA01E35D8C672E5F0/..\arduino-core-cache\core_58a14c0cca738d40f9904778e75cae82.a(main.cpp.o)
 .text._close   0x1000a8d0       0x10 C:\Users\yukta\AppData\Local\Temp\arduino-sketch-CF34B81181448CFDA01E35D8C672E5F0/..\arduino-core-cache\core_58a14c0cca738d40f9904778e75cae82.a(posix.cpp.o)
                0x1000a8d0                _close
 .text._fstat   0x1000a8e0       0x10 C:\Users\yukta\AppData\Local\Temp\arduino-sketch-CF34B81181448CFDA01E35D8C672E5F0/..\arduino-core-cache\core_58a14c0cca738d40f9904778e75cae82.a(posix.cpp.o)
                0x1000a8e0                _fstat
 .text._isatty  0x1000a8f0       0x10 C:\Users\yukta\AppData\Local\Temp\arduino-sketch-CF34B81181448CFDA01E35D8C672E5F0/..\arduino-core-cache\core_58a14c0cca738d40f9904778e75cae82.a(posix.cpp.o)
                0x1000a8f0                _isatty
 .text._lseek   0x1000a900       0x10 C:\Users\yukta\AppData\Local\Temp\arduino-sketch-CF34B81181448CFDA01E35D8C672E5F0/..\arduino-core-cache\core_58a14c0cca738d40f9904778e75cae82.a(posix.cpp.o)
                0x1000a900                _lseek
 .text._read    0x1000a910        0x6 C:\Users\yukta\AppData\Local\Temp\arduino-sketch-CF34B81181448CFDA01E35D8C672E5F0/..\arduino-core-cache\core_58a14c0cca738d40f9904778e75cae82.a(posix.cpp.o)
                0x1000a910                _read
 *fill*         0x1000a916        0x2 
 .text._write   0x1000a918       0x10 C:\Users\yukta\AppData\Local\Temp\arduino-sketch-CF34B81181448CFDA01E35D8C672E5F0/..\arduino-core-cache\core_58a14c0cca738d40f9904778e75cae82.a(posix.cpp.o)
                0x1000a918                _write
 .text._ZN9CoreMutexC2EP5mutex
                0x1000a928       0x30 C:\Users\yukta\AppData\Local\Temp\arduino-sketch-CF34B81181448CFDA01E35D8C672E5F0/..\arduino-core-cache\core_58a14c0cca738d40f9904778e75cae82.a(wiring_private.cpp.o)
                0x1000a928                _ZN9CoreMutexC1EP5mutex
                0x1000a928                _ZN9CoreMutexC2EP5mutex
 .text._ZN9CoreMutexD2Ev
                0x1000a958       0x14 C:\Users\yukta\AppData\Local\Temp\arduino-sketch-CF34B81181448CFDA01E35D8C672E5F0/..\arduino-core-cache\core_58a14c0cca738d40f9904778e75cae82.a(wiring_private.cpp.o)
                0x1000a958                _ZN9CoreMutexD1Ev
                0x1000a958                _ZN9CoreMutexD2Ev
 .text.startup._GLOBAL__sub_I_interrupts
                0x1000a96c       0x74 C:\Users\yukta\AppData\Local\Temp\arduino-sketch-CF34B81181448CFDA01E35D8C672E5F0/..\arduino-core-cache\core_58a14c0cca738d40f9904778e75cae82.a(wiring_private.cpp.o)
 .text.tud_descriptor_device_cb
                0x1000a9e0       0xa8 C:\Users\yukta\AppData\Local\Temp\arduino-sketch-CF34B81181448CFDA01E35D8C672E5F0/..\arduino-core-cache\core_58a14c0cca738d40f9904778e75cae82.a(RP2040USB.cpp.o)
                0x1000a9e0                tud_descriptor_device_cb
 .text.tud_hid_descriptor_report_cb
                0x1000aa88        0xc C:\Users\yukta\AppData\Local\Temp\arduino-sketch-CF34B81181448CFDA01E35D8C672E5F0/..\arduino-core-cache\core_58a14c0cca738d40f9904778e75cae82.a(RP2040USB.cpp.o)
                0x1000aa88                tud_hid_descriptor_report_cb
 .text.tud_descriptor_configuration_cb
                0x1000aa94        0xc C:\Users\yukta\AppData\Local\Temp\arduino-sketch-CF34B81181448CFDA01E35D8C672E5F0/..\arduino-core-cache\core_58a14c0cca738d40f9904778e75cae82.a(RP2040USB.cpp.o)
                0x1000aa94                tud_descriptor_configuration_cb
 .text.tud_descriptor_string_cb
                0x1000aaa0       0x68 C:\Users\yukta\AppData\Local\Temp\arduino-sketch-CF34B81181448CFDA01E35D8C672E5F0/..\arduino-core-cache\core_58a14c0cca738d40f9904778e75cae82.a(RP2040USB.cpp.o)
                0x1000aaa0                tud_descriptor_string_cb
 .text.tud_hid_get_report_cb
                0x1000ab08        0x4 C:\Users\yukta\AppData\Local\Temp\arduino-sketch-CF34B81181448CFDA01E35D8C672E5F0/..\arduino-core-cache\core_58a14c0cca738d40f9904778e75cae82.a(RP2040USB.cpp.o)
                0x1000ab08                tud_hid_get_report_cb
 .text.tud_hid_set_report_cb
                0x1000ab0c        0x2 C:\Users\yukta\AppData\Local\Temp\arduino-sketch-CF34B81181448CFDA01E35D8C672E5F0/..\arduino-core-cache\core_58a14c0cca738d40f9904778e75cae82.a(RP2040USB.cpp.o)
                0x1000ab0c                tud_hid_set_report_cb
 .text._ZN9SerialUSB5beginEmt
                0x1000ab0e        0xa C:\Users\yukta\AppData\Local\Temp\arduino-sketch-CF34B81181448CFDA01E35D8C672E5F0/..\arduino-core-cache\core_58a14c0cca738d40f9904778e75cae82.a(SerialUSB.cpp.o)
                0x1000ab0e                _ZN9SerialUSB5beginEmt
 .text._ZN9SerialUSB5beginEm
                0x1000ab18        0xc C:\Users\yukta\AppData\Local\Temp\arduino-sketch-CF34B81181448CFDA01E35D8C672E5F0/..\arduino-core-cache\core_58a14c0cca738d40f9904778e75cae82.a(SerialUSB.cpp.o)
                0x1000ab18                _ZN9SerialUSB5beginEm
 .text._ZN9SerialUSB3endEv
                0x1000ab24        0x2 C:\Users\yukta\AppData\Local\Temp\arduino-sketch-CF34B81181448CFDA01E35D8C672E5F0/..\arduino-core-cache\core_58a14c0cca738d40f9904778e75cae82.a(SerialUSB.cpp.o)
                0x1000ab24                _ZN9SerialUSB3endEv
 .text._ZN9SerialUSB5writeEh
                0x1000ab26       0x14 C:\Users\yukta\AppData\Local\Temp\arduino-sketch-CF34B81181448CFDA01E35D8C672E5F0/..\arduino-core-cache\core_58a14c0cca738d40f9904778e75cae82.a(SerialUSB.cpp.o)
                0x1000ab26                _ZN9SerialUSB5writeEh
 *fill*         0x1000ab3a        0x2 
 .text._ZL16CheckSerialResetv
                0x1000ab3c       0x34 C:\Users\yukta\AppData\Local\Temp\arduino-sketch-CF34B81181448CFDA01E35D8C672E5F0/..\arduino-core-cache\core_58a14c0cca738d40f9904778e75cae82.a(SerialUSB.cpp.o)
 .text._ZN9SerialUSB4peekEv
                0x1000ab70       0x44 C:\Users\yukta\AppData\Local\Temp\arduino-sketch-CF34B81181448CFDA01E35D8C672E5F0/..\arduino-core-cache\core_58a14c0cca738d40f9904778e75cae82.a(SerialUSB.cpp.o)
                0x1000ab70                _ZN9SerialUSB4peekEv
 .text._ZN9SerialUSB4readEv
                0x1000abb4       0x5c C:\Users\yukta\AppData\Local\Temp\arduino-sketch-CF34B81181448CFDA01E35D8C672E5F0/..\arduino-core-cache\core_58a14c0cca738d40f9904778e75cae82.a(SerialUSB.cpp.o)
                0x1000abb4                _ZN9SerialUSB4readEv
 .text._ZN9SerialUSB9availableEv
                0x1000ac10       0x34 C:\Users\yukta\AppData\Local\Temp\arduino-sketch-CF34B81181448CFDA01E35D8C672E5F0/..\arduino-core-cache\core_58a14c0cca738d40f9904778e75cae82.a(SerialUSB.cpp.o)
                0x1000ac10                _ZN9SerialUSB9availableEv
 .text._ZN9SerialUSB17availableForWriteEv
                0x1000ac44       0x34 C:\Users\yukta\AppData\Local\Temp\arduino-sketch-CF34B81181448CFDA01E35D8C672E5F0/..\arduino-core-cache\core_58a14c0cca738d40f9904778e75cae82.a(SerialUSB.cpp.o)
                0x1000ac44                _ZN9SerialUSB17availableForWriteEv
 .text._ZN9SerialUSB5flushEv
                0x1000ac78       0x30 C:\Users\yukta\AppData\Local\Temp\arduino-sketch-CF34B81181448CFDA01E35D8C672E5F0/..\arduino-core-cache\core_58a14c0cca738d40f9904778e75cae82.a(SerialUSB.cpp.o)
                0x1000ac78                _ZN9SerialUSB5flushEv
 .text._ZN9SerialUSB5writeEPKhj
                0x1000aca8       0xd8 C:\Users\yukta\AppData\Local\Temp\arduino-sketch-CF34B81181448CFDA01E35D8C672E5F0/..\arduino-core-cache\core_58a14c0cca738d40f9904778e75cae82.a(SerialUSB.cpp.o)
                0x1000aca8                _ZN9SerialUSB5writeEPKhj
 .text._ZN9SerialUSBcvbEv
                0x1000ad80       0x34 C:\Users\yukta\AppData\Local\Temp\arduino-sketch-CF34B81181448CFDA01E35D8C672E5F0/..\arduino-core-cache\core_58a14c0cca738d40f9904778e75cae82.a(SerialUSB.cpp.o)
                0x1000ad80                _ZN9SerialUSBcvbEv
 .text._Z18__USBInstallSerialv
                0x1000adb4        0x2 C:\Users\yukta\AppData\Local\Temp\arduino-sketch-CF34B81181448CFDA01E35D8C672E5F0/..\arduino-core-cache\core_58a14c0cca738d40f9904778e75cae82.a(SerialUSB.cpp.o)
                0x1000adb4                _Z18__USBInstallSerialv
 *fill*         0x1000adb6        0x2 
 .text.tud_cdc_line_state_cb
                0x1000adb8       0x10 C:\Users\yukta\AppData\Local\Temp\arduino-sketch-CF34B81181448CFDA01E35D8C672E5F0/..\arduino-core-cache\core_58a14c0cca738d40f9904778e75cae82.a(SerialUSB.cpp.o)
                0x1000adb8                tud_cdc_line_state_cb
 .text.tud_cdc_line_coding_cb
                0x1000adc8       0x24 C:\Users\yukta\AppData\Local\Temp\arduino-sketch-CF34B81181448CFDA01E35D8C672E5F0/..\arduino-core-cache\core_58a14c0cca738d40f9904778e75cae82.a(SerialUSB.cpp.o)
                0x1000adc8                tud_cdc_line_coding_cb
 .text.startup._GLOBAL__sub_I__Z18__USBInstallSerialv
                0x1000adec       0x20 C:\Users\yukta\AppData\Local\Temp\arduino-sketch-CF34B81181448CFDA01E35D8C672E5F0/..\arduino-core-cache\core_58a14c0cca738d40f9904778e75cae82.a(SerialUSB.cpp.o)
 .text          0x1000ae0c       0x10 C:\Users\yukta\AppData\Local\Arduino15\packages\rp2040\hardware\rp2040\2.4.0/lib/libpico.a(bit_ops_aeabi.S.obj)
 .text.startup._retrieve_unique_id_on_boot
                0x1000ae1c       0x10 C:\Users\yukta\AppData\Local\Arduino15\packages\rp2040\hardware\rp2040\2.4.0/lib/libpico.a(unique_id.c.obj)
 .text.pico_get_unique_board_id_string
                0x1000ae2c       0x44 C:\Users\yukta\AppData\Local\Arduino15\packages\rp2040\hardware\rp2040\2.4.0/lib/libpico.a(unique_id.c.obj)
                0x1000ae2c                pico_get_unique_board_id_string
 .text.__wrap___aeabi_darithmetic
                0x1000ae70       0x80 C:\Users\yukta\AppData\Local\Arduino15\packages\rp2040\hardware\rp2040\2.4.0/lib/libpico.a(double_aeabi.S.obj)
                0x1000ae70                __wrap___aeabi_drsub
                0x1000ae76                __wrap___aeabi_dsub
                0x1000ae88                __wrap___aeabi_dadd
                0x1000ae9a                __wrap___aeabi_ddiv
                0x1000aed6                __wrap___aeabi_dmul
 .text.__wrap___aeabi_cdcmple
                0x1000aef0       0x6c C:\Users\yukta\AppData\Local\Arduino15\packages\rp2040\hardware\rp2040\2.4.0/lib/libpico.a(double_aeabi.S.obj)
                0x1000aef0                __wrap___aeabi_cdrcmple
                0x1000af00                __wrap___aeabi_cdcmpeq
                0x1000af00                __wrap___aeabi_cdcmple
 .text.__wrap___aeabi_dcmpeq
                0x1000af5c       0x10 C:\Users\yukta\AppData\Local\Arduino15\packages\rp2040\hardware\rp2040\2.4.0/lib/libpico.a(double_aeabi.S.obj)
                0x1000af5c                __wrap___aeabi_dcmpeq
 .text.__wrap___aeabi_dcmplt
                0x1000af6c        0xc C:\Users\yukta\AppData\Local\Arduino15\packages\rp2040\hardware\rp2040\2.4.0/lib/libpico.a(double_aeabi.S.obj)
                0x1000af6c                __wrap___aeabi_dcmplt
 .text.__wrap___aeabi_dcmple
                0x1000af78       0x10 C:\Users\yukta\AppData\Local\Arduino15\packages\rp2040\hardware\rp2040\2.4.0/lib/libpico.a(double_aeabi.S.obj)
                0x1000af78                __wrap___aeabi_dcmple
 .text.__wrap___aeabi_dcmpge
                0x1000af88       0x10 C:\Users\yukta\AppData\Local\Arduino15\packages\rp2040\hardware\rp2040\2.4.0/lib/libpico.a(double_aeabi.S.obj)
                0x1000af88                __wrap___aeabi_dcmpge
 .text.__wrap___aeabi_dcmpgt
                0x1000af98        0xa C:\Users\yukta\AppData\Local\Arduino15\packages\rp2040\hardware\rp2040\2.4.0/lib/libpico.a(double_aeabi.S.obj)
                0x1000af98                __wrap___aeabi_dcmpgt
 .text.__wrap___aeabi_dcmpun
                0x1000afa2       0x1c C:\Users\yukta\AppData\Local\Arduino15\packages\rp2040\hardware\rp2040\2.4.0/lib/libpico.a(double_aeabi.S.obj)
                0x1000afa2                __wrap___aeabi_dcmpun
 *fill*         0x1000afbe        0x2 
 .text.__wrap___aeabi_i2d
                0x1000afc0       0x38 C:\Users\yukta\AppData\Local\Arduino15\packages\rp2040\hardware\rp2040\2.4.0/lib/libpico.a(double_aeabi.S.obj)
                0x1000afc0                __wrap___aeabi_ui2d
                0x1000afc8                __wrap___aeabi_i2d
 .text.__wrap___aeabi_d2iz
                0x1000aff8       0x48 C:\Users\yukta\AppData\Local\Arduino15\packages\rp2040\hardware\rp2040\2.4.0/lib/libpico.a(double_aeabi.S.obj)
                0x1000aff8                double2int_z
                0x1000aff8                __wrap___aeabi_d2iz
 .text.__wrap___aeabi_d2uiz
                0x1000b040       0x18 C:\Users\yukta\AppData\Local\Arduino15\packages\rp2040\hardware\rp2040\2.4.0/lib/libpico.a(double_aeabi.S.obj)
                0x1000b040                __wrap___aeabi_d2uiz
                0x1000b040                double2uint
 .text.__wrap___aeabi_l2d
                0x1000b058       0x18 C:\Users\yukta\AppData\Local\Arduino15\packages\rp2040\hardware\rp2040\2.4.0/lib/libpico.a(double_aeabi.S.obj)
                0x1000b058                __wrap___aeabi_l2d
 .text.__wrap___aeabi_d2lz
                0x1000b070       0x26 C:\Users\yukta\AppData\Local\Arduino15\packages\rp2040\hardware\rp2040\2.4.0/lib/libpico.a(double_aeabi.S.obj)
                0x1000b070                double2int64_z
                0x1000b070                __wrap___aeabi_d2lz
 *fill*         0x1000b096        0x2 
 .text.double2int64
                0x1000b098       0x18 C:\Users\yukta\AppData\Local\Arduino15\packages\rp2040\hardware\rp2040\2.4.0/lib/libpico.a(double_aeabi.S.obj)
                0x1000b098                double2int64
 .text.double2ufix64
                0x1000b0b0       0x18 C:\Users\yukta\AppData\Local\Arduino15\packages\rp2040\hardware\rp2040\2.4.0/lib/libpico.a(double_aeabi.S.obj)
                0x1000b0b0                double2ufix64
 .text.__wrap___aeabi_d2f
                0x1000b0c8       0x18 C:\Users\yukta\AppData\Local\Arduino15\packages\rp2040\hardware\rp2040\2.4.0/lib/libpico.a(double_aeabi.S.obj)
                0x1000b0c8                __wrap___aeabi_d2f
 .text.__aeabi_double_init
                0x1000b0e0       0x58 C:\Users\yukta\AppData\Local\Arduino15\packages\rp2040\hardware\rp2040\2.4.0/lib/libpico.a(double_init_rom.c.obj)
                0x1000b0e0                __aeabi_double_init
 .text.double_table_shim_on_use_helper
                0x1000b138       0x2c C:\Users\yukta\AppData\Local\Arduino15\packages\rp2040\hardware\rp2040\2.4.0/lib/libpico.a(double_v1_rom_shim.S.obj)
                0x1000b138                double_table_shim_on_use_helper
 .text.__wrap___aeabi_dsub
                0x1000b164       0x10 C:\Users\yukta\AppData\Local\Arduino15\packages\rp2040\hardware\rp2040\2.4.0/lib/libpico.a(double_v1_rom_shim.S.obj)
                0x1000b164                drsub_shim
                0x1000b16a                dsub_shim
 .text.dadd_shim
                0x1000b174      0x15c C:\Users\yukta\AppData\Local\Arduino15\packages\rp2040\hardware\rp2040\2.4.0/lib/libpico.a(double_v1_rom_shim.S.obj)
                0x1000b174                dadd_shim
 .text.dmul_shim
                0x1000b2d0      0x15c C:\Users\yukta\AppData\Local\Arduino15\packages\rp2040\hardware\rp2040\2.4.0/lib/libpico.a(double_v1_rom_shim.S.obj)
                0x1000b2d0                dmul_shim
 .text.ddiv_shim
                0x1000b42c      0x1b0 C:\Users\yukta\AppData\Local\Arduino15\packages\rp2040\hardware\rp2040\2.4.0/lib/libpico.a(double_v1_rom_shim.S.obj)
                0x1000b42c                ddiv_shim
 .text.double2uint_shim
                0x1000b5dc        0xe C:\Users\yukta\AppData\Local\Arduino15\packages\rp2040\hardware\rp2040\2.4.0/lib/libpico.a(double_v1_rom_shim.S.obj)
                0x1000b5dc                double2uint_shim
                0x1000b5de                double2ufix_shim
 .text.double2int64_shim
                0x1000b5ea       0x1a C:\Users\yukta\AppData\Local\Arduino15\packages\rp2040\hardware\rp2040\2.4.0/lib/libpico.a(double_v1_rom_shim.S.obj)
                0x1000b5ea                double2int64_shim
                0x1000b5ec                double2fix64_shim
 .text.double2uint64_shim
                0x1000b604       0x70 C:\Users\yukta\AppData\Local\Arduino15\packages\rp2040\hardware\rp2040\2.4.0/lib/libpico.a(double_v1_rom_shim.S.obj)
                0x1000b604                double2uint64_shim
                0x1000b606                double2ufix64_shim
                0x1000b626                d2fix_a
 .text.double2float_shim
                0x1000b674       0x5c C:\Users\yukta\AppData\Local\Arduino15\packages\rp2040\hardware\rp2040\2.4.0/lib/libpico.a(double_v1_rom_shim.S.obj)
                0x1000b674                double2float_shim
 .text.x2double_shims
                0x1000b6d0       0x90 C:\Users\yukta\AppData\Local\Arduino15\packages\rp2040\hardware\rp2040\2.4.0/lib/libpico.a(double_v1_rom_shim.S.obj)
                0x1000b6d0                uint2double_shim
                0x1000b6d2                ufix2double_shim
                0x1000b6d8                int2double_shim
                0x1000b6da                fix2double_shim
                0x1000b6e0                uint642double_shim
                0x1000b6e2                ufix642double_shim
                0x1000b6e8                int642double_shim
                0x1000b6ea                fix642double_shim
 .text.dunpacks
                0x1000b760       0x3c C:\Users\yukta\AppData\Local\Arduino15\packages\rp2040\hardware\rp2040\2.4.0/lib/libpico.a(double_v1_rom_shim.S.obj)
                0x1000b760                dunpacks
 .text.__wrap___aeabi_cfcmple
                0x1000b79c       0x50 C:\Users\yukta\AppData\Local\Arduino15\packages\rp2040\hardware\rp2040\2.4.0/lib/libpico.a(float_aeabi.S.obj)
                0x1000b79c                __wrap___aeabi_cfrcmple
                0x1000b7a8                __wrap___aeabi_cfcmple
                0x1000b7a8                __wrap___aeabi_cfcmpeq
 .text.__wrap___aeabi_fcmple
                0x1000b7ec       0x10 C:\Users\yukta\AppData\Local\Arduino15\packages\rp2040\hardware\rp2040\2.4.0/lib/libpico.a(float_aeabi.S.obj)
                0x1000b7ec                __wrap___aeabi_fcmple
 .text.__wrap___aeabi_fcmpun
                0x1000b7fc       0x18 C:\Users\yukta\AppData\Local\Arduino15\packages\rp2040\hardware\rp2040\2.4.0/lib/libpico.a(float_aeabi.S.obj)
                0x1000b7fc                __wrap___aeabi_fcmpun
 .text.__aeabi_float_init
                0x1000b814       0x5c C:\Users\yukta\AppData\Local\Arduino15\packages\rp2040\hardware\rp2040\2.4.0/lib/libpico.a(float_init_rom.c.obj)
                0x1000b814                __aeabi_float_init
 .text.float_table_shim_on_use_helper
                0x1000b870       0x2c C:\Users\yukta\AppData\Local\Arduino15\packages\rp2040\hardware\rp2040\2.4.0/lib/libpico.a(float_v1_rom_shim.S.obj)
                0x1000b870                float_table_shim_on_use_helper
 .text._Znwj    0x1000b89c        0x8 C:\Users\yukta\AppData\Local\Arduino15\packages\rp2040\hardware\rp2040\2.4.0/lib/libpico.a(new_delete.cpp.obj)
                0x1000b89c                _Znwj
 .text.get_driver
                0x1000b8a4       0x40 C:\Users\yukta\AppData\Local\Arduino15\packages\rp2040\hardware\rp2040\2.4.0/lib/libpico.a(usbd.c.obj)
 .text.configuration_reset
                0x1000b8e4       0x4c C:\Users\yukta\AppData\Local\Arduino15\packages\rp2040\hardware\rp2040\2.4.0/lib/libpico.a(usbd.c.obj)
 .text.invoke_class_control
                0x1000b930       0x1a C:\Users\yukta\AppData\Local\Arduino15\packages\rp2040\hardware\rp2040\2.4.0/lib/libpico.a(usbd.c.obj)
 *fill*         0x1000b94a        0x2 
 .text.tud_mounted
                0x1000b94c       0x10 C:\Users\yukta\AppData\Local\Arduino15\packages\rp2040\hardware\rp2040\2.4.0/lib/libpico.a(usbd.c.obj)
                0x1000b94c                tud_mounted
 .text.tud_suspended
                0x1000b95c       0x10 C:\Users\yukta\AppData\Local\Arduino15\packages\rp2040\hardware\rp2040\2.4.0/lib/libpico.a(usbd.c.obj)
                0x1000b95c                tud_suspended
 .text.tud_inited
                0x1000b96c        0xc C:\Users\yukta\AppData\Local\Arduino15\packages\rp2040\hardware\rp2040\2.4.0/lib/libpico.a(usbd.c.obj)
                0x1000b96c                tud_inited
 .text.usbd_edpt_open
                0x1000b978       0x30 C:\Users\yukta\AppData\Local\Arduino15\packages\rp2040\hardware\rp2040\2.4.0/lib/libpico.a(usbd.c.obj)
                0x1000b978                usbd_edpt_open
 .text.usbd_open_edpt_pair
                0x1000b9a8       0x4e C:\Users\yukta\AppData\Local\Arduino15\packages\rp2040\hardware\rp2040\2.4.0/lib/libpico.a(usbd.c.obj)
                0x1000b9a8                usbd_open_edpt_pair
 *fill*         0x1000b9f6        0x2 
 .text.usbd_edpt_claim
                0x1000b9f8       0x68 C:\Users\yukta\AppData\Local\Arduino15\packages\rp2040\hardware\rp2040\2.4.0/lib/libpico.a(usbd.c.obj)
                0x1000b9f8                usbd_edpt_claim
 .text.usbd_edpt_release
                0x1000ba60       0x4c C:\Users\yukta\AppData\Local\Arduino15\packages\rp2040\hardware\rp2040\2.4.0/lib/libpico.a(usbd.c.obj)
                0x1000ba60                usbd_edpt_release
 .text.usbd_edpt_xfer
                0x1000baac       0x44 C:\Users\yukta\AppData\Local\Arduino15\packages\rp2040\hardware\rp2040\2.4.0/lib/libpico.a(usbd.c.obj)
                0x1000baac                usbd_edpt_xfer
 .text.usbd_edpt_stall
                0x1000baf0       0x34 C:\Users\yukta\AppData\Local\Arduino15\packages\rp2040\hardware\rp2040\2.4.0/lib/libpico.a(usbd.c.obj)
                0x1000baf0                usbd_edpt_stall
 .text.usbd_edpt_clear_stall
                0x1000bb24       0x34 C:\Users\yukta\AppData\Local\Arduino15\packages\rp2040\hardware\rp2040\2.4.0/lib/libpico.a(usbd.c.obj)
                0x1000bb24                usbd_edpt_clear_stall
 .text.usbd_edpt_stalled
                0x1000bb58       0x1c C:\Users\yukta\AppData\Local\Arduino15\packages\rp2040\hardware\rp2040\2.4.0/lib/libpico.a(usbd.c.obj)
                0x1000bb58                usbd_edpt_stalled
 .text.tud_task
                0x1000bb74      0x558 C:\Users\yukta\AppData\Local\Arduino15\packages\rp2040\hardware\rp2040\2.4.0/lib/libpico.a(usbd.c.obj)
                0x1000bb74                tud_task
 .text._data_stage_xact
                0x1000c0cc       0x58 C:\Users\yukta\AppData\Local\Arduino15\packages\rp2040\hardware\rp2040\2.4.0/lib/libpico.a(usbd_control.c.obj)
 .text._status_stage_xact.isra.0
                0x1000c124       0x14 C:\Users\yukta\AppData\Local\Arduino15\packages\rp2040\hardware\rp2040\2.4.0/lib/libpico.a(usbd_control.c.obj)
 .text.tud_control_status
                0x1000c138       0x24 C:\Users\yukta\AppData\Local\Arduino15\packages\rp2040\hardware\rp2040\2.4.0/lib/libpico.a(usbd_control.c.obj)
                0x1000c138                tud_control_status
 .text.tud_control_xfer
                0x1000c15c       0x54 C:\Users\yukta\AppData\Local\Arduino15\packages\rp2040\hardware\rp2040\2.4.0/lib/libpico.a(usbd_control.c.obj)
                0x1000c15c                tud_control_xfer
 .text.usbd_control_reset
                0x1000c1b0       0x14 C:\Users\yukta\AppData\Local\Arduino15\packages\rp2040\hardware\rp2040\2.4.0/lib/libpico.a(usbd_control.c.obj)
                0x1000c1b0                usbd_control_reset
 .text.usbd_control_set_complete_callback
                0x1000c1c4        0xc C:\Users\yukta\AppData\Local\Arduino15\packages\rp2040\hardware\rp2040\2.4.0/lib/libpico.a(usbd_control.c.obj)
                0x1000c1c4                usbd_control_set_complete_callback
 .text.usbd_control_set_request
                0x1000c1d0       0x1c C:\Users\yukta\AppData\Local\Arduino15\packages\rp2040\hardware\rp2040\2.4.0/lib/libpico.a(usbd_control.c.obj)
                0x1000c1d0                usbd_control_set_request
 .text.usbd_control_xfer_cb
                0x1000c1ec       0xa4 C:\Users\yukta\AppData\Local\Arduino15\packages\rp2040\hardware\rp2040\2.4.0/lib/libpico.a(usbd_control.c.obj)
                0x1000c1ec                usbd_control_xfer_cb
 .text._prep_out_transaction
                0x1000c290       0x42 C:\Users\yukta\AppData\Local\Arduino15\packages\rp2040\hardware\rp2040\2.4.0/lib/libpico.a(cdc_device.c.obj)
 *fill*         0x1000c2d2        0x2 
 .text.tud_cdc_n_connected
                0x1000c2d4       0x30 C:\Users\yukta\AppData\Local\Arduino15\packages\rp2040\hardware\rp2040\2.4.0/lib/libpico.a(cdc_device.c.obj)
                0x1000c2d4                tud_cdc_n_connected
 .text.tud_cdc_n_available
                0x1000c304       0x18 C:\Users\yukta\AppData\Local\Arduino15\packages\rp2040\hardware\rp2040\2.4.0/lib/libpico.a(cdc_device.c.obj)
                0x1000c304                tud_cdc_n_available
 .text.tud_cdc_n_read
                0x1000c31c       0x28 C:\Users\yukta\AppData\Local\Arduino15\packages\rp2040\hardware\rp2040\2.4.0/lib/libpico.a(cdc_device.c.obj)
                0x1000c31c                tud_cdc_n_read
 .text.tud_cdc_n_peek
                0x1000c344       0x18 C:\Users\yukta\AppData\Local\Arduino15\packages\rp2040\hardware\rp2040\2.4.0/lib/libpico.a(cdc_device.c.obj)
                0x1000c344                tud_cdc_n_peek
 .text.tud_cdc_n_write_flush
                0x1000c35c       0x78 C:\Users\yukta\AppData\Local\Arduino15\packages\rp2040\hardware\rp2040\2.4.0/lib/libpico.a(cdc_device.c.obj)
                0x1000c35c                tud_cdc_n_write_flush
 .text.tud_cdc_n_write
                0x1000c3d4       0x34 C:\Users\yukta\AppData\Local\Arduino15\packages\rp2040\hardware\rp2040\2.4.0/lib/libpico.a(cdc_device.c.obj)
                0x1000c3d4                tud_cdc_n_write
 .text.tud_cdc_n_write_available
                0x1000c408       0x18 C:\Users\yukta\AppData\Local\Arduino15\packages\rp2040\hardware\rp2040\2.4.0/lib/libpico.a(cdc_device.c.obj)
                0x1000c408                tud_cdc_n_write_available
 .text.cdcd_init
                0x1000c420       0x7c C:\Users\yukta\AppData\Local\Arduino15\packages\rp2040\hardware\rp2040\2.4.0/lib/libpico.a(cdc_device.c.obj)
                0x1000c420                cdcd_init
 .text.cdcd_reset
                0x1000c49c       0x30 C:\Users\yukta\AppData\Local\Arduino15\packages\rp2040\hardware\rp2040\2.4.0/lib/libpico.a(cdc_device.c.obj)
                0x1000c49c                cdcd_reset
 .text.cdcd_open
                0x1000c4cc       0xa4 C:\Users\yukta\AppData\Local\Arduino15\packages\rp2040\hardware\rp2040\2.4.0/lib/libpico.a(cdc_device.c.obj)
                0x1000c4cc                cdcd_open
 .text.cdcd_control_xfer_cb
                0x1000c570       0xd8 C:\Users\yukta\AppData\Local\Arduino15\packages\rp2040\hardware\rp2040\2.4.0/lib/libpico.a(cdc_device.c.obj)
                0x1000c570                cdcd_control_xfer_cb
 .text.cdcd_xfer_cb
                0x1000c648       0xe4 C:\Users\yukta\AppData\Local\Arduino15\packages\rp2040\hardware\rp2040\2.4.0/lib/libpico.a(cdc_device.c.obj)
                0x1000c648                cdcd_xfer_cb
 .text.hidd_reset
                0x1000c72c       0x14 C:\Users\yukta\AppData\Local\Arduino15\packages\rp2040\hardware\rp2040\2.4.0/lib/libpico.a(hid_device.c.obj)
                0x1000c72c                hidd_reset
 .text.hidd_init
                0x1000c740        0xa C:\Users\yukta\AppData\Local\Arduino15\packages\rp2040\hardware\rp2040\2.4.0/lib/libpico.a(hid_device.c.obj)
                0x1000c740                hidd_init
 *fill*         0x1000c74a        0x2 
 .text.hidd_open
                0x1000c74c       0xb4 C:\Users\yukta\AppData\Local\Arduino15\packages\rp2040\hardware\rp2040\2.4.0/lib/libpico.a(hid_device.c.obj)
                0x1000c74c                hidd_open
 .text.hidd_control_xfer_cb
                0x1000c800      0x1e4 C:\Users\yukta\AppData\Local\Arduino15\packages\rp2040\hardware\rp2040\2.4.0/lib/libpico.a(hid_device.c.obj)
                0x1000c800                hidd_control_xfer_cb
 .text.hidd_xfer_cb
                0x1000c9e4       0x80 C:\Users\yukta\AppData\Local\Arduino15\packages\rp2040\hardware\rp2040\2.4.0/lib/libpico.a(hid_device.c.obj)
                0x1000c9e4                hidd_xfer_cb
 .text.tusb_inited
                0x1000ca64        0x8 C:\Users\yukta\AppData\Local\Arduino15\packages\rp2040\hardware\rp2040\2.4.0/lib/libpico.a(tusb.c.obj)
                0x1000ca64                tusb_inited
 .text.tu_edpt_validate
                0x1000ca6c       0x60 C:\Users\yukta\AppData\Local\Arduino15\packages\rp2040\hardware\rp2040\2.4.0/lib/libpico.a(tusb.c.obj)
                0x1000ca6c                tu_edpt_validate
 .text.tu_edpt_bind_driver
                0x1000cacc       0x2a C:\Users\yukta\AppData\Local\Arduino15\packages\rp2040\hardware\rp2040\2.4.0/lib/libpico.a(tusb.c.obj)
                0x1000cacc                tu_edpt_bind_driver
 .text.advance_pointer
                0x1000caf6       0x18 C:\Users\yukta\AppData\Local\Arduino15\packages\rp2040\hardware\rp2040\2.4.0/lib/libpico.a(tusb_fifo.c.obj)
 .text._tu_fifo_correct_read_pointer
                0x1000cb0e       0x1e C:\Users\yukta\AppData\Local\Arduino15\packages\rp2040\hardware\rp2040\2.4.0/lib/libpico.a(tusb_fifo.c.obj)
 .text._ff_unlock
                0x1000cb2c        0xc C:\Users\yukta\AppData\Local\Arduino15\packages\rp2040\hardware\rp2040\2.4.0/lib/libpico.a(tusb_fifo.c.obj)
 .text._ff_pull_const_addr
                0x1000cb38       0x58 C:\Users\yukta\AppData\Local\Arduino15\packages\rp2040\hardware\rp2040\2.4.0/lib/libpico.a(tusb_fifo.c.obj)
 .text._tu_fifo_peek_n
                0x1000cb90      0x12a C:\Users\yukta\AppData\Local\Arduino15\packages\rp2040\hardware\rp2040\2.4.0/lib/libpico.a(tusb_fifo.c.obj)
 *fill*         0x1000ccba        0x2 
 .text._ff_push_const_addr
                0x1000ccbc       0x48 C:\Users\yukta\AppData\Local\Arduino15\packages\rp2040\hardware\rp2040\2.4.0/lib/libpico.a(tusb_fifo.c.obj)
 .text._tu_fifo_peek
                0x1000cd04       0x48 C:\Users\yukta\AppData\Local\Arduino15\packages\rp2040\hardware\rp2040\2.4.0/lib/libpico.a(tusb_fifo.c.obj)
 .text._ff_lock
                0x1000cd4c       0x10 C:\Users\yukta\AppData\Local\Arduino15\packages\rp2040\hardware\rp2040\2.4.0/lib/libpico.a(tusb_fifo.c.obj)
 .text._tu_fifo_read_n
                0x1000cd5c       0x3e C:\Users\yukta\AppData\Local\Arduino15\packages\rp2040\hardware\rp2040\2.4.0/lib/libpico.a(tusb_fifo.c.obj)
 .text._tu_fifo_write_n.part.0
                0x1000cd9a      0x14a C:\Users\yukta\AppData\Local\Arduino15\packages\rp2040\hardware\rp2040\2.4.0/lib/libpico.a(tusb_fifo.c.obj)
 .text.tu_fifo_config
                0x1000cee4       0x52 C:\Users\yukta\AppData\Local\Arduino15\packages\rp2040\hardware\rp2040\2.4.0/lib/libpico.a(tusb_fifo.c.obj)
                0x1000cee4                tu_fifo_config
 .text.tu_fifo_count
                0x1000cf36       0x20 C:\Users\yukta\AppData\Local\Arduino15\packages\rp2040\hardware\rp2040\2.4.0/lib/libpico.a(tusb_fifo.c.obj)
                0x1000cf36                tu_fifo_count
 .text.tu_fifo_empty
                0x1000cf56       0x10 C:\Users\yukta\AppData\Local\Arduino15\packages\rp2040\hardware\rp2040\2.4.0/lib/libpico.a(tusb_fifo.c.obj)
                0x1000cf56                tu_fifo_empty
 .text.tu_fifo_remaining
                0x1000cf66       0x1c C:\Users\yukta\AppData\Local\Arduino15\packages\rp2040\hardware\rp2040\2.4.0/lib/libpico.a(tusb_fifo.c.obj)
                0x1000cf66                tu_fifo_remaining
 .text.tu_fifo_read
                0x1000cf82       0x36 C:\Users\yukta\AppData\Local\Arduino15\packages\rp2040\hardware\rp2040\2.4.0/lib/libpico.a(tusb_fifo.c.obj)
                0x1000cf82                tu_fifo_read
 .text.tu_fifo_read_n
                0x1000cfb8        0xa C:\Users\yukta\AppData\Local\Arduino15\packages\rp2040\hardware\rp2040\2.4.0/lib/libpico.a(tusb_fifo.c.obj)
                0x1000cfb8                tu_fifo_read_n
 .text.tu_fifo_peek
                0x1000cfc2       0x28 C:\Users\yukta\AppData\Local\Arduino15\packages\rp2040\hardware\rp2040\2.4.0/lib/libpico.a(tusb_fifo.c.obj)
                0x1000cfc2                tu_fifo_peek
 .text.tu_fifo_write_n
                0x1000cfea       0x12 C:\Users\yukta\AppData\Local\Arduino15\packages\rp2040\hardware\rp2040\2.4.0/lib/libpico.a(tusb_fifo.c.obj)
                0x1000cfea                tu_fifo_write_n
 .text.tu_fifo_clear
                0x1000cffc       0x34 C:\Users\yukta\AppData\Local\Arduino15\packages\rp2040\hardware\rp2040\2.4.0/lib/libpico.a(tusb_fifo.c.obj)
                0x1000cffc                tu_fifo_clear
 .text.tu_fifo_set_overwritable
                0x1000d030       0x24 C:\Users\yukta\AppData\Local\Arduino15\packages\rp2040\hardware\rp2040\2.4.0/lib/libpico.a(tusb_fifo.c.obj)
                0x1000d030                tu_fifo_set_overwritable
 .text.flash_get_unique_id
                0x1000d054       0x42 C:\Users\yukta\AppData\Local\Arduino15\packages\rp2040\hardware\rp2040\2.4.0/lib/libpico.a(flash.c.obj)
                0x1000d054                flash_get_unique_id
 *fill*         0x1000d096        0x2 
 .text.hw_endpoint_init
                0x1000d098       0xc8 C:\Users\yukta\AppData\Local\Arduino15\packages\rp2040\hardware\rp2040\2.4.0/lib/libpico.a(dcd_rp2040.c.obj)
 .text.reset_non_control_endpoints
                0x1000d160       0x3c C:\Users\yukta\AppData\Local\Arduino15\packages\rp2040\hardware\rp2040\2.4.0/lib/libpico.a(dcd_rp2040.c.obj)
 .text.dcd_set_address
                0x1000d19c       0x14 C:\Users\yukta\AppData\Local\Arduino15\packages\rp2040\hardware\rp2040\2.4.0/lib/libpico.a(dcd_rp2040.c.obj)
                0x1000d19c                dcd_set_address
 .text.dcd_edpt0_status_complete
                0x1000d1b0       0x18 C:\Users\yukta\AppData\Local\Arduino15\packages\rp2040\hardware\rp2040\2.4.0/lib/libpico.a(dcd_rp2040.c.obj)
                0x1000d1b0                dcd_edpt0_status_complete
 .text.dcd_edpt_open
                0x1000d1c8       0x20 C:\Users\yukta\AppData\Local\Arduino15\packages\rp2040\hardware\rp2040\2.4.0/lib/libpico.a(dcd_rp2040.c.obj)
                0x1000d1c8                dcd_edpt_open
 .text.dcd_edpt_close_all
                0x1000d1e8        0x8 C:\Users\yukta\AppData\Local\Arduino15\packages\rp2040\hardware\rp2040\2.4.0/lib/libpico.a(dcd_rp2040.c.obj)
                0x1000d1e8                dcd_edpt_close_all
 .text.dcd_edpt_xfer
                0x1000d1f0       0x24 C:\Users\yukta\AppData\Local\Arduino15\packages\rp2040\hardware\rp2040\2.4.0/lib/libpico.a(dcd_rp2040.c.obj)
                0x1000d1f0                dcd_edpt_xfer
 .text.dcd_edpt_stall
                0x1000d214       0x34 C:\Users\yukta\AppData\Local\Arduino15\packages\rp2040\hardware\rp2040\2.4.0/lib/libpico.a(dcd_rp2040.c.obj)
                0x1000d214                dcd_edpt_stall
 .text.dcd_edpt_clear_stall
                0x1000d248       0x2c C:\Users\yukta\AppData\Local\Arduino15\packages\rp2040\hardware\rp2040\2.4.0/lib/libpico.a(dcd_rp2040.c.obj)
                0x1000d248                dcd_edpt_clear_stall
 .text.prepare_ep_buffer
                0x1000d274       0x66 C:\Users\yukta\AppData\Local\Arduino15\packages\rp2040\hardware\rp2040\2.4.0/lib/libpico.a(rp2040_usb.c.obj)
 *fill*         0x1000d2da        0x2 
 .text._hw_endpoint_buffer_control_update32
                0x1000d2dc       0x58 C:\Users\yukta\AppData\Local\Arduino15\packages\rp2040\hardware\rp2040\2.4.0/lib/libpico.a(rp2040_usb.c.obj)
                0x1000d2dc                _hw_endpoint_buffer_control_update32
 .text._hw_endpoint_start_next_buffer
                0x1000d334       0x6c C:\Users\yukta\AppData\Local\Arduino15\packages\rp2040\hardware\rp2040\2.4.0/lib/libpico.a(rp2040_usb.c.obj)
 .text.hw_endpoint_xfer_start
                0x1000d3a0       0x14 C:\Users\yukta\AppData\Local\Arduino15\packages\rp2040\hardware\rp2040\2.4.0/lib/libpico.a(rp2040_usb.c.obj)
                0x1000d3a0                hw_endpoint_xfer_start
 *(.fini)
 .fini          0x1000d3b4        0x4 c:/users/yukta/appdata/local/arduino15/packages/rp2040/tools/pqt-gcc/1.4.0-c-0196c06/bin/../lib/gcc/arm-none-eabi/10.3.0/thumb/crti.o
                0x1000d3b4                _fini
 .fini.__stub   0x1000d3b8       0xe0 linker stubs
 *crtbegin.o(.ctors)
 *crtbegin?.o(.ctors)
 *(EXCLUDE_FILE(*crtend.o *crtend?.o) .ctors)
 *(SORT_BY_NAME(.ctors.*))
 *(.ctors)
 *crtbegin.o(.dtors)
 *crtbegin?.o(.dtors)
 *(EXCLUDE_FILE(*crtend.o *crtend?.o) .dtors)
 *(SORT_BY_NAME(.dtors.*))
 *(.dtors)
 *(.eh_frame*)
 .eh_frame      0x1000d498        0x0 c:/users/yukta/appdata/local/arduino15/packages/rp2040/tools/pqt-gcc/1.4.0-c-0196c06/bin/../lib/gcc/arm-none-eabi/10.3.0/thumb/crtbegin.o
                0x1000d498                . = ALIGN (0x4)

.glue_7         0x1000d498        0x0
 .glue_7        0x1000d498        0x0 linker stubs

.glue_7t        0x1000d498        0x0
 .glue_7t       0x1000d498        0x0 linker stubs

.vfp11_veneer   0x1000d498        0x0
 .vfp11_veneer  0x1000d498        0x0 linker stubs

.v4_bx          0x1000d498        0x0
 .v4_bx         0x1000d498        0x0 linker stubs

.iplt           0x1000d498        0x0
 .iplt          0x1000d498        0x0 c:/users/yukta/appdata/local/arduino15/packages/rp2040/tools/pqt-gcc/1.4.0-c-0196c06/bin/../lib/gcc/arm-none-eabi/10.3.0/thumb/crtbegin.o

.rodata         0x1000d498      0x554
 *(EXCLUDE_FILE(*libm.a: *libc.a:*lib_a-mem*.o *libgcc.a:) .rodata* .big_const*)
 .rodata.hardware_alarm_claim.str1.1
                0x1000d498       0x22 C:\Users\yukta\AppData\Local\Arduino15\packages\rp2040\hardware\rp2040\2.4.0/lib/libpico.a(timer.c.obj)
 .rodata.__assert_func.str1.1
                0x1000d4ba       0x3c C:\Users\yukta\AppData\Local\Arduino15\packages\rp2040\hardware\rp2040\2.4.0/lib/libpico.a(runtime.c.obj)
                                 0x3d (size before relaxing)
 .rodata.panic.str1.1
                0x1000d4f6       0x10 C:\Users\yukta\AppData\Local\Arduino15\packages\rp2040\hardware\rp2040\2.4.0/lib/libpico.a(runtime.c.obj)
                                 0x12 (size before relaxing)
 .rodata.hard_assertion_failure.str1.1
                0x1000d506        0xc C:\Users\yukta\AppData\Local\Arduino15\packages\rp2040\hardware\rp2040\2.4.0/lib/libpico.a(runtime.c.obj)
 .rodata.str1.1
                0x1000d512       0x12 c:/users/yukta/appdata/local/arduino15/packages/rp2040/tools/pqt-gcc/1.4.0-c-0196c06/bin/../lib/gcc/arm-none-eabi/10.3.0/../../../../arm-none-eabi/lib/thumb\libc.a(lib_a-nano-vfprintf_float.o)
 .rodata.str1.1
                0x1000d524       0x22 c:/users/yukta/appdata/local/arduino15/packages/rp2040/tools/pqt-gcc/1.4.0-c-0196c06/bin/../lib/gcc/arm-none-eabi/10.3.0/../../../../arm-none-eabi/lib/thumb\libc.a(lib_a-nano-vfprintf_i.o)
 .rodata.str1.1
                0x1000d546        0x5 c:/users/yukta/appdata/local/arduino15/packages/rp2040/tools/pqt-gcc/1.4.0-c-0196c06/bin/../lib/gcc/arm-none-eabi/10.3.0/../../../../arm-none-eabi/lib/thumb\libc.a(lib_a-nano-vfscanf_float.o)
                                  0x6 (size before relaxing)
 .rodata.str1.1
                0x1000d54b        0x2 c:/users/yukta/appdata/local/arduino15/packages/rp2040/tools/pqt-gcc/1.4.0-c-0196c06/bin/../lib/gcc/arm-none-eabi/10.3.0/../../../../arm-none-eabi/lib/thumb\libc.a(lib_a-puts.o)
 .rodata.str1.1
                0x1000d54b        0x5 c:/users/yukta/appdata/local/arduino15/packages/rp2040/tools/pqt-gcc/1.4.0-c-0196c06/bin/../lib/gcc/arm-none-eabi/10.3.0/../../../../arm-none-eabi/lib/thumb\libc.a(lib_a-strtod.o)
                                  0xd (size before relaxing)
 *fill*         0x1000d54b        0x5 
 .rodata        0x1000d550       0x50 c:/users/yukta/appdata/local/arduino15/packages/rp2040/tools/pqt-gcc/1.4.0-c-0196c06/bin/../lib/gcc/arm-none-eabi/10.3.0/../../../../arm-none-eabi/lib/thumb\libc.a(lib_a-strtod.o)
 .rodata        0x1000d5a0      0x101 c:/users/yukta/appdata/local/arduino15/packages/rp2040/tools/pqt-gcc/1.4.0-c-0196c06/bin/../lib/gcc/arm-none-eabi/10.3.0/../../../../arm-none-eabi/lib/thumb\libc.a(lib_a-ctype_.o)
                0x1000d5a0                _ctype_
 .rodata.str1.1
                0x1000d6a1       0x64 c:/users/yukta/appdata/local/arduino15/packages/rp2040/tools/pqt-gcc/1.4.0-c-0196c06/bin/../lib/gcc/arm-none-eabi/10.3.0/../../../../arm-none-eabi/lib/thumb\libc.a(lib_a-dtoa.o)
                                 0x66 (size before relaxing)
 *fill*         0x1000d705        0x3 
 .rodata        0x1000d708       0x60 c:/users/yukta/appdata/local/arduino15/packages/rp2040/tools/pqt-gcc/1.4.0-c-0196c06/bin/../lib/gcc/arm-none-eabi/10.3.0/../../../../arm-none-eabi/lib/thumb\libc.a(lib_a-findfp.o)
                0x1000d708                __sf_fake_stderr
                0x1000d728                __sf_fake_stdout
                0x1000d748                __sf_fake_stdin
 .rodata.str1.1
                0x1000d768       0x37 c:/users/yukta/appdata/local/arduino15/packages/rp2040/tools/pqt-gcc/1.4.0-c-0196c06/bin/../lib/gcc/arm-none-eabi/10.3.0/../../../../arm-none-eabi/lib/thumb\libc.a(lib_a-gdtoa-gethex.o)
                                 0x48 (size before relaxing)
 *fill*         0x1000d79f        0x1 
 .rodata        0x1000d7a0        0x4 c:/users/yukta/appdata/local/arduino15/packages/rp2040/tools/pqt-gcc/1.4.0-c-0196c06/bin/../lib/gcc/arm-none-eabi/10.3.0/../../../../arm-none-eabi/lib/thumb\libc.a(lib_a-impure.o)
                0x1000d7a0                _global_impure_ptr
 .rodata.str1.1
                0x1000d7a4        0x2 c:/users/yukta/appdata/local/arduino15/packages/rp2040/tools/pqt-gcc/1.4.0-c-0196c06/bin/../lib/gcc/arm-none-eabi/10.3.0/../../../../arm-none-eabi/lib/thumb\libc.a(lib_a-lnumeric.o)
                                  0x3 (size before relaxing)
 *fill*         0x1000d7a6        0x2 
 .rodata        0x1000d7a8        0xc c:/users/yukta/appdata/local/arduino15/packages/rp2040/tools/pqt-gcc/1.4.0-c-0196c06/bin/../lib/gcc/arm-none-eabi/10.3.0/../../../../arm-none-eabi/lib/thumb\libc.a(lib_a-lnumeric.o)
                0x1000d7a8                _C_numeric_locale
 .rodata.str1.1
                0x1000d7b4        0x6 c:/users/yukta/appdata/local/arduino15/packages/rp2040/tools/pqt-gcc/1.4.0-c-0196c06/bin/../lib/gcc/arm-none-eabi/10.3.0/../../../../arm-none-eabi/lib/thumb\libc.a(lib_a-locale.o)
                                  0xb (size before relaxing)
 .rodata.str1.1
                0x1000d7ba       0x30 c:/users/yukta/appdata/local/arduino15/packages/rp2040/tools/pqt-gcc/1.4.0-c-0196c06/bin/../lib/gcc/arm-none-eabi/10.3.0/../../../../arm-none-eabi/lib/thumb\libc.a(lib_a-mprec.o)
                                 0x58 (size before relaxing)
 *fill*         0x1000d7ea        0x6 
 .rodata        0x1000d7f0      0x128 c:/users/yukta/appdata/local/arduino15/packages/rp2040/tools/pqt-gcc/1.4.0-c-0196c06/bin/../lib/gcc/arm-none-eabi/10.3.0/../../../../arm-none-eabi/lib/thumb\libc.a(lib_a-mprec.o)
                0x1000d800                __mprec_tinytens
                0x1000d828                __mprec_bigtens
                0x1000d850                __mprec_tens
 .rodata.str1.1
                0x1000d918       0x11 c:/users/yukta/appdata/local/arduino15/packages/rp2040/tools/pqt-gcc/1.4.0-c-0196c06/bin/../lib/gcc/arm-none-eabi/10.3.0/../../../../arm-none-eabi/lib/thumb\libc.a(lib_a-nano-svfprintf.o)
 .rodata.str1.1
                0x1000d929       0x11 c:/users/yukta/appdata/local/arduino15/packages/rp2040/tools/pqt-gcc/1.4.0-c-0196c06/bin/../lib/gcc/arm-none-eabi/10.3.0/../../../../arm-none-eabi/lib/thumb\libc.a(lib_a-nano-vfprintf.o)
 .rodata.str1.1
                0x1000d929       0x23 C:\Users\yukta\AppData\Local\Temp\arduino-sketch-CF34B81181448CFDA01E35D8C672E5F0/..\arduino-core-cache\core_58a14c0cca738d40f9904778e75cae82.a(RP2040USB.cpp.o)
                                 0x24 (size before relaxing)
 .rodata._ZZ24tud_descriptor_string_cbE13usbd_desc_str
                0x1000d94c       0x14 C:\Users\yukta\AppData\Local\Temp\arduino-sketch-CF34B81181448CFDA01E35D8C672E5F0/..\arduino-core-cache\core_58a14c0cca738d40f9904778e75cae82.a(RP2040USB.cpp.o)
 .rodata._ZTV9SerialUSB
                0x1000d960       0x34 C:\Users\yukta\AppData\Local\Temp\arduino-sketch-CF34B81181448CFDA01E35D8C672E5F0/..\arduino-core-cache\core_58a14c0cca738d40f9904778e75cae82.a(SerialUSB.cpp.o)
                0x1000d960                _ZTV9SerialUSB
 .rodata._usbd_driver
                0x1000d994       0x30 C:\Users\yukta\AppData\Local\Arduino15\packages\rp2040\hardware\rp2040\2.4.0/lib/libpico.a(usbd.c.obj)
 .rodata._hw_endpoint_buffer_control_update32.str1.1
                0x1000d9c4       0x1f C:\Users\yukta\AppData\Local\Arduino15\packages\rp2040\hardware\rp2040\2.4.0/lib/libpico.a(rp2040_usb.c.obj)
 .rodata.str1.1
                0x1000d9e3        0x7 C:\Users\yukta\AppData\Local\Arduino15\packages\rp2040\hardware\rp2040\2.4.0/lib/libpico.a(rp2040_usb.c.obj)
                0x1000d9ec                . = ALIGN (0x4)
 *fill*         0x1000d9ea        0x2 
 *(SORT_BY_ALIGNMENT(SORT_BY_NAME(.flashdata*)))
                0x1000d9ec                . = ALIGN (0x4)

.rel.dyn        0x1000d9ec        0x0
 .rel.iplt      0x1000d9ec        0x0 c:/users/yukta/appdata/local/arduino15/packages/rp2040/tools/pqt-gcc/1.4.0-c-0196c06/bin/../lib/gcc/arm-none-eabi/10.3.0/thumb/crtbegin.o

.ARM.extab
 *(.ARM.extab* .gnu.linkonce.armextab.*)
                0x1000d9ec                __exidx_start = .

.ARM.exidx
 *(.ARM.exidx* .gnu.linkonce.armexidx.*)
                0x1000d9ec                __exidx_end = .
                0x1000d9ec                . = ALIGN (0x4)
                0x1000d9ec                __binary_info_start = .

.binary_info
 *(.binary_info.keep.*)
 *(.binary_info.*)
                0x1000d9ec                __binary_info_end = .
                0x1000d9ec                . = ALIGN (0x4)
                0x1000d9ec                __etext = .

.ram_vector_table
                0x20000000       0xc0
 *(.ram_vector_table)
 .ram_vector_table
                0x20000000       0xc0 C:\Users\yukta\AppData\Local\Arduino15\packages\rp2040\hardware\rp2040\2.4.0/lib/libpico.a(runtime.c.obj)
                0x20000000                ram_vector_table

.data           0x200000c0      0xb2c load address 0x1000d9ec
                0x200000c0                __data_start__ = .
 *(vtable)
 *(.time_critical*)
 .time_critical.mutex_enter_blocking
                0x200000c0       0x42 C:\Users\yukta\AppData\Local\Arduino15\packages\rp2040\hardware\rp2040\2.4.0/lib/libpico.a(mutex.c.obj)
                0x200000c0                mutex_enter_blocking
 .time_critical.recursive_mutex_enter_blocking
                0x20000102       0x50 C:\Users\yukta\AppData\Local\Arduino15\packages\rp2040\hardware\rp2040\2.4.0/lib/libpico.a(mutex.c.obj)
                0x20000102                recursive_mutex_enter_blocking
 .time_critical.mutex_try_enter
                0x20000152       0x42 C:\Users\yukta\AppData\Local\Arduino15\packages\rp2040\hardware\rp2040\2.4.0/lib/libpico.a(mutex.c.obj)
                0x20000152                mutex_try_enter
 .time_critical.mutex_enter_block_until
                0x20000194       0x58 C:\Users\yukta\AppData\Local\Arduino15\packages\rp2040\hardware\rp2040\2.4.0/lib/libpico.a(mutex.c.obj)
                0x20000194                mutex_enter_block_until
 .time_critical.mutex_enter_timeout_ms
                0x200001ec       0x3c C:\Users\yukta\AppData\Local\Arduino15\packages\rp2040\hardware\rp2040\2.4.0/lib/libpico.a(mutex.c.obj)
                0x200001ec                mutex_enter_timeout_ms
 .time_critical.mutex_exit
                0x20000228       0x28 C:\Users\yukta\AppData\Local\Arduino15\packages\rp2040\hardware\rp2040\2.4.0/lib/libpico.a(mutex.c.obj)
                0x20000228                mutex_exit
 .time_critical.recursive_mutex_exit
                0x20000250       0x42 C:\Users\yukta\AppData\Local\Arduino15\packages\rp2040\hardware\rp2040\2.4.0/lib/libpico.a(mutex.c.obj)
                0x20000250                recursive_mutex_exit
 *fill*         0x20000292        0x2 
 .time_critical.flash_init_boot2_copyout
                0x20000294       0x30 C:\Users\yukta\AppData\Local\Arduino15\packages\rp2040\hardware\rp2040\2.4.0/lib/libpico.a(flash.c.obj)
 .time_critical.flash_enable_xip_via_boot2
                0x200002c4       0x10 C:\Users\yukta\AppData\Local\Arduino15\packages\rp2040\hardware\rp2040\2.4.0/lib/libpico.a(flash.c.obj)
 .time_critical.flash_cs_force
                0x200002d4       0x24 C:\Users\yukta\AppData\Local\Arduino15\packages\rp2040\hardware\rp2040\2.4.0/lib/libpico.a(flash.c.obj)
 .time_critical.flash_do_cmd
                0x200002f8       0xa4 C:\Users\yukta\AppData\Local\Arduino15\packages\rp2040\hardware\rp2040\2.4.0/lib/libpico.a(flash.c.obj)
                0x200002f8                flash_do_cmd
 *(.text*)
 .text          0x2000039c       0x16 c:/users/yukta/appdata/local/arduino15/packages/rp2040/tools/pqt-gcc/1.4.0-c-0196c06/bin/../lib/gcc/arm-none-eabi/10.3.0/../../../../arm-none-eabi/lib/thumb\libc.a(lib_a-memchr-stub.o)
                0x2000039c                memchr
 .text          0x200003b2       0x26 c:/users/yukta/appdata/local/arduino15/packages/rp2040/tools/pqt-gcc/1.4.0-c-0196c06/bin/../lib/gcc/arm-none-eabi/10.3.0/../../../../arm-none-eabi/lib/thumb\libc.a(lib_a-memmove.o)
                0x200003b2                memmove
 .text          0x200003d8       0x14 c:/users/yukta/appdata/local/arduino15/packages/rp2040/tools/pqt-gcc/1.4.0-c-0196c06/bin/../lib/gcc/arm-none-eabi/10.3.0/thumb\libgcc.a(_thumb1_case_uqi.o)
                0x200003d8                __gnu_thumb1_case_uqi
 .text          0x200003ec       0x14 c:/users/yukta/appdata/local/arduino15/packages/rp2040/tools/pqt-gcc/1.4.0-c-0196c06/bin/../lib/gcc/arm-none-eabi/10.3.0/thumb\libgcc.a(_thumb1_case_shi.o)
                0x200003ec                __gnu_thumb1_case_shi
 .text          0x20000400       0x14 c:/users/yukta/appdata/local/arduino15/packages/rp2040/tools/pqt-gcc/1.4.0-c-0196c06/bin/../lib/gcc/arm-none-eabi/10.3.0/thumb\libgcc.a(_thumb1_case_uhi.o)
                0x20000400                __gnu_thumb1_case_uhi
 .text          0x20000414        0x4 c:/users/yukta/appdata/local/arduino15/packages/rp2040/tools/pqt-gcc/1.4.0-c-0196c06/bin/../lib/gcc/arm-none-eabi/10.3.0/thumb\libgcc.a(_dvmd_tls.o)
                0x20000414                __aeabi_idiv0
                0x20000414                __aeabi_ldiv0
 .text.__stub   0x20000418       0x30 linker stubs
                0x20000448                . = ALIGN (0x4)
 *(.rodata*)
                0x20000448                . = ALIGN (0x4)
 *(.data*)
 .data.x        0x20000448        0x1 C:\Users\yukta\AppData\Local\Temp\arduino-sketch-CF34B81181448CFDA01E35D8C672E5F0\sketch\uart_pico.ino.cpp.o
                0x20000448                x
 *fill*         0x20000449        0x3 
 .data.default_alarm_pool
                0x2000044c       0x18 C:\Users\yukta\AppData\Local\Arduino15\packages\rp2040\hardware\rp2040\2.4.0/lib/libpico.a(time.c.obj)
 .data.default_alarm_pool_heap
                0x20000464       0x10 C:\Users\yukta\AppData\Local\Arduino15\packages\rp2040\hardware\rp2040\2.4.0/lib/libpico.a(time.c.obj)
 .data.aeabi_mem_funcs
                0x20000474       0x10 C:\Users\yukta\AppData\Local\Arduino15\packages\rp2040\hardware\rp2040\2.4.0/lib/libpico.a(mem_ops_aeabi.S.obj)
                0x20000474                aeabi_mem_funcs
                0x20000484                aeabi_mem_funcs_end
 .data.striped_spin_lock_num
                0x20000484        0x1 C:\Users\yukta\AppData\Local\Arduino15\packages\rp2040\hardware\rp2040\2.4.0/lib/libpico.a(sync.c.obj)
 *fill*         0x20000485        0x3 
 .data          0x20000488       0x48 C:\Users\yukta\AppData\Local\Arduino15\packages\rp2040\hardware\rp2040\2.4.0/lib/libpico.a(irq_handler_chain.S.obj)